Archive member included to satisfy reference by file (symbol)

c:/program files (x86)/atmel/studio/7.0/toolchain/arm/arm-gnu-toolchain/bin/../lib/gcc/arm-none-eabi/6.3.1/../../../../arm-none-eabi/lib/thumb/v7e-m\libc.a(lib_a-exit.o)
                              c:/program files (x86)/atmel/studio/7.0/toolchain/arm/arm-gnu-toolchain/bin/../lib/gcc/arm-none-eabi/6.3.1/../../../../arm-none-eabi/lib/thumb/v7e-m/crt0.o (exit)
c:/program files (x86)/atmel/studio/7.0/toolchain/arm/arm-gnu-toolchain/bin/../lib/gcc/arm-none-eabi/6.3.1/../../../../arm-none-eabi/lib/thumb/v7e-m\libc.a(lib_a-impure.o)
                              c:/program files (x86)/atmel/studio/7.0/toolchain/arm/arm-gnu-toolchain/bin/../lib/gcc/arm-none-eabi/6.3.1/../../../../arm-none-eabi/lib/thumb/v7e-m\libc.a(lib_a-exit.o) (_global_impure_ptr)
c:/program files (x86)/atmel/studio/7.0/toolchain/arm/arm-gnu-toolchain/bin/../lib/gcc/arm-none-eabi/6.3.1/../../../../arm-none-eabi/lib/thumb/v7e-m\libc.a(lib_a-init.o)
                              c:/program files (x86)/atmel/studio/7.0/toolchain/arm/arm-gnu-toolchain/bin/../lib/gcc/arm-none-eabi/6.3.1/../../../../arm-none-eabi/lib/thumb/v7e-m/crt0.o (__libc_init_array)
c:/program files (x86)/atmel/studio/7.0/toolchain/arm/arm-gnu-toolchain/bin/../lib/gcc/arm-none-eabi/6.3.1/../../../../arm-none-eabi/lib/thumb/v7e-m\libc.a(lib_a-memset.o)
                              c:/program files (x86)/atmel/studio/7.0/toolchain/arm/arm-gnu-toolchain/bin/../lib/gcc/arm-none-eabi/6.3.1/../../../../arm-none-eabi/lib/thumb/v7e-m/crt0.o (memset)
c:/program files (x86)/atmel/studio/7.0/toolchain/arm/arm-gnu-toolchain/bin/../lib/gcc/arm-none-eabi/6.3.1/../../../../arm-none-eabi/lib/thumb/v7e-m\libc.a(lib_a-sprintf.o)
                              src/main.o (sprintf)
c:/program files (x86)/atmel/studio/7.0/toolchain/arm/arm-gnu-toolchain/bin/../lib/gcc/arm-none-eabi/6.3.1/../../../../arm-none-eabi/lib/thumb/v7e-m\libc.a(lib_a-svfprintf.o)
                              c:/program files (x86)/atmel/studio/7.0/toolchain/arm/arm-gnu-toolchain/bin/../lib/gcc/arm-none-eabi/6.3.1/../../../../arm-none-eabi/lib/thumb/v7e-m\libc.a(lib_a-sprintf.o) (_svfprintf_r)
c:/program files (x86)/atmel/studio/7.0/toolchain/arm/arm-gnu-toolchain/bin/../lib/gcc/arm-none-eabi/6.3.1/../../../../arm-none-eabi/lib/thumb/v7e-m\libc.a(lib_a-__call_atexit.o)
                              c:/program files (x86)/atmel/studio/7.0/toolchain/arm/arm-gnu-toolchain/bin/../lib/gcc/arm-none-eabi/6.3.1/../../../../arm-none-eabi/lib/thumb/v7e-m\libc.a(lib_a-exit.o) (__call_exitprocs)
c:/program files (x86)/atmel/studio/7.0/toolchain/arm/arm-gnu-toolchain/bin/../lib/gcc/arm-none-eabi/6.3.1/../../../../arm-none-eabi/lib/thumb/v7e-m\libc.a(lib_a-atexit.o)
                              c:/program files (x86)/atmel/studio/7.0/toolchain/arm/arm-gnu-toolchain/bin/../lib/gcc/arm-none-eabi/6.3.1/../../../../arm-none-eabi/lib/thumb/v7e-m\libc.a(lib_a-__call_atexit.o) (atexit)
c:/program files (x86)/atmel/studio/7.0/toolchain/arm/arm-gnu-toolchain/bin/../lib/gcc/arm-none-eabi/6.3.1/../../../../arm-none-eabi/lib/thumb/v7e-m\libc.a(lib_a-dtoa.o)
                              c:/program files (x86)/atmel/studio/7.0/toolchain/arm/arm-gnu-toolchain/bin/../lib/gcc/arm-none-eabi/6.3.1/../../../../arm-none-eabi/lib/thumb/v7e-m\libc.a(lib_a-svfprintf.o) (_dtoa_r)
c:/program files (x86)/atmel/studio/7.0/toolchain/arm/arm-gnu-toolchain/bin/../lib/gcc/arm-none-eabi/6.3.1/../../../../arm-none-eabi/lib/thumb/v7e-m\libc.a(lib_a-fini.o)
                              c:/program files (x86)/atmel/studio/7.0/toolchain/arm/arm-gnu-toolchain/bin/../lib/gcc/arm-none-eabi/6.3.1/../../../../arm-none-eabi/lib/thumb/v7e-m\libc.a(lib_a-__call_atexit.o) (__libc_fini_array)
c:/program files (x86)/atmel/studio/7.0/toolchain/arm/arm-gnu-toolchain/bin/../lib/gcc/arm-none-eabi/6.3.1/../../../../arm-none-eabi/lib/thumb/v7e-m\libc.a(lib_a-localeconv.o)
                              c:/program files (x86)/atmel/studio/7.0/toolchain/arm/arm-gnu-toolchain/bin/../lib/gcc/arm-none-eabi/6.3.1/../../../../arm-none-eabi/lib/thumb/v7e-m\libc.a(lib_a-svfprintf.o) (_localeconv_r)
c:/program files (x86)/atmel/studio/7.0/toolchain/arm/arm-gnu-toolchain/bin/../lib/gcc/arm-none-eabi/6.3.1/../../../../arm-none-eabi/lib/thumb/v7e-m\libc.a(lib_a-lock.o)
                              c:/program files (x86)/atmel/studio/7.0/toolchain/arm/arm-gnu-toolchain/bin/../lib/gcc/arm-none-eabi/6.3.1/../../../../arm-none-eabi/lib/thumb/v7e-m\libc.a(lib_a-__call_atexit.o) (__retarget_lock_acquire_recursive)
c:/program files (x86)/atmel/studio/7.0/toolchain/arm/arm-gnu-toolchain/bin/../lib/gcc/arm-none-eabi/6.3.1/../../../../arm-none-eabi/lib/thumb/v7e-m\libc.a(lib_a-mallocr.o)
                              c:/program files (x86)/atmel/studio/7.0/toolchain/arm/arm-gnu-toolchain/bin/../lib/gcc/arm-none-eabi/6.3.1/../../../../arm-none-eabi/lib/thumb/v7e-m\libc.a(lib_a-svfprintf.o) (_malloc_r)
[...]
Memory Configuration

Name             Origin             Length             Attributes
rom              0x00400000         0x00200000         xr
ram              0x20400000         0x00060000         xrw
*default*        0x00000000         0xffffffff

Linker script and memory map

LOAD c:/program files (x86)/atmel/studio/7.0/toolchain/arm/arm-gnu-toolchain/bin/../lib/gcc/arm-none-eabi/6.3.1/thumb/v7e-m/crti.o
LOAD c:/program files (x86)/atmel/studio/7.0/toolchain/arm/arm-gnu-toolchain/bin/../lib/gcc/arm-none-eabi/6.3.1/thumb/v7e-m/crtbegin.o
LOAD c:/program files (x86)/atmel/studio/7.0/toolchain/arm/arm-gnu-toolchain/bin/../lib/gcc/arm-none-eabi/6.3.1/../../../../arm-none-eabi/lib/thumb/v7e-m/crt0.o
LOAD src/ASF/sam/drivers/rtc/rtc.o
LOAD src/ASF/sam/drivers/rtt/rtt.o
LOAD src/main.o
LOAD src/ASF/common/services/delay/sam/cycle_counter.o
LOAD src/ASF/common/services/spi/sam_spi/spi_master.o
LOAD src/ASF/sam/components/display/ili9488/ili9488.o
LOAD src/ASF/sam/drivers/spi/spi.o
LOAD src/ASF/common/services/clock/same70/sysclk.o
LOAD src/ASF/common/utils/interrupt/interrupt_sam_nvic.o
LOAD src/ASF/sam/boards/same70_xplained/init.o
LOAD src/ASF/sam/drivers/mpu/mpu.o
LOAD src/ASF/sam/drivers/pio/pio.o
LOAD src/ASF/sam/drivers/pio/pio_handler.o
LOAD src/ASF/sam/drivers/pmc/pmc.o
LOAD src/ASF/sam/drivers/pmc/sleep.o
LOAD src/ASF/sam/utils/cmsis/same70/source/templates/gcc/startup_same70.o
LOAD src/ASF/sam/utils/cmsis/same70/source/templates/system_same70.o
LOAD src/ASF/sam/utils/syscalls/gcc/syscalls.o
START GROUP
LOAD ../src/ASF/thirdparty/CMSIS/Lib/GCC\libarm_cortexM7lfsp_math_softfp.a
LOAD c:/program files (x86)/atmel/studio/7.0/toolchain/arm/arm-gnu-toolchain/bin/../lib/gcc/arm-none-eabi/6.3.1/../../../../arm-none-eabi/lib/thumb/v7e-m\libm.a
END GROUP
START GROUP
LOAD c:/program files (x86)/atmel/studio/7.0/toolchain/arm/arm-gnu-toolchain/bin/../lib/gcc/arm-none-eabi/6.3.1/thumb/v7e-m\libgcc.a
LOAD c:/program files (x86)/atmel/studio/7.0/toolchain/arm/arm-gnu-toolchain/bin/../lib/gcc/arm-none-eabi/6.3.1/../../../../arm-none-eabi/lib/thumb/v7e-m\libc.a
END GROUP
LOAD c:/program files (x86)/atmel/studio/7.0/toolchain/arm/arm-gnu-toolchain/bin/../lib/gcc/arm-none-eabi/6.3.1/thumb/v7e-m/crtend.o
LOAD c:/program files (x86)/atmel/studio/7.0/toolchain/arm/arm-gnu-toolchain/bin/../lib/gcc/arm-none-eabi/6.3.1/thumb/v7e-m/crtn.o
                0x00002000                STACK_SIZE = DEFINED (STACK_SIZE)?STACK_SIZE:0x2000
                0x2045fffc                __ram_end__ = ((ORIGIN (ram) + LENGTH (ram)) - 0x4)
                0x00000200                HEAP_SIZE = DEFINED (HEAP_SIZE)?HEAP_SIZE:0x200

.text           0x00400000    0x4ce2c
                0x00400000                . = ALIGN (0x4)
                0x00400000                _sfixed = .
 *(.vectors .vectors.*)
 .vectors       0x00400000      0x168 src/ASF/sam/utils/cmsis/same70/source/templates/gcc/startup_same70.o
                0x00400000                exception_table
 *(.text .text.* .gnu.linkonce.t.*)
 .text          0x00400168       0x6c c:/program files (x86)/atmel/studio/7.0/toolchain/arm/arm-gnu-toolchain/bin/../lib/gcc/arm-none-eabi/6.3.1/thumb/v7e-m/crtbegin.o
 .text.initMenuOrder
                0x004001d4       0x60 src/main.o
                0x004001d4                initMenuOrder
 .text.configure_lcd
                0x00400234       0x4c src/main.o
                0x00400234                configure_lcd
 .text.font_draw_text
                0x00400280       0x88 src/main.o
                0x00400280                font_draw_text
 .text.main     0x00400308       0x7c src/main.o
                0x00400308                main
 .text.osc_get_rate
                0x00400384       0x74 src/ASF/common/services/spi/sam_spi/spi_master.o
 .text.sysclk_get_main_hz
                0x004003f8       0x20 src/ASF/common/services/spi/sam_spi/spi_master.o
 .text.sysclk_get_peripheral_hz
                0x00400418       0x14 src/ASF/common/services/spi/sam_spi/spi_master.o
 .text.spi_reset
                0x0040042c       0x1a src/ASF/common/services/spi/sam_spi/spi_master.o
 .text.spi_set_master_mode
                0x00400446       0x20 src/ASF/common/services/spi/sam_spi/spi_master.o
 .text.spi_set_fixed_peripheral_select
                0x00400466       0x20 src/ASF/common/services/spi/sam_spi/spi_master.o
 .text.spi_disable_peripheral_select_decode
                0x00400486       0x20 src/ASF/common/services/spi/sam_spi/spi_master.o
 .text.spi_get_peripheral_select_decode_setting
                0x004004a6       0x26 src/ASF/common/services/spi/sam_spi/spi_master.o
 .text.spi_disable_mode_fault_detect
                0x004004cc       0x20 src/ASF/common/services/spi/sam_spi/spi_master.o
 .text.spi_disable_loopback
                0x004004ec       0x20 src/ASF/common/services/spi/sam_spi/spi_master.o
 .text.spi_put  0x0040050c       0x1e src/ASF/common/services/spi/sam_spi/spi_master.o
 .text.spi_get  0x0040052a       0x1a src/ASF/common/services/spi/sam_spi/spi_master.o
 .text.spi_is_tx_ready
                0x00400544       0x26 src/ASF/common/services/spi/sam_spi/spi_master.o
 .text.spi_is_rx_ready
                0x0040056a       0x2c src/ASF/common/services/spi/sam_spi/spi_master.o
 *fill*         0x00400596        0x2 
 .text.spi_write_single
                0x00400598       0x24 src/ASF/common/services/spi/sam_spi/spi_master.o
 .text.spi_read_single
                0x004005bc       0x24 src/ASF/common/services/spi/sam_spi/spi_master.o
 .text.spi_master_init
                0x004005e0       0x70 src/ASF/common/services/spi/sam_spi/spi_master.o
                0x004005e0                spi_master_init
 .text.spi_master_setup_device
                0x00400650       0xb4 src/ASF/common/services/spi/sam_spi/spi_master.o
                0x00400650                spi_master_setup_device
 .text.spi_select_device
                0x00400704       0x58 src/ASF/common/services/spi/sam_spi/spi_master.o
                0x00400704                spi_select_device
 .text.spi_write_packet
                0x0040075c       0x74 src/ASF/common/services/spi/sam_spi/spi_master.o
                0x0040075c                spi_write_packet
 .text.spi_read_packet
                0x004007d0       0xac src/ASF/common/services/spi/sam_spi/spi_master.o
                0x004007d0                spi_read_packet
 .text.spi_enable
                0x0040087c       0x1a src/ASF/sam/components/display/ili9488/ili9488.o
 .text.spi_enable_interrupt
                0x00400896       0x1c src/ASF/sam/components/display/ili9488/ili9488.o
 *fill*         0x004008b2        0x2 
 .text.ili9488_write_ram_prepare
                0x004008b4       0x40 src/ASF/sam/components/display/ili9488/ili9488.o
 .text.ili9488_write_ram_buffer
                0x004008f4       0x40 src/ASF/sam/components/display/ili9488/ili9488.o
 .text.ili9488_write_register
                0x00400934       0x78 src/ASF/sam/components/display/ili9488/ili9488.o
 .text.ili9488_read_chipid
                0x004009ac       0xcc src/ASF/sam/components/display/ili9488/ili9488.o
 .text.ili9488_delay
                0x00400a78       0x40 src/ASF/sam/components/display/ili9488/ili9488.o
                0x00400a78                ili9488_delay
 .text.ili9488_check_box_coordinates
                0x00400ab8       0xa2 src/ASF/sam/components/display/ili9488/ili9488.o
 *fill*         0x00400b5a        0x2 
 .text.ili9488_set_display_direction
                0x00400b5c       0x34 src/ASF/sam/components/display/ili9488/ili9488.o
                0x00400b5c                ili9488_set_display_direction
 .text.ili9488_set_window
                0x00400b90       0xc8 src/ASF/sam/components/display/ili9488/ili9488.o
                0x00400b90                ili9488_set_window
 .text.ili9488_init
                0x00400c58      0x15c src/ASF/sam/components/display/ili9488/ili9488.o
                0x00400c58                ili9488_init
 .text.ili9488_display_on
                0x00400db4       0x18 src/ASF/sam/components/display/ili9488/ili9488.o
                0x00400db4                ili9488_display_on
 .text.ili9488_set_foreground_color
                0x00400dcc       0x54 src/ASF/sam/components/display/ili9488/ili9488.o
                0x00400dcc                ili9488_set_foreground_color
 .text.ili9488_set_cursor_position
                0x00400e20       0x84 src/ASF/sam/components/display/ili9488/ili9488.o
                0x00400e20                ili9488_set_cursor_position
 .text.ili9488_draw_filled_rectangle
                0x00400ea4       0xdc src/ASF/sam/components/display/ili9488/ili9488.o
                0x00400ea4                ili9488_draw_filled_rectangle
 .text.ili9488_draw_pixmap
                0x00400f80       0xb4 src/ASF/sam/components/display/ili9488/ili9488.o
                0x00400f80                ili9488_draw_pixmap
 .text.spi_get_peripheral_select_mode
                0x00401034       0x26 src/ASF/sam/drivers/spi/spi.o
 *fill*         0x0040105a        0x2 
 .text.sysclk_enable_peripheral_clock
                0x0040105c       0x1c src/ASF/sam/drivers/spi/spi.o
 .text.spi_enable_clock
                0x00401078       0x3c src/ASF/sam/drivers/spi/spi.o
                0x00401078                spi_enable_clock
 .text.spi_set_peripheral_chip_select_value
                0x004010b4       0x34 src/ASF/sam/drivers/spi/spi.o
                0x004010b4                spi_set_peripheral_chip_select_value
 .text.spi_set_delay_between_chip_select
                0x004010e8       0x30 src/ASF/sam/drivers/spi/spi.o
                0x004010e8                spi_set_delay_between_chip_select
 .text.spi_write
                0x00401118       0x80 src/ASF/sam/drivers/spi/spi.o
                0x00401118                spi_write
 .text.spi_set_clock_polarity
                0x00401198       0x50 src/ASF/sam/drivers/spi/spi.o
                0x00401198                spi_set_clock_polarity
 .text.spi_set_clock_phase
                0x004011e8       0x50 src/ASF/sam/drivers/spi/spi.o
                0x004011e8                spi_set_clock_phase
 .text.spi_configure_cs_behavior
                0x00401238       0xa6 src/ASF/sam/drivers/spi/spi.o
                0x00401238                spi_configure_cs_behavior
 .text.spi_set_bits_per_transfer
                0x004012de       0x4a src/ASF/sam/drivers/spi/spi.o
                0x004012de                spi_set_bits_per_transfer
 .text.spi_calc_baudrate_div
                0x00401328       0x3c src/ASF/sam/drivers/spi/spi.o
                0x00401328                spi_calc_baudrate_div
 .text.spi_set_baudrate_div
                0x00401364       0x5e src/ASF/sam/drivers/spi/spi.o
                0x00401364                spi_set_baudrate_div
 .text.spi_set_transfer_delay
                0x004013c2       0x5e src/ASF/sam/drivers/spi/spi.o
                0x004013c2                spi_set_transfer_delay
 .text.osc_enable
                0x00401420       0x88 src/ASF/common/services/clock/same70/sysclk.o
 .text.osc_is_ready
                0x004014a8       0x70 src/ASF/common/services/clock/same70/sysclk.o
 .text.osc_get_rate
                0x00401518       0x74 src/ASF/common/services/clock/same70/sysclk.o
 .text.osc_wait_ready
                0x0040158c       0x2c src/ASF/common/services/clock/same70/sysclk.o
 .text.pll_config_init
                0x004015b8       0x6c src/ASF/common/services/clock/same70/sysclk.o
 .text.pll_enable
                0x00401624       0x40 src/ASF/common/services/clock/same70/sysclk.o
 .text.pll_is_locked
                0x00401664       0x2c src/ASF/common/services/clock/same70/sysclk.o
 .text.pll_enable_source
                0x00401690       0x38 src/ASF/common/services/clock/same70/sysclk.o
 .text.pll_wait_for_lock
                0x004016c8       0x24 src/ASF/common/services/clock/same70/sysclk.o
 .text.sysclk_get_main_hz
                0x004016ec       0x20 src/ASF/common/services/clock/same70/sysclk.o
 .text.sysclk_get_cpu_hz
                0x0040170c       0x14 src/ASF/common/services/clock/same70/sysclk.o
 .text.sysclk_init
                0x00401720       0x7c src/ASF/common/services/clock/same70/sysclk.o
                0x00401720                sysclk_init
 .text.SCB_EnableICache
                0x0040179c       0x38 src/ASF/sam/boards/same70_xplained/init.o
 .text.SCB_EnableDCache
                0x004017d4       0xa4 src/ASF/sam/boards/same70_xplained/init.o
 .text.sysclk_enable_peripheral_clock
                0x00401878       0x1c src/ASF/sam/boards/same70_xplained/init.o
 .text.ioport_init
                0x00401894       0x2c src/ASF/sam/boards/same70_xplained/init.o
 .text.ioport_set_pin_mode
                0x004018c0      0x11c src/ASF/sam/boards/same70_xplained/init.o
 .text.ioport_set_pin_dir
                0x004019dc       0x88 src/ASF/sam/boards/same70_xplained/init.o
 .text.ioport_set_pin_level
                0x00401a64       0x6c src/ASF/sam/boards/same70_xplained/init.o
 .text.ioport_set_pin_sense_mode
                0x00401ad0       0xd0 src/ASF/sam/boards/same70_xplained/init.o
 .text.tcm_disable
                0x00401ba0       0x44 src/ASF/sam/boards/same70_xplained/init.o
 .text.board_init
                0x00401be4      0x188 src/ASF/sam/boards/same70_xplained/init.o
                0x00401be4                board_init
 .text.pio_pull_up
                0x00401d6c       0x2c src/ASF/sam/drivers/pio/pio.o
                0x00401d6c                pio_pull_up
 .text.pio_set  0x00401d98       0x1c src/ASF/sam/drivers/pio/pio.o
                0x00401d98                pio_set
 .text.pio_set_peripheral
                0x00401db4      0x110 src/ASF/sam/drivers/pio/pio.o
                0x00401db4                pio_set_peripheral
 .text.pio_set_input
                0x00401ec4       0x80 src/ASF/sam/drivers/pio/pio.o
                0x00401ec4                pio_set_input
 .text.pio_set_output
                0x00401f44       0x64 src/ASF/sam/drivers/pio/pio.o
                0x00401f44                pio_set_output
 .text.pio_configure
                0x00401fa8       0xcc src/ASF/sam/drivers/pio/pio.o
                0x00401fa8                pio_configure
 .text.pio_disable_interrupt
                0x00402074       0x1c src/ASF/sam/drivers/pio/pio.o
                0x00402074                pio_disable_interrupt
 .text.pio_get_interrupt_status
                0x00402090       0x18 src/ASF/sam/drivers/pio/pio.o
                0x00402090                pio_get_interrupt_status
 .text.pio_get_interrupt_mask
                0x004020a8       0x18 src/ASF/sam/drivers/pio/pio.o
                0x004020a8                pio_get_interrupt_mask
 .text.pio_set_pin_high
                0x004020c0       0x30 src/ASF/sam/drivers/pio/pio.o
                0x004020c0                pio_set_pin_high
 .text.pio_set_pin_low
                0x004020f0       0x30 src/ASF/sam/drivers/pio/pio.o
                0x004020f0                pio_set_pin_low
 .text.pio_configure_pin
                0x00402120      0x1b0 src/ASF/sam/drivers/pio/pio.o
                0x00402120                pio_configure_pin
 .text.pio_get_pin_group
                0x004022d0       0x28 src/ASF/sam/drivers/pio/pio.o
                0x004022d0                pio_get_pin_group
 .text.pio_handler_process
                0x004022f8       0xb4 src/ASF/sam/drivers/pio/pio_handler.o
                0x004022f8                pio_handler_process
 .text.PIOA_Handler
                0x004023ac       0x18 src/ASF/sam/drivers/pio/pio_handler.o
                0x004023ac                PIOA_Handler
 .text.PIOB_Handler
                0x004023c4       0x18 src/ASF/sam/drivers/pio/pio_handler.o
                0x004023c4                PIOB_Handler
 .text.PIOC_Handler
                0x004023dc       0x18 src/ASF/sam/drivers/pio/pio_handler.o
                0x004023dc                PIOC_Handler
 .text.PIOD_Handler
                0x004023f4       0x18 src/ASF/sam/drivers/pio/pio_handler.o
                0x004023f4                PIOD_Handler
 .text.PIOE_Handler
                0x0040240c       0x18 src/ASF/sam/drivers/pio/pio_handler.o
                0x0040240c                PIOE_Handler
 .text.pmc_mck_set_division
                0x00402424       0x7c src/ASF/sam/drivers/pmc/pmc.o
                0x00402424                pmc_mck_set_division
 .text.pmc_switch_mck_to_pllack
                0x004024a0       0x84 src/ASF/sam/drivers/pmc/pmc.o
                0x004024a0                pmc_switch_mck_to_pllack
 .text.pmc_switch_sclk_to_32kxtal
                0x00402524       0x38 src/ASF/sam/drivers/pmc/pmc.o
                0x00402524                pmc_switch_sclk_to_32kxtal
 .text.pmc_osc_is_ready_32kxtal
                0x0040255c       0x34 src/ASF/sam/drivers/pmc/pmc.o
                0x0040255c                pmc_osc_is_ready_32kxtal
 .text.pmc_switch_mainck_to_fastrc
                0x00402590       0x70 src/ASF/sam/drivers/pmc/pmc.o
                0x00402590                pmc_switch_mainck_to_fastrc
 .text.pmc_switch_mainck_to_xtal
                0x00402600       0x78 src/ASF/sam/drivers/pmc/pmc.o
                0x00402600                pmc_switch_mainck_to_xtal
 .text.pmc_osc_is_ready_mainck
                0x00402678       0x1c src/ASF/sam/drivers/pmc/pmc.o
                0x00402678                pmc_osc_is_ready_mainck
 .text.pmc_disable_pllack
                0x00402694       0x1c src/ASF/sam/drivers/pmc/pmc.o
                0x00402694                pmc_disable_pllack
 .text.pmc_is_locked_pllack
                0x004026b0       0x1c src/ASF/sam/drivers/pmc/pmc.o
                0x004026b0                pmc_is_locked_pllack
 .text.pmc_is_locked_upll
                0x004026cc       0x1c src/ASF/sam/drivers/pmc/pmc.o
                0x004026cc                pmc_is_locked_upll
 .text.pmc_enable_periph_clk
                0x004026e8       0x3c src/ASF/sam/drivers/pmc/pmc.o
                0x004026e8                pmc_enable_periph_clk
 .text.pmc_set_flash_in_wait_mode
                0x00402724       0x20 src/ASF/sam/drivers/pmc/pmc.o
                0x00402724                pmc_set_flash_in_wait_mode
 .text.pmc_enable_waitmode
                0x00402744       0x90 src/ASF/sam/drivers/pmc/pmc.o
                0x00402744                pmc_enable_waitmode
 .text.pmc_sleep
                0x004027d4      0x398 src/ASF/sam/drivers/pmc/sleep.o
                0x004027d4                pmc_sleep
 .text.cpu_irq_save
                0x00402b6c       0x38 src/ASF/sam/utils/cmsis/same70/source/templates/gcc/startup_same70.o
 .text.cpu_irq_is_enabled_flags
                0x00402ba4       0x20 src/ASF/sam/utils/cmsis/same70/source/templates/gcc/startup_same70.o
 .text.cpu_irq_restore
                0x00402bc4       0x30 src/ASF/sam/utils/cmsis/same70/source/templates/gcc/startup_same70.o
 .text.Reset_Handler
                0x00402bf4       0xb0 src/ASF/sam/utils/cmsis/same70/source/templates/gcc/startup_same70.o
                0x00402bf4                Reset_Handler
 .text.Dummy_Handler
                0x00402ca4        0x6 src/ASF/sam/utils/cmsis/same70/source/templates/gcc/startup_same70.o
                0x00402ca4                DACC_Handler
                0x00402ca4                DebugMon_Handler
                0x00402ca4                UART3_Handler
                0x00402ca4                UART2_Handler
                0x00402ca4                TRNG_Handler
                0x00402ca4                HardFault_Handler
                0x00402ca4                TC2_Handler
                0x00402ca4                SysTick_Handler
                0x00402ca4                AFEC1_Handler
                0x00402ca4                PendSV_Handler
                0x00402ca4                NMI_Handler
                0x00402ca4                TC7_Handler
                0x00402ca4                QSPI_Handler
                0x00402ca4                ISI_Handler
                0x00402ca4                MCAN0_INT0_Handler
                0x00402ca4                TC9_Handler
                0x00402ca4                RSWDT_Handler
                0x00402ca4                USART0_Handler
                0x00402ca4                RTT_Handler
                0x00402ca4                USBHS_Handler
                0x00402ca4                IXC_Handler
                0x00402ca4                CCF_Handler
                0x00402ca4                RTC_Handler
                0x00402ca4                UsageFault_Handler
                0x00402ca4                TC6_Handler
                0x00402ca4                WDT_Handler
                0x00402ca4                MCAN1_INT1_Handler
                0x00402ca4                TC4_Handler
                0x00402ca4                TC1_Handler
                0x00402ca4                HSMCI_Handler
                0x00402ca4                UART1_Handler
                0x00402ca4                TC3_Handler
                0x00402ca4                Dummy_Handler
                0x00402ca4                TWIHS1_Handler
                0x00402ca4                XDMAC_Handler
                0x00402ca4                UART4_Handler
                0x00402ca4                PWM1_Handler
                0x00402ca4                USART1_Handler
                0x00402ca4                PWM0_Handler
                0x00402ca4                AFEC0_Handler
                0x00402ca4                CCW_Handler
                0x00402ca4                TC11_Handler
                0x00402ca4                SSC_Handler
                0x00402ca4                ACC_Handler
                0x00402ca4                PMC_Handler
                0x00402ca4                GMAC_Handler
                0x00402ca4                MCAN0_INT1_Handler
                0x00402ca4                GMAC_Q5_Handler
                0x00402ca4                MemManage_Handler
                0x00402ca4                SUPC_Handler
                0x00402ca4                SVC_Handler
                0x00402ca4                TC8_Handler
                0x00402ca4                MCAN1_INT0_Handler
                0x00402ca4                EFC_Handler
                0x00402ca4                GMAC_Q1_Handler
                0x00402ca4                USART2_Handler
                0x00402ca4                SDRAMC_Handler
                0x00402ca4                GMAC_Q2_Handler
                0x00402ca4                SPI1_Handler
                0x00402ca4                TC10_Handler
                0x00402ca4                GMAC_Q3_Handler
                0x00402ca4                TWIHS2_Handler
                0x00402ca4                I2SC0_Handler
                0x00402ca4                UART0_Handler
                0x00402ca4                I2SC1_Handler
                0x00402ca4                GMAC_Q4_Handler
                0x00402ca4                FPU_Handler
                0x00402ca4                BusFault_Handler
                0x00402ca4                RSTC_Handler
                0x00402ca4                TC0_Handler
                0x00402ca4                TC5_Handler
                0x00402ca4                AES_Handler
                0x00402ca4                ICM_Handler
                0x00402ca4                TWIHS0_Handler
                0x00402ca4                SPI0_Handler
 *fill*         0x00402caa        0x2 
 .text.SystemCoreClockUpdate
                0x00402cac      0x168 src/ASF/sam/utils/cmsis/same70/source/templates/system_same70.o
                0x00402cac                SystemCoreClockUpdate
 .text.system_init_flash
                0x00402e14       0xb0 src/ASF/sam/utils/cmsis/same70/source/templates/system_same70.o
                0x00402e14                system_init_flash
 .text._sbrk    0x00402ec4       0x58 src/ASF/sam/utils/syscalls/gcc/syscalls.o
                0x00402ec4                _sbrk
 .text.__libc_init_array
                0x00402f1c       0x50 c:/program files (x86)/atmel/studio/7.0/toolchain/arm/arm-gnu-toolchain/bin/../lib/gcc/arm-none-eabi/6.3.1/../../../../arm-none-eabi/lib/thumb/v7e-m\libc.a(lib_a-init.o)
                0x00402f1c                __libc_init_array
 .text.memset   0x00402f6c       0x9c c:/program files (x86)/atmel/studio/7.0/toolchain/arm/arm-gnu-toolchain/bin/../lib/gcc/arm-none-eabi/6.3.1/../../../../arm-none-eabi/lib/thumb/v7e-m\libc.a(lib_a-memset.o)
                0x00402f6c                memset
 .text.sprintf  0x00403008       0x4c c:/program files (x86)/atmel/studio/7.0/toolchain/arm/arm-gnu-toolchain/bin/../lib/gcc/arm-none-eabi/6.3.1/../../../../arm-none-eabi/lib/thumb/v7e-m\libc.a(lib_a-sprintf.o)
                0x00403008                sprintf
 .text._svfprintf_r
                0x00403054     0x145c c:/program files (x86)/atmel/studio/7.0/toolchain/arm/arm-gnu-toolchain/bin/../lib/gcc/arm-none-eabi/6.3.1/../../../../arm-none-eabi/lib/thumb/v7e-m\libc.a(lib_a-svfprintf.o)
                0x00403054                _svfprintf_r
 .text.startup.register_fini
                0x004044b0       0x14 c:/program files (x86)/atmel/studio/7.0/toolchain/arm/arm-gnu-toolchain/bin/../lib/gcc/arm-none-eabi/6.3.1/../../../../arm-none-eabi/lib/thumb/v7e-m\libc.a(lib_a-__call_atexit.o)
 .text.atexit   0x004044c4        0xc c:/program files (x86)/atmel/studio/7.0/toolchain/arm/arm-gnu-toolchain/bin/../lib/gcc/arm-none-eabi/6.3.1/../../../../arm-none-eabi/lib/thumb/v7e-m\libc.a(lib_a-atexit.o)
                0x004044c4                atexit
 .text.quorem   0x004044d0      0x128 c:/program files (x86)/atmel/studio/7.0/toolchain/arm/arm-gnu-toolchain/bin/../lib/gcc/arm-none-eabi/6.3.1/../../../../arm-none-eabi/lib/thumb/v7e-m\libc.a(lib_a-dtoa.o)
 .text._dtoa_r  0x004045f8      0xe54 c:/program files (x86)/atmel/studio/7.0/toolchain/arm/arm-gnu-toolchain/bin/../lib/gcc/arm-none-eabi/6.3.1/../../../../arm-none-eabi/lib/thumb/v7e-m\libc.a(lib_a-dtoa.o)
                0x004045f8                _dtoa_r
 .text.__libc_fini_array
                0x0040544c       0x34 c:/program files (x86)/atmel/studio/7.0/toolchain/arm/arm-gnu-toolchain/bin/../lib/gcc/arm-none-eabi/6.3.1/../../../../arm-none-eabi/lib/thumb/v7e-m\libc.a(lib_a-fini.o)
                0x0040544c                __libc_fini_array
 .text._localeconv_r
                0x00405480       0x1c c:/program files (x86)/atmel/studio/7.0/toolchain/arm/arm-gnu-toolchain/bin/../lib/gcc/arm-none-eabi/6.3.1/../../../../arm-none-eabi/lib/thumb/v7e-m\libc.a(lib_a-localeconv.o)
                0x00405480                _localeconv_r
 .text.__retarget_lock_acquire_recursive
                0x0040549c        0x4 c:/program files (x86)/atmel/studio/7.0/toolchain/arm/arm-gnu-toolchain/bin/../lib/gcc/arm-none-eabi/6.3.1/../../../../arm-none-eabi/lib/thumb/v7e-m\libc.a(lib_a-lock.o)
                0x0040549c                __retarget_lock_acquire_recursive
 .text.__retarget_lock_release_recursive
                0x004054a0        0x4 c:/program files (x86)/atmel/studio/7.0/toolchain/arm/arm-gnu-toolchain/bin/../lib/gcc/arm-none-eabi/6.3.1/../../../../arm-none-eabi/lib/thumb/v7e-m\libc.a(lib_a-lock.o)
                0x004054a0                __retarget_lock_release_recursive
 .text._malloc_r
                0x004054a4      0x560 c:/program files (x86)/atmel/studio/7.0/toolchain/arm/arm-gnu-toolchain/bin/../lib/gcc/arm-none-eabi/6.3.1/../../../../arm-none-eabi/lib/thumb/v7e-m\libc.a(lib_a-mallocr.o)
                0x004054a4                _malloc_r
 *fill*         0x00405a04        0xc 
 .text          0x00405a10       0xa0 c:/program files (x86)/atmel/studio/7.0/toolchain/arm/arm-gnu-toolchain/bin/../lib/gcc/arm-none-eabi/6.3.1/../../../../arm-none-eabi/lib/thumb/v7e-m\libc.a(lib_a-memchr.o)
                0x00405a10                memchr
 .text          0x00405ab0      0x134 c:/program files (x86)/atmel/studio/7.0/toolchain/arm/arm-gnu-toolchain/bin/../lib/gcc/arm-none-eabi/6.3.1/../../../../arm-none-eabi/lib/thumb/v7e-m\libc.a(lib_a-memcpy.o)
                0x00405ab0                memcpy
 .text.__malloc_lock
                0x00405be4        0xc c:/program files (x86)/atmel/studio/7.0/toolchain/arm/arm-gnu-toolchain/bin/../lib/gcc/arm-none-eabi/6.3.1/../../../../arm-none-eabi/lib/thumb/v7e-m\libc.a(lib_a-mlock.o)
                0x00405be4                __malloc_lock
 .text.__malloc_unlock
                0x00405bf0        0xc c:/program files (x86)/atmel/studio/7.0/toolchain/arm/arm-gnu-toolchain/bin/../lib/gcc/arm-none-eabi/6.3.1/../../../../arm-none-eabi/lib/thumb/v7e-m\libc.a(lib_a-mlock.o)
                0x00405bf0                __malloc_unlock
 .text._Balloc  0x00405bfc       0x4c c:/program files (x86)/atmel/studio/7.0/toolchain/arm/arm-gnu-toolchain/bin/../lib/gcc/arm-none-eabi/6.3.1/../../../../arm-none-eabi/lib/thumb/v7e-m\libc.a(lib_a-mprec.o)
                0x00405bfc                _Balloc
 .text._Bfree   0x00405c48       0x14 c:/program files (x86)/atmel/studio/7.0/toolchain/arm/arm-gnu-toolchain/bin/../lib/gcc/arm-none-eabi/6.3.1/../../../../arm-none-eabi/lib/thumb/v7e-m\libc.a(lib_a-mprec.o)
                0x00405c48                _Bfree
 .text.__multadd
                0x00405c5c       0x80 c:/program files (x86)/atmel/studio/7.0/toolchain/arm/arm-gnu-toolchain/bin/../lib/gcc/arm-none-eabi/6.3.1/../../../../arm-none-eabi/lib/thumb/v7e-m\libc.a(lib_a-mprec.o)
                0x00405c5c                __multadd
 .text.__hi0bits
                0x00405cdc       0x40 c:/program files (x86)/atmel/studio/7.0/toolchain/arm/arm-gnu-toolchain/bin/../lib/gcc/arm-none-eabi/6.3.1/../../../../arm-none-eabi/lib/thumb/v7e-m\libc.a(lib_a-mprec.o)
                0x00405cdc                __hi0bits
 .text.__lo0bits
                0x00405d1c       0x60 c:/program files (x86)/atmel/studio/7.0/toolchain/arm/arm-gnu-toolchain/bin/../lib/gcc/arm-none-eabi/6.3.1/../../../../arm-none-eabi/lib/thumb/v7e-m\libc.a(lib_a-mprec.o)
                0x00405d1c                __lo0bits
 .text.__i2b    0x00405d7c       0x14 c:/program files (x86)/atmel/studio/7.0/toolchain/arm/arm-gnu-toolchain/bin/../lib/gcc/arm-none-eabi/6.3.1/../../../../arm-none-eabi/lib/thumb/v7e-m\libc.a(lib_a-mprec.o)
                0x00405d7c                __i2b
 .text.__multiply
                0x00405d90      0x124 c:/program files (x86)/atmel/studio/7.0/toolchain/arm/arm-gnu-toolchain/bin/../lib/gcc/arm-none-eabi/6.3.1/../../../../arm-none-eabi/lib/thumb/v7e-m\libc.a(lib_a-mprec.o)
                0x00405d90                __multiply
 .text.__pow5mult
                0x00405eb4       0xa0 c:/program files (x86)/atmel/studio/7.0/toolchain/arm/arm-gnu-toolchain/bin/../lib/gcc/arm-none-eabi/6.3.1/../../../../arm-none-eabi/lib/thumb/v7e-m\libc.a(lib_a-mprec.o)
                0x00405eb4                __pow5mult
 .text.__lshift
                0x00405f54       0xa4 c:/program files (x86)/atmel/studio/7.0/toolchain/arm/arm-gnu-toolchain/bin/../lib/gcc/arm-none-eabi/6.3.1/../../../../arm-none-eabi/lib/thumb/v7e-m\libc.a(lib_a-mprec.o)
                0x00405f54                __lshift
 .text.__mcmp   0x00405ff8       0x38 c:/program files (x86)/atmel/studio/7.0/toolchain/arm/arm-gnu-toolchain/bin/../lib/gcc/arm-none-eabi/6.3.1/../../../../arm-none-eabi/lib/thumb/v7e-m\libc.a(lib_a-mprec.o)
                0x00405ff8                __mcmp
 .text.__mdiff  0x00406030      0x108 c:/program files (x86)/atmel/studio/7.0/toolchain/arm/arm-gnu-toolchain/bin/../lib/gcc/arm-none-eabi/6.3.1/../../../../arm-none-eabi/lib/thumb/v7e-m\libc.a(lib_a-mprec.o)
                0x00406030                __mdiff
 .text.__d2b    0x00406138       0xb8 c:/program files (x86)/atmel/studio/7.0/toolchain/arm/arm-gnu-toolchain/bin/../lib/gcc/arm-none-eabi/6.3.1/../../../../arm-none-eabi/lib/thumb/v7e-m\libc.a(lib_a-mprec.o)
                0x00406138                __d2b
 .text._sbrk_r  0x004061f0       0x24 c:/program files (x86)/atmel/studio/7.0/toolchain/arm/arm-gnu-toolchain/bin/../lib/gcc/arm-none-eabi/6.3.1/../../../../arm-none-eabi/lib/thumb/v7e-m\libc.a(lib_a-sbrkr.o)
                0x004061f0                _sbrk_r
 *fill*         0x00406214       0x2c 
 .text          0x00406240       0xdc c:/program files (x86)/atmel/studio/7.0/toolchain/arm/arm-gnu-toolchain/bin/../lib/gcc/arm-none-eabi/6.3.1/../../../../arm-none-eabi/lib/thumb/v7e-m\libc.a(lib_a-strlen.o)
                0x00406240                strlen
 .text.__ssprint_r
                0x0040631c       0xfc c:/program files (x86)/atmel/studio/7.0/toolchain/arm/arm-gnu-toolchain/bin/../lib/gcc/arm-none-eabi/6.3.1/../../../../arm-none-eabi/lib/thumb/v7e-m\libc.a(lib_a-svfiprintf.o)
                0x0040631c                __ssprint_r
 .text.__register_exitproc
                0x00406418       0xc4 c:/program files (x86)/atmel/studio/7.0/toolchain/arm/arm-gnu-toolchain/bin/../lib/gcc/arm-none-eabi/6.3.1/../../../../arm-none-eabi/lib/thumb/v7e-m\libc.a(lib_a-__atexit.o)
                0x00406418                __register_exitproc
 .text._calloc_r
                0x004064dc       0x60 c:/program files (x86)/atmel/studio/7.0/toolchain/arm/arm-gnu-toolchain/bin/../lib/gcc/arm-none-eabi/6.3.1/../../../../arm-none-eabi/lib/thumb/v7e-m\libc.a(lib_a-callocr.o)
                0x004064dc                _calloc_r
 .text._malloc_trim_r
                0x0040653c       0xa0 c:/program files (x86)/atmel/studio/7.0/toolchain/arm/arm-gnu-toolchain/bin/../lib/gcc/arm-none-eabi/6.3.1/../../../../arm-none-eabi/lib/thumb/v7e-m\libc.a(lib_a-freer.o)
                0x0040653c                _malloc_trim_r
 .text._free_r  0x004065dc      0x1cc c:/program files (x86)/atmel/studio/7.0/toolchain/arm/arm-gnu-toolchain/bin/../lib/gcc/arm-none-eabi/6.3.1/../../../../arm-none-eabi/lib/thumb/v7e-m\libc.a(lib_a-freer.o)
                0x004065dc                _free_r
 .text.__ascii_mbtowc
                0x004067a8       0x2c c:/program files (x86)/atmel/studio/7.0/toolchain/arm/arm-gnu-toolchain/bin/../lib/gcc/arm-none-eabi/6.3.1/../../../../arm-none-eabi/lib/thumb/v7e-m\libc.a(lib_a-mbtowc_r.o)
                0x004067a8                __ascii_mbtowc
 .text.memmove  0x004067d4       0xc8 c:/program files (x86)/atmel/studio/7.0/toolchain/arm/arm-gnu-toolchain/bin/../lib/gcc/arm-none-eabi/6.3.1/../../../../arm-none-eabi/lib/thumb/v7e-m\libc.a(lib_a-memmove.o)
                0x004067d4                memmove
 .text._realloc_r
                0x0040689c      0x34c c:/program files (x86)/atmel/studio/7.0/toolchain/arm/arm-gnu-toolchain/bin/../lib/gcc/arm-none-eabi/6.3.1/../../../../arm-none-eabi/lib/thumb/v7e-m\libc.a(lib_a-reallocr.o)
                0x0040689c                _realloc_r
 .text.__ascii_wctomb
                0x00406be8       0x1c c:/program files (x86)/atmel/studio/7.0/toolchain/arm/arm-gnu-toolchain/bin/../lib/gcc/arm-none-eabi/6.3.1/../../../../arm-none-eabi/lib/thumb/v7e-m\libc.a(lib_a-wctomb_r.o)
                0x00406be8                __ascii_wctomb
 .text          0x00406c04      0x370 c:/program files (x86)/atmel/studio/7.0/toolchain/arm/arm-gnu-toolchain/bin/../lib/gcc/arm-none-eabi/6.3.1/thumb/v7e-m\libgcc.a(_arm_addsubdf3.o)
                0x00406c04                __aeabi_drsub
                0x00406c0c                __aeabi_dsub
                0x00406c0c                __subdf3
                0x00406c10                __aeabi_dadd
                0x00406c10                __adddf3
                0x00406e88                __floatunsidf
                0x00406e88                __aeabi_ui2d
                0x00406ea8                __floatsidf
                0x00406ea8                __aeabi_i2d
                0x00406ecc                __aeabi_f2d
                0x00406ecc                __extendsfdf2
                0x00406f08                __floatundidf
                0x00406f08                __aeabi_ul2d
                0x00406f18                __floatdidf
                0x00406f18                __aeabi_l2d
 .text          0x00406f74      0x424 c:/program files (x86)/atmel/studio/7.0/toolchain/arm/arm-gnu-toolchain/bin/../lib/gcc/arm-none-eabi/6.3.1/thumb/v7e-m\libgcc.a(_arm_muldivdf3.o)
                0x00406f74                __aeabi_dmul
                0x00406f74                __muldf3
                0x004071c8                __divdf3
                0x004071c8                __aeabi_ddiv
 .text          0x00407398      0x110 c:/program files (x86)/atmel/studio/7.0/toolchain/arm/arm-gnu-toolchain/bin/../lib/gcc/arm-none-eabi/6.3.1/thumb/v7e-m\libgcc.a(_arm_cmpdf2.o)
                0x00407398                __gtdf2
                0x00407398                __gedf2
                0x004073a0                __ltdf2
                0x004073a0                __ledf2
                0x004073a8                __nedf2
                0x004073a8                __eqdf2
                0x004073a8                __cmpdf2
                0x00407424                __aeabi_cdrcmple
                0x00407434                __aeabi_cdcmpeq
                0x00407434                __aeabi_cdcmple
                0x00407444                __aeabi_dcmpeq
                0x00407458                __aeabi_dcmplt
                0x0040746c                __aeabi_dcmple
                0x00407480                __aeabi_dcmpge
                0x00407494                __aeabi_dcmpgt
 .text          0x004074a8       0x2c c:/program files (x86)/atmel/studio/7.0/toolchain/arm/arm-gnu-toolchain/bin/../lib/gcc/arm-none-eabi/6.3.1/thumb/v7e-m\libgcc.a(_arm_unorddf2.o)
                0x004074a8                __unorddf2
                0x004074a8                __aeabi_dcmpun
 .text          0x004074d4       0x50 c:/program files (x86)/atmel/studio/7.0/toolchain/arm/arm-gnu-toolchain/bin/../lib/gcc/arm-none-eabi/6.3.1/thumb/v7e-m\libgcc.a(_arm_fixdfsi.o)
                0x004074d4                __aeabi_d2iz
                0x004074d4                __fixdfsi
 .text          0x00407524       0x30 c:/program files (x86)/atmel/studio/7.0/toolchain/arm/arm-gnu-toolchain/bin/../lib/gcc/arm-none-eabi/6.3.1/thumb/v7e-m\libgcc.a(_aeabi_uldivmod.o)
                0x00407524                __aeabi_uldivmod
 .text          0x00407554      0x2dc c:/program files (x86)/atmel/studio/7.0/toolchain/arm/arm-gnu-toolchain/bin/../lib/gcc/arm-none-eabi/6.3.1/thumb/v7e-m\libgcc.a(_udivmoddi4.o)
                0x00407554                __udivmoddi4
 .text          0x00407830        0x4 c:/program files (x86)/atmel/studio/7.0/toolchain/arm/arm-gnu-toolchain/bin/../lib/gcc/arm-none-eabi/6.3.1/thumb/v7e-m\libgcc.a(_dvmd_tls.o)
                0x00407830                __aeabi_idiv0
                0x00407830                __aeabi_ldiv0
 *(.glue_7t)
 .glue_7t       0x00407834        0x0 linker stubs
 *(.glue_7)
 .glue_7        0x00407834        0x0 linker stubs
 *(.rodata .rodata* .gnu.linkonce.r.*)
 .rodata.image_data_calibri_36_0x20
                0x00407834      0x378 src/main.o
 .rodata.calibri_36_0x20
                0x00407bac       0x10 src/main.o
 .rodata.image_data_calibri_36_0x21
                0x00407bbc      0x534 src/main.o
 .rodata.calibri_36_0x21
                0x004080f0       0x10 src/main.o
 .rodata.image_data_calibri_36_0x22
                0x00408100      0x612 src/main.o
 *fill*         0x00408712        0x2 
 .rodata.calibri_36_0x22
                0x00408714       0x10 src/main.o
 .rodata.image_data_calibri_36_0x23
                0x00408724      0x7ce src/main.o
 *fill*         0x00408ef2        0x2 
 .rodata.calibri_36_0x23
                0x00408ef4       0x10 src/main.o
 .rodata.image_data_calibri_36_0x24
                0x00408f04      0x7ce src/main.o
 *fill*         0x004096d2        0x2 
 .rodata.calibri_36_0x24
                0x004096d4       0x10 src/main.o
 .rodata.image_data_calibri_36_0x25
                0x004096e4      0xb46 src/main.o
 *fill*         0x0040a22a        0x2 
 .rodata.calibri_36_0x25
                0x0040a22c       0x10 src/main.o
 .rodata.image_data_calibri_36_0x26
                0x0040a23c      0xad7 src/main.o
 *fill*         0x0040ad13        0x1 
 .rodata.calibri_36_0x26
                0x0040ad14       0x10 src/main.o
 .rodata.image_data_calibri_36_0x27
                0x0040ad24      0x378 src/main.o
 .rodata.calibri_36_0x27
                0x0040b09c       0x10 src/main.o
 .rodata.image_data_calibri_36_0x28
                0x0040b0ac      0x4c5 src/main.o
 *fill*         0x0040b571        0x3 
 .rodata.calibri_36_0x28
                0x0040b574       0x10 src/main.o
 .rodata.image_data_calibri_36_0x29
                0x0040b584      0x4c5 src/main.o
 *fill*         0x0040ba49        0x3 
 .rodata.calibri_36_0x29
                0x0040ba4c       0x10 src/main.o
 .rodata.image_data_calibri_36_0x2a
                0x0040ba5c      0x7ce src/main.o
 *fill*         0x0040c22a        0x2 
 .rodata.calibri_36_0x2a
                0x0040c22c       0x10 src/main.o
 .rodata.image_data_calibri_36_0x2b
                0x0040c23c      0x7ce src/main.o
 *fill*         0x0040ca0a        0x2 
 .rodata.calibri_36_0x2b
                0x0040ca0c       0x10 src/main.o
 .rodata.image_data_calibri_36_0x2c
                0x0040ca1c      0x3e7 src/main.o
 *fill*         0x0040ce03        0x1 
 .rodata.calibri_36_0x2c
                0x0040ce04       0x10 src/main.o
 .rodata.image_data_calibri_36_0x2d
                0x0040ce14      0x4c5 src/main.o
 *fill*         0x0040d2d9        0x3 
 .rodata.calibri_36_0x2d
                0x0040d2dc       0x10 src/main.o
 .rodata.image_data_calibri_36_0x2e
                0x0040d2ec      0x3e7 src/main.o
 *fill*         0x0040d6d3        0x1 
 .rodata.calibri_36_0x2e
                0x0040d6d4       0x10 src/main.o
 .rodata.image_data_calibri_36_0x2f
                0x0040d6e4      0x612 src/main.o
 *fill*         0x0040dcf6        0x2 
 .rodata.calibri_36_0x2f
                0x0040dcf8       0x10 src/main.o
 .rodata.image_data_calibri_36_0x30
                0x0040dd08      0x7ce src/main.o
 *fill*         0x0040e4d6        0x2 
 .rodata.calibri_36_0x30
                0x0040e4d8       0x10 src/main.o
 .rodata.image_data_calibri_36_0x31
                0x0040e4e8      0x7ce src/main.o
 *fill*         0x0040ecb6        0x2 
 .rodata.calibri_36_0x31
                0x0040ecb8       0x10 src/main.o
 .rodata.image_data_calibri_36_0x32
                0x0040ecc8      0x7ce src/main.o
 *fill*         0x0040f496        0x2 
 .rodata.calibri_36_0x32
                0x0040f498       0x10 src/main.o
 .rodata.image_data_calibri_36_0x33
                0x0040f4a8      0x7ce src/main.o
 *fill*         0x0040fc76        0x2 
 .rodata.calibri_36_0x33
                0x0040fc78       0x10 src/main.o
 .rodata.image_data_calibri_36_0x34
                0x0040fc88      0x7ce src/main.o
 *fill*         0x00410456        0x2 
 .rodata.calibri_36_0x34
                0x00410458       0x10 src/main.o
 .rodata.image_data_calibri_36_0x35
                0x00410468      0x7ce src/main.o
 *fill*         0x00410c36        0x2 
 .rodata.calibri_36_0x35
                0x00410c38       0x10 src/main.o
 .rodata.image_data_calibri_36_0x36
                0x00410c48      0x7ce src/main.o
 *fill*         0x00411416        0x2 
 .rodata.calibri_36_0x36
                0x00411418       0x10 src/main.o
 .rodata.image_data_calibri_36_0x37
                0x00411428      0x7ce src/main.o
 *fill*         0x00411bf6        0x2 
 .rodata.calibri_36_0x37
                0x00411bf8       0x10 src/main.o
 .rodata.image_data_calibri_36_0x38
                0x00411c08      0x7ce src/main.o
 *fill*         0x004123d6        0x2 
 .rodata.calibri_36_0x38
                0x004123d8       0x10 src/main.o
 .rodata.image_data_calibri_36_0x39
                0x004123e8      0x7ce src/main.o
 *fill*         0x00412bb6        0x2 
 .rodata.calibri_36_0x39
                0x00412bb8       0x10 src/main.o
 .rodata.image_data_calibri_36_0x3a
                0x00412bc8      0x456 src/main.o
 *fill*         0x0041301e        0x2 
 .rodata.calibri_36_0x3a
                0x00413020       0x10 src/main.o
 .rodata.image_data_calibri_36_0x3b
                0x00413030      0x456 src/main.o
 *fill*         0x00413486        0x2 
 .rodata.calibri_36_0x3b
                0x00413488       0x10 src/main.o
 .rodata.image_data_calibri_36_0x3c
                0x00413498      0x7ce src/main.o
 *fill*         0x00413c66        0x2 
 .rodata.calibri_36_0x3c
                0x00413c68       0x10 src/main.o
 .rodata.image_data_calibri_36_0x3d
                0x00413c78      0x7ce src/main.o
 *fill*         0x00414446        0x2 
 .rodata.calibri_36_0x3d
                0x00414448       0x10 src/main.o
 .rodata.image_data_calibri_36_0x3e
                0x00414458      0x7ce src/main.o
 *fill*         0x00414c26        0x2 
 .rodata.calibri_36_0x3e
                0x00414c28       0x10 src/main.o
 .rodata.image_data_calibri_36_0x3f
                0x00414c38      0x75f src/main.o
 *fill*         0x00415397        0x1 
 .rodata.calibri_36_0x3f
                0x00415398       0x10 src/main.o
 .rodata.image_data_calibri_36_0x40
                0x004153a8      0xde0 src/main.o
 .rodata.calibri_36_0x40
                0x00416188       0x10 src/main.o
 .rodata.image_data_calibri_36_0x41
                0x00416198      0x91b src/main.o
 *fill*         0x00416ab3        0x1 
 .rodata.calibri_36_0x41
                0x00416ab4       0x10 src/main.o
 .rodata.image_data_calibri_36_0x42
                0x00416ac4      0x8ac src/main.o
 .rodata.calibri_36_0x42
                0x00417370       0x10 src/main.o
 .rodata.image_data_calibri_36_0x43
                0x00417380      0x83d src/main.o
 *fill*         0x00417bbd        0x3 
 .rodata.calibri_36_0x43
                0x00417bc0       0x10 src/main.o
 .rodata.image_data_calibri_36_0x44
                0x00417bd0      0x98a src/main.o
 *fill*         0x0041855a        0x2 
 .rodata.calibri_36_0x44
                0x0041855c       0x10 src/main.o
 .rodata.image_data_calibri_36_0x45
                0x0041856c      0x7ce src/main.o
 *fill*         0x00418d3a        0x2 
 .rodata.calibri_36_0x45
                0x00418d3c       0x10 src/main.o
 .rodata.image_data_calibri_36_0x46
                0x00418d4c      0x75f src/main.o
 *fill*         0x004194ab        0x1 
 .rodata.calibri_36_0x46
                0x004194ac       0x10 src/main.o
 .rodata.image_data_calibri_36_0x47
                0x004194bc      0x9f9 src/main.o
 *fill*         0x00419eb5        0x3 
 .rodata.calibri_36_0x47
                0x00419eb8       0x10 src/main.o
 .rodata.image_data_calibri_36_0x48
                0x00419ec8      0x98a src/main.o
 *fill*         0x0041a852        0x2 
 .rodata.calibri_36_0x48
                0x0041a854       0x10 src/main.o
 .rodata.image_data_calibri_36_0x49
                0x0041a864      0x3e7 src/main.o
 *fill*         0x0041ac4b        0x1 
 .rodata.calibri_36_0x49
                0x0041ac4c       0x10 src/main.o
 .rodata.image_data_calibri_36_0x4a
                0x0041ac5c      0x4c5 src/main.o
 *fill*         0x0041b121        0x3 
 .rodata.calibri_36_0x4a
                0x0041b124       0x10 src/main.o
 .rodata.image_data_calibri_36_0x4b
                0x0041b134      0x83d src/main.o
 *fill*         0x0041b971        0x3 
 .rodata.calibri_36_0x4b
                0x0041b974       0x10 src/main.o
 .rodata.image_data_calibri_36_0x4c
                0x0041b984      0x681 src/main.o
 *fill*         0x0041c005        0x3 
 .rodata.calibri_36_0x4c
                0x0041c008       0x10 src/main.o
 .rodata.image_data_calibri_36_0x4d
                0x0041c018      0xd71 src/main.o
 *fill*         0x0041cd89        0x3 
 .rodata.calibri_36_0x4d
                0x0041cd8c       0x10 src/main.o
 .rodata.image_data_calibri_36_0x4e
                0x0041cd9c      0x9f9 src/main.o
 *fill*         0x0041d795        0x3 
 .rodata.calibri_36_0x4e
                0x0041d798       0x10 src/main.o
 .rodata.image_data_calibri_36_0x4f
                0x0041d7a8      0xa68 src/main.o
 .rodata.calibri_36_0x4f
                0x0041e210       0x10 src/main.o
 .rodata.image_data_calibri_36_0x50
                0x0041e220      0x83d src/main.o
 *fill*         0x0041ea5d        0x3 
 .rodata.calibri_36_0x50
                0x0041ea60       0x10 src/main.o
 .rodata.image_data_calibri_36_0x51
                0x0041ea70      0xad7 src/main.o
 *fill*         0x0041f547        0x1 
 .rodata.calibri_36_0x51
                0x0041f548       0x10 src/main.o
 .rodata.image_data_calibri_36_0x52
                0x0041f558      0x8ac src/main.o
 .rodata.calibri_36_0x52
                0x0041fe04       0x10 src/main.o
 .rodata.image_data_calibri_36_0x53
                0x0041fe14      0x75f src/main.o
 *fill*         0x00420573        0x1 
 .rodata.calibri_36_0x53
                0x00420574       0x10 src/main.o
 .rodata.image_data_calibri_36_0x54
                0x00420584      0x7ce src/main.o
 *fill*         0x00420d52        0x2 
 .rodata.calibri_36_0x54
                0x00420d54       0x10 src/main.o
 .rodata.image_data_calibri_36_0x55
                0x00420d64      0x9f9 src/main.o
 *fill*         0x0042175d        0x3 
 .rodata.calibri_36_0x55
                0x00421760       0x10 src/main.o
 .rodata.image_data_calibri_36_0x56
                0x00421770      0x8ac src/main.o
 .rodata.calibri_36_0x56
                0x0042201c       0x10 src/main.o
 .rodata.image_data_calibri_36_0x57
                0x0042202c      0xde0 src/main.o
 .rodata.calibri_36_0x57
                0x00422e0c       0x10 src/main.o
 .rodata.image_data_calibri_36_0x58
                0x00422e1c      0x83d src/main.o
 *fill*         0x00423659        0x3 
 .rodata.calibri_36_0x58
                0x0042365c       0x10 src/main.o
 .rodata.image_data_calibri_36_0x59
                0x0042366c      0x7ce src/main.o
 *fill*         0x00423e3a        0x2 
 .rodata.calibri_36_0x59
                0x00423e3c       0x10 src/main.o
 .rodata.image_data_calibri_36_0x5a
                0x00423e4c      0x75f src/main.o
 *fill*         0x004245ab        0x1 
 .rodata.calibri_36_0x5a
                0x004245ac       0x10 src/main.o
 .rodata.image_data_calibri_36_0x5b
                0x004245bc      0x4c5 src/main.o
 *fill*         0x00424a81        0x3 
 .rodata.calibri_36_0x5b
                0x00424a84       0x10 src/main.o
 .rodata.image_data_calibri_36_0x5c
                0x00424a94      0x612 src/main.o
 *fill*         0x004250a6        0x2 
 .rodata.calibri_36_0x5c
                0x004250a8       0x10 src/main.o
 .rodata.image_data_calibri_36_0x5d
                0x004250b8      0x4c5 src/main.o
 *fill*         0x0042557d        0x3 
 .rodata.calibri_36_0x5d
                0x00425580       0x10 src/main.o
 .rodata.image_data_calibri_36_0x5e
                0x00425590      0x7ce src/main.o
 *fill*         0x00425d5e        0x2 
 .rodata.calibri_36_0x5e
                0x00425d60       0x10 src/main.o
 .rodata.image_data_calibri_36_0x5f
                0x00425d70      0x7ce src/main.o
 *fill*         0x0042653e        0x2 
 .rodata.calibri_36_0x5f
                0x00426540       0x10 src/main.o
 .rodata.image_data_calibri_36_0x60
                0x00426550      0x456 src/main.o
 *fill*         0x004269a6        0x2 
 .rodata.calibri_36_0x60
                0x004269a8       0x10 src/main.o
 .rodata.image_data_calibri_36_0x61
                0x004269b8      0x75f src/main.o
 *fill*         0x00427117        0x1 
 .rodata.calibri_36_0x61
                0x00427118       0x10 src/main.o
 .rodata.image_data_calibri_36_0x62
                0x00427128      0x83d src/main.o
 *fill*         0x00427965        0x3 
 .rodata.calibri_36_0x62
                0x00427968       0x10 src/main.o
 .rodata.image_data_calibri_36_0x63
                0x00427978      0x681 src/main.o
 *fill*         0x00427ff9        0x3 
 .rodata.calibri_36_0x63
                0x00427ffc       0x10 src/main.o
 .rodata.image_data_calibri_36_0x64
                0x0042800c      0x83d src/main.o
 *fill*         0x00428849        0x3 
 .rodata.calibri_36_0x64
                0x0042884c       0x10 src/main.o
 .rodata.image_data_calibri_36_0x65
                0x0042885c      0x7ce src/main.o
 *fill*         0x0042902a        0x2 
 .rodata.calibri_36_0x65
                0x0042902c       0x10 src/main.o
 .rodata.image_data_calibri_36_0x66
                0x0042903c      0x4c5 src/main.o
 *fill*         0x00429501        0x3 
 .rodata.calibri_36_0x66
                0x00429504       0x10 src/main.o
 .rodata.image_data_calibri_36_0x67
                0x00429514      0x75f src/main.o
 *fill*         0x00429c73        0x1 
 .rodata.calibri_36_0x67
                0x00429c74       0x10 src/main.o
 .rodata.image_data_calibri_36_0x68
                0x00429c84      0x83d src/main.o
 *fill*         0x0042a4c1        0x3 
 .rodata.calibri_36_0x68
                0x0042a4c4       0x10 src/main.o
 .rodata.image_data_calibri_36_0x69
                0x0042a4d4      0x378 src/main.o
 .rodata.calibri_36_0x69
                0x0042a84c       0x10 src/main.o
 .rodata.image_data_calibri_36_0x6a
                0x0042a85c      0x3e7 src/main.o
 *fill*         0x0042ac43        0x1 
 .rodata.calibri_36_0x6a
                0x0042ac44       0x10 src/main.o
 .rodata.image_data_calibri_36_0x6b
                0x0042ac54      0x6f0 src/main.o
 .rodata.calibri_36_0x6b
                0x0042b344       0x10 src/main.o
 .rodata.image_data_calibri_36_0x6c
                0x0042b354      0x378 src/main.o
 .rodata.calibri_36_0x6c
                0x0042b6cc       0x10 src/main.o
 .rodata.image_data_calibri_36_0x6d
                0x0042b6dc      0xc93 src/main.o
 *fill*         0x0042c36f        0x1 
 .rodata.calibri_36_0x6d
                0x0042c370       0x10 src/main.o
 .rodata.image_data_calibri_36_0x6e
                0x0042c380      0x83d src/main.o
 *fill*         0x0042cbbd        0x3 
 .rodata.calibri_36_0x6e
                0x0042cbc0       0x10 src/main.o
 .rodata.image_data_calibri_36_0x6f
                0x0042cbd0      0x83d src/main.o
 *fill*         0x0042d40d        0x3 
 .rodata.calibri_36_0x6f
                0x0042d410       0x10 src/main.o
 .rodata.image_data_calibri_36_0x70
                0x0042d420      0x83d src/main.o
 *fill*         0x0042dc5d        0x3 
 .rodata.calibri_36_0x70
                0x0042dc60       0x10 src/main.o
 .rodata.image_data_calibri_36_0x71
                0x0042dc70      0x83d src/main.o
 *fill*         0x0042e4ad        0x3 
 .rodata.calibri_36_0x71
                0x0042e4b0       0x10 src/main.o
 .rodata.image_data_calibri_36_0x72
                0x0042e4c0      0x5a3 src/main.o
 *fill*         0x0042ea63        0x1 
 .rodata.calibri_36_0x72
                0x0042ea64       0x10 src/main.o
 .rodata.image_data_calibri_36_0x73
                0x0042ea74      0x612 src/main.o
 *fill*         0x0042f086        0x2 
 .rodata.calibri_36_0x73
                0x0042f088       0x10 src/main.o
 .rodata.image_data_calibri_36_0x74
                0x0042f098      0x534 src/main.o
 .rodata.calibri_36_0x74
                0x0042f5cc       0x10 src/main.o
 .rodata.image_data_calibri_36_0x75
                0x0042f5dc      0x83d src/main.o
 *fill*         0x0042fe19        0x3 
 .rodata.calibri_36_0x75
                0x0042fe1c       0x10 src/main.o
 .rodata.image_data_calibri_36_0x76
                0x0042fe2c      0x6f0 src/main.o
 .rodata.calibri_36_0x76
                0x0043051c       0x10 src/main.o
 .rodata.image_data_calibri_36_0x77
                0x0043052c      0xb46 src/main.o
 *fill*         0x00431072        0x2 
 .rodata.calibri_36_0x77
                0x00431074       0x10 src/main.o
 .rodata.image_data_calibri_36_0x78
                0x00431084      0x6f0 src/main.o
 .rodata.calibri_36_0x78
                0x00431774       0x10 src/main.o
 .rodata.image_data_calibri_36_0x79
                0x00431784      0x6f0 src/main.o
 .rodata.calibri_36_0x79
                0x00431e74       0x10 src/main.o
 .rodata.image_data_calibri_36_0x7a
                0x00431e84      0x612 src/main.o
 *fill*         0x00432496        0x2 
 .rodata.calibri_36_0x7a
                0x00432498       0x10 src/main.o
 .rodata.image_data_calibri_36_0x7b
                0x004324a8      0x4c5 src/main.o
 *fill*         0x0043296d        0x3 
 .rodata.calibri_36_0x7b
                0x00432970       0x10 src/main.o
 .rodata.image_data_calibri_36_0x7c
                0x00432980      0x75f src/main.o
 *fill*         0x004330df        0x1 
 .rodata.calibri_36_0x7c
                0x004330e0       0x10 src/main.o
 .rodata.image_data_calibri_36_0x7d
                0x004330f0      0x4c5 src/main.o
 *fill*         0x004335b5        0x3 
 .rodata.calibri_36_0x7d
                0x004335b8       0x10 src/main.o
 .rodata.image_data_calibri_36_0x7e
                0x004335c8      0x7ce src/main.o
 *fill*         0x00433d96        0x2 
 .rodata.calibri_36_0x7e
                0x00433d98       0x10 src/main.o
 .rodata.calibri_36_array
                0x00433da8      0x2f8 src/main.o
 .rodata.calibri_36
                0x004340a0        0xc src/main.o
                0x004340a0                calibri_36
 .rodata.image_data_arial_72_0x30
                0x004340ac     0x2760 src/main.o
 .rodata.arial_72_0x30
                0x0043680c       0x10 src/main.o
 .rodata.image_data_arial_72_0x31
                0x0043681c     0x2760 src/main.o
 .rodata.arial_72_0x31
                0x00438f7c       0x10 src/main.o
 .rodata.image_data_arial_72_0x32
                0x00438f8c     0x2760 src/main.o
 .rodata.arial_72_0x32
                0x0043b6ec       0x10 src/main.o
 .rodata.image_data_arial_72_0x33
                0x0043b6fc     0x2760 src/main.o
 .rodata.arial_72_0x33
                0x0043de5c       0x10 src/main.o
 .rodata.image_data_arial_72_0x34
                0x0043de6c     0x2760 src/main.o
 .rodata.arial_72_0x34
                0x004405cc       0x10 src/main.o
 .rodata.image_data_arial_72_0x35
                0x004405dc     0x2760 src/main.o
 .rodata.arial_72_0x35
                0x00442d3c       0x10 src/main.o
 .rodata.image_data_arial_72_0x36
                0x00442d4c     0x2760 src/main.o
 .rodata.arial_72_0x36
                0x004454ac       0x10 src/main.o
 .rodata.image_data_arial_72_0x37
                0x004454bc     0x2760 src/main.o
 .rodata.arial_72_0x37
                0x00447c1c       0x10 src/main.o
 .rodata.image_data_arial_72_0x38
                0x00447c2c     0x2760 src/main.o
 .rodata.arial_72_0x38
                0x0044a38c       0x10 src/main.o
 .rodata.image_data_arial_72_0x39
                0x0044a39c     0x2760 src/main.o
 .rodata.arial_72_0x39
                0x0044cafc       0x10 src/main.o
 .rodata.arial_72_array
                0x0044cb0c       0x50 src/main.o
 .rodata.arial_72
                0x0044cb5c        0xc src/main.o
                0x0044cb5c                arial_72
 .rodata        0x0044cb68       0x17 src/main.o
 *fill*         0x0044cb7f        0x1 
 .rodata._global_impure_ptr
                0x0044cb80        0x4 c:/program files (x86)/atmel/studio/7.0/toolchain/arm/arm-gnu-toolchain/bin/../lib/gcc/arm-none-eabi/6.3.1/../../../../arm-none-eabi/lib/thumb/v7e-m\libc.a(lib_a-impure.o)
                0x0044cb80                _global_impure_ptr
 .rodata._svfprintf_r.str1.4
                0x0044cb84       0x42 c:/program files (x86)/atmel/studio/7.0/toolchain/arm/arm-gnu-toolchain/bin/../lib/gcc/arm-none-eabi/6.3.1/../../../../arm-none-eabi/lib/thumb/v7e-m\libc.a(lib_a-svfprintf.o)
 *fill*         0x0044cbc6        0x2 
 .rodata.blanks.7223
                0x0044cbc8       0x10 c:/program files (x86)/atmel/studio/7.0/toolchain/arm/arm-gnu-toolchain/bin/../lib/gcc/arm-none-eabi/6.3.1/../../../../arm-none-eabi/lib/thumb/v7e-m\libc.a(lib_a-svfprintf.o)
 .rodata.zeroes.7224
                0x0044cbd8       0x10 c:/program files (x86)/atmel/studio/7.0/toolchain/arm/arm-gnu-toolchain/bin/../lib/gcc/arm-none-eabi/6.3.1/../../../../arm-none-eabi/lib/thumb/v7e-m\libc.a(lib_a-svfprintf.o)
 .rodata._dtoa_r.str1.4
                0x0044cbe8       0x10 c:/program files (x86)/atmel/studio/7.0/toolchain/arm/arm-gnu-toolchain/bin/../lib/gcc/arm-none-eabi/6.3.1/../../../../arm-none-eabi/lib/thumb/v7e-m\libc.a(lib_a-dtoa.o)
                                 0x12 (size before relaxing)
 .rodata.__mprec_bigtens
                0x0044cbf8       0x28 c:/program files (x86)/atmel/studio/7.0/toolchain/arm/arm-gnu-toolchain/bin/../lib/gcc/arm-none-eabi/6.3.1/../../../../arm-none-eabi/lib/thumb/v7e-m\libc.a(lib_a-mprec.o)
                0x0044cbf8                __mprec_bigtens
 .rodata.__mprec_tens
                0x0044cc20       0xc8 c:/program files (x86)/atmel/studio/7.0/toolchain/arm/arm-gnu-toolchain/bin/../lib/gcc/arm-none-eabi/6.3.1/../../../../arm-none-eabi/lib/thumb/v7e-m\libc.a(lib_a-mprec.o)
                0x0044cc20                __mprec_tens
 .rodata.p05.6055
                0x0044cce8        0xc c:/program files (x86)/atmel/studio/7.0/toolchain/arm/arm-gnu-toolchain/bin/../lib/gcc/arm-none-eabi/6.3.1/../../../../arm-none-eabi/lib/thumb/v7e-m\libc.a(lib_a-mprec.o)
 .rodata._setlocale_r.str1.4
                0x0044ccf4        0xa c:/program files (x86)/atmel/studio/7.0/toolchain/arm/arm-gnu-toolchain/bin/../lib/gcc/arm-none-eabi/6.3.1/../../../../arm-none-eabi/lib/thumb/v7e-m\libc.a(lib_a-locale.o)
                                  0xd (size before relaxing)
 *fill*         0x0044ccfe        0x2 
 .rodata.str1.4
                0x0044cd00        0x4 c:/program files (x86)/atmel/studio/7.0/toolchain/arm/arm-gnu-toolchain/bin/../lib/gcc/arm-none-eabi/6.3.1/../../../../arm-none-eabi/lib/thumb/v7e-m\libc.a(lib_a-locale.o)
                                  0x2 (size before relaxing)
 .rodata._ctype_
                0x0044cd04      0x101 c:/program files (x86)/atmel/studio/7.0/toolchain/arm/arm-gnu-toolchain/bin/../lib/gcc/arm-none-eabi/6.3.1/../../../../arm-none-eabi/lib/thumb/v7e-m\libc.a(lib_a-ctype_.o)
                0x0044cd04                _ctype_
 *(.ARM.extab* .gnu.linkonce.armextab.*)
                0x0044ce08                . = ALIGN (0x4)
 *fill*         0x0044ce05        0x3 
 *(.init)
 .init          0x0044ce08        0x4 c:/program files (x86)/atmel/studio/7.0/toolchain/arm/arm-gnu-toolchain/bin/../lib/gcc/arm-none-eabi/6.3.1/thumb/v7e-m/crti.o
                0x0044ce08                _init
 .init          0x0044ce0c        0x8 c:/program files (x86)/atmel/studio/7.0/toolchain/arm/arm-gnu-toolchain/bin/../lib/gcc/arm-none-eabi/6.3.1/thumb/v7e-m/crtn.o
                0x0044ce14                . = ALIGN (0x4)
                0x0044ce14                __preinit_array_start = .
 *(.preinit_array)
                0x0044ce14                __preinit_array_end = .
                0x0044ce14                . = ALIGN (0x4)
                0x0044ce14                __init_array_start = .
 *(SORT(.init_array.*))
 .init_array.00000
                0x0044ce14        0x4 c:/program files (x86)/atmel/studio/7.0/toolchain/arm/arm-gnu-toolchain/bin/../lib/gcc/arm-none-eabi/6.3.1/../../../../arm-none-eabi/lib/thumb/v7e-m\libc.a(lib_a-__call_atexit.o)
 *(.init_array)
 .init_array    0x0044ce18        0x4 c:/program files (x86)/atmel/studio/7.0/toolchain/arm/arm-gnu-toolchain/bin/../lib/gcc/arm-none-eabi/6.3.1/thumb/v7e-m/crtbegin.o
                0x0044ce1c                __init_array_end = .
                0x0044ce1c                . = ALIGN (0x4)
 *crtbegin.o(.ctors)
 *(EXCLUDE_FILE(*crtend.o) .ctors)
 *(SORT(.ctors.*))
 *crtend.o(.ctors)
                0x0044ce1c                . = ALIGN (0x4)
 *(.fini)
 .fini          0x0044ce1c        0x4 c:/program files (x86)/atmel/studio/7.0/toolchain/arm/arm-gnu-toolchain/bin/../lib/gcc/arm-none-eabi/6.3.1/thumb/v7e-m/crti.o
                0x0044ce1c                _fini
 .fini          0x0044ce20        0x8 c:/program files (x86)/atmel/studio/7.0/toolchain/arm/arm-gnu-toolchain/bin/../lib/gcc/arm-none-eabi/6.3.1/thumb/v7e-m/crtn.o
                0x0044ce28                . = ALIGN (0x4)
                0x0044ce28                __fini_array_start = .
 *(.fini_array)
 .fini_array    0x0044ce28        0x4 c:/program files (x86)/atmel/studio/7.0/toolchain/arm/arm-gnu-toolchain/bin/../lib/gcc/arm-none-eabi/6.3.1/thumb/v7e-m/crtbegin.o
 *(SORT(.fini_array.*))
                0x0044ce2c                __fini_array_end = .
 *crtbegin.o(.dtors)
 *(EXCLUDE_FILE(*crtend.o) .dtors)
 *(SORT(.dtors.*))
 *crtend.o(.dtors)
                0x0044ce2c                . = ALIGN (0x4)
                0x0044ce2c                _efixed = .
                [!provide]                PROVIDE (__exidx_start, .)

.vfp11_veneer   0x0044ce2c        0x0
 .vfp11_veneer  0x0044ce2c        0x0 linker stubs

.v4_bx          0x0044ce2c        0x0
 .v4_bx         0x0044ce2c        0x0 linker stubs

.iplt           0x0044ce2c        0x0
 .iplt          0x0044ce2c        0x0 c:/program files (x86)/atmel/studio/7.0/toolchain/arm/arm-gnu-toolchain/bin/../lib/gcc/arm-none-eabi/6.3.1/thumb/v7e-m/crtbegin.o

.ARM.exidx      0x0044ce2c        0x8
 *(.ARM.exidx* .gnu.linkonce.armexidx.*)
 .ARM.exidx     0x0044ce2c        0x8 c:/program files (x86)/atmel/studio/7.0/toolchain/arm/arm-gnu-toolchain/bin/../lib/gcc/arm-none-eabi/6.3.1/thumb/v7e-m\libgcc.a(_udivmoddi4.o)
                [!provide]                PROVIDE (__exidx_end, .)

.eh_frame       0x0044ce34        0x0
 .eh_frame      0x0044ce34        0x0 c:/program files (x86)/atmel/studio/7.0/toolchain/arm/arm-gnu-toolchain/bin/../lib/gcc/arm-none-eabi/6.3.1/thumb/v7e-m/crtbegin.o

.rel.dyn        0x0044ce34        0x0
 .rel.iplt      0x0044ce34        0x0 c:/program files (x86)/atmel/studio/7.0/toolchain/arm/arm-gnu-toolchain/bin/../lib/gcc/arm-none-eabi/6.3.1/thumb/v7e-m/crtbegin.o

.jcr            0x0044ce34        0x0
 .jcr           0x0044ce34        0x0 c:/program files (x86)/atmel/studio/7.0/toolchain/arm/arm-gnu-toolchain/bin/../lib/gcc/arm-none-eabi/6.3.1/thumb/v7e-m/crtbegin.o

.igot.plt       0x0044ce34        0x0
 .igot.plt      0x0044ce34        0x0 c:/program files (x86)/atmel/studio/7.0/toolchain/arm/arm-gnu-toolchain/bin/../lib/gcc/arm-none-eabi/6.3.1/thumb/v7e-m/crtbegin.o
                0x0044ce34                . = ALIGN (0x4)
                0x0044ce34                _etext = .

.relocate       0x20400000      0xae8 load address 0x0044ce34
                0x20400000                . = ALIGN (0x4)
                0x20400000                _srelocate = .
 *(.ramfunc .ramfunc.*)
 *(.data .data.*)
 .data.c_rapido
                0x20400000       0x3c src/main.o
                0x20400000                c_rapido
 .data.c_diario
                0x2040003c       0x3c src/main.o
                0x2040003c                c_diario
 .data.c_pesado
                0x20400078       0x3c src/main.o
                0x20400078                c_pesado
 .data.c_enxague
                0x204000b4       0x3c src/main.o
                0x204000b4                c_enxague
 .data.c_centrifuga
                0x204000f0       0x3c src/main.o
                0x204000f0                c_centrifuga
 .data.g_interrupt_enabled
                0x2040012c        0x1 src/ASF/common/utils/interrupt/interrupt_sam_nvic.o
                0x2040012c                g_interrupt_enabled
 *fill*         0x2040012d        0x3 
 .data.ul_flash_in_wait_mode
                0x20400130        0x4 src/ASF/sam/drivers/pmc/pmc.o
 .data.SystemCoreClock
                0x20400134        0x4 src/ASF/sam/utils/cmsis/same70/source/templates/system_same70.o
                0x20400134                SystemCoreClock
 .data._impure_ptr
                0x20400138        0x4 c:/program files (x86)/atmel/studio/7.0/toolchain/arm/arm-gnu-toolchain/bin/../lib/gcc/arm-none-eabi/6.3.1/../../../../arm-none-eabi/lib/thumb/v7e-m\libc.a(lib_a-impure.o)
                0x20400138                _impure_ptr
 *fill*         0x2040013c        0x4 
 .data.impure_data
                0x20400140      0x428 c:/program files (x86)/atmel/studio/7.0/toolchain/arm/arm-gnu-toolchain/bin/../lib/gcc/arm-none-eabi/6.3.1/../../../../arm-none-eabi/lib/thumb/v7e-m\libc.a(lib_a-impure.o)
 .data.__atexit_recursive_mutex
                0x20400568        0x4 c:/program files (x86)/atmel/studio/7.0/toolchain/arm/arm-gnu-toolchain/bin/../lib/gcc/arm-none-eabi/6.3.1/../../../../arm-none-eabi/lib/thumb/v7e-m\libc.a(lib_a-__call_atexit.o)
                0x20400568                __atexit_recursive_mutex
 .data.__malloc_av_
                0x2040056c      0x408 c:/program files (x86)/atmel/studio/7.0/toolchain/arm/arm-gnu-toolchain/bin/../lib/gcc/arm-none-eabi/6.3.1/../../../../arm-none-eabi/lib/thumb/v7e-m\libc.a(lib_a-mallocr.o)
                0x2040056c                __malloc_av_
 .data.__malloc_sbrk_base
                0x20400974        0x4 c:/program files (x86)/atmel/studio/7.0/toolchain/arm/arm-gnu-toolchain/bin/../lib/gcc/arm-none-eabi/6.3.1/../../../../arm-none-eabi/lib/thumb/v7e-m\libc.a(lib_a-mallocr.o)
                0x20400974                __malloc_sbrk_base
 .data.__malloc_trim_threshold
                0x20400978        0x4 c:/program files (x86)/atmel/studio/7.0/toolchain/arm/arm-gnu-toolchain/bin/../lib/gcc/arm-none-eabi/6.3.1/../../../../arm-none-eabi/lib/thumb/v7e-m\libc.a(lib_a-mallocr.o)
                0x20400978                __malloc_trim_threshold
 .data.__global_locale
                0x2040097c      0x16c c:/program files (x86)/atmel/studio/7.0/toolchain/arm/arm-gnu-toolchain/bin/../lib/gcc/arm-none-eabi/6.3.1/../../../../arm-none-eabi/lib/thumb/v7e-m\libc.a(lib_a-locale.o)
                0x2040097c                __global_locale
                0x20400ae8                . = ALIGN (0x4)
                0x20400ae8                _erelocate = .

.bss            0x20400ae8      0x4c4 load address 0x0044d91c
                0x20400ae8                . = ALIGN (0x4)
                0x20400ae8                _sbss = .
                0x20400ae8                _szero = .
 *(.bss .bss.*)
 .bss           0x20400ae8       0x1c c:/program files (x86)/atmel/studio/7.0/toolchain/arm/arm-gnu-toolchain/bin/../lib/gcc/arm-none-eabi/6.3.1/thumb/v7e-m/crtbegin.o
 .bss.g_ul_pixel_cache
                0x20400b04      0x3c0 src/ASF/sam/components/display/ili9488/ili9488.o
 .bss.gs_interrupt_sources
                0x20400ec4       0x70 src/ASF/sam/drivers/pio/pio_handler.o
 .bss.b_is_sleep_clock_used
                0x20400f34        0x1 src/ASF/sam/drivers/pmc/sleep.o
 *fill*         0x20400f35        0x3 
 .bss.callback_clocks_restored
                0x20400f38        0x4 src/ASF/sam/drivers/pmc/sleep.o
 .bss.heap.6420
                0x20400f3c        0x4 src/ASF/sam/utils/syscalls/gcc/syscalls.o
 .bss.__malloc_current_mallinfo
                0x20400f40       0x28 c:/program files (x86)/atmel/studio/7.0/toolchain/arm/arm-gnu-toolchain/bin/../lib/gcc/arm-none-eabi/6.3.1/../../../../arm-none-eabi/lib/thumb/v7e-m\libc.a(lib_a-mallocr.o)
                0x20400f40                __malloc_current_mallinfo
 .bss.__malloc_max_sbrked_mem
                0x20400f68        0x4 c:/program files (x86)/atmel/studio/7.0/toolchain/arm/arm-gnu-toolchain/bin/../lib/gcc/arm-none-eabi/6.3.1/../../../../arm-none-eabi/lib/thumb/v7e-m\libc.a(lib_a-mallocr.o)
                0x20400f68                __malloc_max_sbrked_mem
 .bss.__malloc_max_total_mem
                0x20400f6c        0x4 c:/program files (x86)/atmel/studio/7.0/toolchain/arm/arm-gnu-toolchain/bin/../lib/gcc/arm-none-eabi/6.3.1/../../../../arm-none-eabi/lib/thumb/v7e-m\libc.a(lib_a-mallocr.o)
                0x20400f6c                __malloc_max_total_mem
 .bss.__malloc_top_pad
                0x20400f70        0x4 c:/program files (x86)/atmel/studio/7.0/toolchain/arm/arm-gnu-toolchain/bin/../lib/gcc/arm-none-eabi/6.3.1/../../../../arm-none-eabi/lib/thumb/v7e-m\libc.a(lib_a-mallocr.o)
                0x20400f70                __malloc_top_pad
 *(COMMON)
 COMMON         0x20400f74       0x10 src/main.o
                0x20400f74                g_ili9488_display_opt
 COMMON         0x20400f84       0x21 c:/program files (x86)/atmel/studio/7.0/toolchain/arm/arm-gnu-toolchain/bin/../lib/gcc/arm-none-eabi/6.3.1/../../../../arm-none-eabi/lib/thumb/v7e-m\libc.a(lib_a-lock.o)
                0x20400f84                __lock___atexit_recursive_mutex
                0x20400f88                __lock___arc4random_mutex
                0x20400f8c                __lock___env_recursive_mutex
                0x20400f90                __lock___sinit_recursive_mutex
                0x20400f94                __lock___malloc_recursive_mutex
                0x20400f98                __lock___at_quick_exit_mutex
                0x20400f9c                __lock___dd_hash_mutex
                0x20400fa0                __lock___tz_mutex
                0x20400fa4                __lock___sfp_recursive_mutex
 *fill*         0x20400fa5        0x3 
 COMMON         0x20400fa8        0x4 c:/program files (x86)/atmel/studio/7.0/toolchain/arm/arm-gnu-toolchain/bin/../lib/gcc/arm-none-eabi/6.3.1/../../../../arm-none-eabi/lib/thumb/v7e-m\libc.a(lib_a-reent.o)
                0x20400fa8                errno
                0x20400fac                . = ALIGN (0x4)
                0x20400fac                _ebss = .
                0x20400fac                _ezero = .

.stack          0x20400fac     0x2004 load address 0x0044dde0
                0x20400fb0                . = ALIGN (0x8)
 *fill*         0x20400fac        0x4 
                0x20400fb0                _sstack = .
                0x20402fb0                . = (. + STACK_SIZE)
 *fill*         0x20400fb0     0x2000 
                0x20402fb0                . = ALIGN (0x8)
                0x20402fb0                _estack = .

.heap           0x20402fb0      0x200 load address 0x0044fde4
                0x20402fb0                . = ALIGN (0x8)
                0x20402fb0                _sheap = .
                0x204031b0                . = (. + HEAP_SIZE)
 *fill*         0x20402fb0      0x200 
                0x204031b0                . = ALIGN (0x8)
                0x204031b0                _eheap = .
                0x204031b0                . = ALIGN (0x4)
                0x204031b0                _end = .
                0x2045ffff                _ram_end_ = ((ORIGIN (ram) + LENGTH (ram)) - 0x1)
OUTPUT(SAME70_FONTS.elf elf32-littlearm)

.ARM.attributes
                0x00000000       0x2e
 .ARM.attributes
                0x00000000       0x1e c:/program files (x86)/atmel/studio/7.0/toolchain/arm/arm-gnu-toolchain/bin/../lib/gcc/arm-none-eabi/6.3.1/thumb/v7e-m/crti.o
 .ARM.attributes
                0x0000001e       0x2e c:/program files (x86)/atmel/studio/7.0/toolchain/arm/arm-gnu-toolchain/bin/../lib/gcc/arm-none-eabi/6.3.1/thumb/v7e-m/crtbegin.o
 .ARM.attributes
                0x0000004c       0x37 src/main.o
 .ARM.attributes
                0x00000083       0x37 src/ASF/common/services/spi/sam_spi/spi_master.o
 .ARM.attributes
                0x000000ba       0x37 src/ASF/sam/components/display/ili9488/ili9488.o
 .ARM.attributes
                0x000000f1       0x37 src/ASF/sam/drivers/spi/spi.o
 .ARM.attributes
                0x00000128       0x37 src/ASF/common/services/clock/same70/sysclk.o
 .ARM.attributes
                0x0000015f       0x37 src/ASF/common/utils/interrupt/interrupt_sam_nvic.o
 .ARM.attributes
                0x00000196       0x37 src/ASF/sam/boards/same70_xplained/init.o
 .ARM.attributes
                0x000001cd       0x37 src/ASF/sam/drivers/pio/pio.o
 .ARM.attributes
                0x00000204       0x37 src/ASF/sam/drivers/pio/pio_handler.o
 .ARM.attributes
                0x0000023b       0x37 src/ASF/sam/drivers/pmc/pmc.o
 .ARM.attributes
                0x00000272       0x37 src/ASF/sam/drivers/pmc/sleep.o
 .ARM.attributes
                0x000002a9       0x37 src/ASF/sam/utils/cmsis/same70/source/templates/gcc/startup_same70.o
 .ARM.attributes
                0x000002e0       0x37 src/ASF/sam/utils/cmsis/same70/source/templates/system_same70.o
 .ARM.attributes
                0x00000317       0x37 src/ASF/sam/utils/syscalls/gcc/syscalls.o
 .ARM.attributes
                0x0000034e       0x2e c:/program files (x86)/atmel/studio/7.0/toolchain/arm/arm-gnu-toolchain/bin/../lib/gcc/arm-none-eabi/6.3.1/../../../../arm-none-eabi/lib/thumb/v7e-m\libc.a(lib_a-impure.o)
 .ARM.attributes
                0x0000037c       0x2e c:/program files (x86)/atmel/studio/7.0/toolchain/arm/arm-gnu-toolchain/bin/../lib/gcc/arm-none-eabi/6.3.1/../../../../arm-none-eabi/lib/thumb/v7e-m\libc.a(lib_a-init.o)
 .ARM.attributes
                0x000003aa       0x2e c:/program files (x86)/atmel/studio/7.0/toolchain/arm/arm-gnu-toolchain/bin/../lib/gcc/arm-none-eabi/6.3.1/../../../../arm-none-eabi/lib/thumb/v7e-m\libc.a(lib_a-memset.o)
 .ARM.attributes
                0x000003d8       0x2e c:/program files (x86)/atmel/studio/7.0/toolchain/arm/arm-gnu-toolchain/bin/../lib/gcc/arm-none-eabi/6.3.1/../../../../arm-none-eabi/lib/thumb/v7e-m\libc.a(lib_a-sprintf.o)
 .ARM.attributes
                0x00000406       0x2e c:/program files (x86)/atmel/studio/7.0/toolchain/arm/arm-gnu-toolchain/bin/../lib/gcc/arm-none-eabi/6.3.1/../../../../arm-none-eabi/lib/thumb/v7e-m\libc.a(lib_a-svfprintf.o)
 .ARM.attributes
                0x00000434       0x2e c:/program files (x86)/atmel/studio/7.0/toolchain/arm/arm-gnu-toolchain/bin/../lib/gcc/arm-none-eabi/6.3.1/../../../../arm-none-eabi/lib/thumb/v7e-m\libc.a(lib_a-__call_atexit.o)
 .ARM.attributes
                0x00000462       0x2e c:/program files (x86)/atmel/studio/7.0/toolchain/arm/arm-gnu-toolchain/bin/../lib/gcc/arm-none-eabi/6.3.1/../../../../arm-none-eabi/lib/thumb/v7e-m\libc.a(lib_a-atexit.o)
 .ARM.attributes
                0x00000490       0x2e c:/program files (x86)/atmel/studio/7.0/toolchain/arm/arm-gnu-toolchain/bin/../lib/gcc/arm-none-eabi/6.3.1/../../../../arm-none-eabi/lib/thumb/v7e-m\libc.a(lib_a-dtoa.o)
 .ARM.attributes
                0x000004be       0x2e c:/program files (x86)/atmel/studio/7.0/toolchain/arm/arm-gnu-toolchain/bin/../lib/gcc/arm-none-eabi/6.3.1/../../../../arm-none-eabi/lib/thumb/v7e-m\libc.a(lib_a-fini.o)
 .ARM.attributes
                0x000004ec       0x2e c:/program files (x86)/atmel/studio/7.0/toolchain/arm/arm-gnu-toolchain/bin/../lib/gcc/arm-none-eabi/6.3.1/../../../../arm-none-eabi/lib/thumb/v7e-m\libc.a(lib_a-localeconv.o)
 .ARM.attributes
                0x0000051a       0x2e c:/program files (x86)/atmel/studio/7.0/toolchain/arm/arm-gnu-toolchain/bin/../lib/gcc/arm-none-eabi/6.3.1/../../../../arm-none-eabi/lib/thumb/v7e-m\libc.a(lib_a-lock.o)
 .ARM.attributes
                0x00000548       0x2e c:/program files (x86)/atmel/studio/7.0/toolchain/arm/arm-gnu-toolchain/bin/../lib/gcc/arm-none-eabi/6.3.1/../../../../arm-none-eabi/lib/thumb/v7e-m\libc.a(lib_a-mallocr.o)
 .ARM.attributes
                0x00000576       0x1c c:/program files (x86)/atmel/studio/7.0/toolchain/arm/arm-gnu-toolchain/bin/../lib/gcc/arm-none-eabi/6.3.1/../../../../arm-none-eabi/lib/thumb/v7e-m\libc.a(lib_a-memchr.o)
 .ARM.attributes
                0x00000592       0x1c c:/program files (x86)/atmel/studio/7.0/toolchain/arm/arm-gnu-toolchain/bin/../lib/gcc/arm-none-eabi/6.3.1/../../../../arm-none-eabi/lib/thumb/v7e-m\libc.a(lib_a-memcpy.o)
 .ARM.attributes
                0x000005ae       0x2e c:/program files (x86)/atmel/studio/7.0/toolchain/arm/arm-gnu-toolchain/bin/../lib/gcc/arm-none-eabi/6.3.1/../../../../arm-none-eabi/lib/thumb/v7e-m\libc.a(lib_a-mlock.o)
 .ARM.attributes
                0x000005dc       0x2e c:/program files (x86)/atmel/studio/7.0/toolchain/arm/arm-gnu-toolchain/bin/../lib/gcc/arm-none-eabi/6.3.1/../../../../arm-none-eabi/lib/thumb/v7e-m\libc.a(lib_a-mprec.o)
 .ARM.attributes
                0x0000060a       0x2e c:/program files (x86)/atmel/studio/7.0/toolchain/arm/arm-gnu-toolchain/bin/../lib/gcc/arm-none-eabi/6.3.1/../../../../arm-none-eabi/lib/thumb/v7e-m\libc.a(lib_a-sbrkr.o)
 .ARM.attributes
                0x00000638       0x1c c:/program files (x86)/atmel/studio/7.0/toolchain/arm/arm-gnu-toolchain/bin/../lib/gcc/arm-none-eabi/6.3.1/../../../../arm-none-eabi/lib/thumb/v7e-m\libc.a(lib_a-strlen.o)
 .ARM.attributes
                0x00000654       0x2e c:/program files (x86)/atmel/studio/7.0/toolchain/arm/arm-gnu-toolchain/bin/../lib/gcc/arm-none-eabi/6.3.1/../../../../arm-none-eabi/lib/thumb/v7e-m\libc.a(lib_a-svfiprintf.o)
 .ARM.attributes
                0x00000682       0x2e c:/program files (x86)/atmel/studio/7.0/toolchain/arm/arm-gnu-toolchain/bin/../lib/gcc/arm-none-eabi/6.3.1/../../../../arm-none-eabi/lib/thumb/v7e-m\libc.a(lib_a-__atexit.o)
 .ARM.attributes
                0x000006b0       0x2e c:/program files (x86)/atmel/studio/7.0/toolchain/arm/arm-gnu-toolchain/bin/../lib/gcc/arm-none-eabi/6.3.1/../../../../arm-none-eabi/lib/thumb/v7e-m\libc.a(lib_a-callocr.o)
 .ARM.attributes
                0x000006de       0x2e c:/program files (x86)/atmel/studio/7.0/toolchain/arm/arm-gnu-toolchain/bin/../lib/gcc/arm-none-eabi/6.3.1/../../../../arm-none-eabi/lib/thumb/v7e-m\libc.a(lib_a-freer.o)
 .ARM.attributes
                0x0000070c       0x2e c:/program files (x86)/atmel/studio/7.0/toolchain/arm/arm-gnu-toolchain/bin/../lib/gcc/arm-none-eabi/6.3.1/../../../../arm-none-eabi/lib/thumb/v7e-m\libc.a(lib_a-locale.o)
 .ARM.attributes
                0x0000073a       0x2e c:/program files (x86)/atmel/studio/7.0/toolchain/arm/arm-gnu-toolchain/bin/../lib/gcc/arm-none-eabi/6.3.1/../../../../arm-none-eabi/lib/thumb/v7e-m\libc.a(lib_a-mbtowc_r.o)
 .ARM.attributes
                0x00000768       0x2e c:/program files (x86)/atmel/studio/7.0/toolchain/arm/arm-gnu-toolchain/bin/../lib/gcc/arm-none-eabi/6.3.1/../../../../arm-none-eabi/lib/thumb/v7e-m\libc.a(lib_a-memmove.o)
 .ARM.attributes
                0x00000796       0x2e c:/program files (x86)/atmel/studio/7.0/toolchain/arm/arm-gnu-toolchain/bin/../lib/gcc/arm-none-eabi/6.3.1/../../../../arm-none-eabi/lib/thumb/v7e-m\libc.a(lib_a-reallocr.o)
 .ARM.attributes
                0x000007c4       0x2e c:/program files (x86)/atmel/studio/7.0/toolchain/arm/arm-gnu-toolchain/bin/../lib/gcc/arm-none-eabi/6.3.1/../../../../arm-none-eabi/lib/thumb/v7e-m\libc.a(lib_a-reent.o)
 .ARM.attributes
                0x000007f2       0x2e c:/program files (x86)/atmel/studio/7.0/toolchain/arm/arm-gnu-toolchain/bin/../lib/gcc/arm-none-eabi/6.3.1/../../../../arm-none-eabi/lib/thumb/v7e-m\libc.a(lib_a-wctomb_r.o)
 .ARM.attributes
                0x00000820       0x2e c:/program files (x86)/atmel/studio/7.0/toolchain/arm/arm-gnu-toolchain/bin/../lib/gcc/arm-none-eabi/6.3.1/../../../../arm-none-eabi/lib/thumb/v7e-m\libc.a(lib_a-ctype_.o)
 .ARM.attributes
                0x0000084e       0x1e c:/program files (x86)/atmel/studio/7.0/toolchain/arm/arm-gnu-toolchain/bin/../lib/gcc/arm-none-eabi/6.3.1/thumb/v7e-m\libgcc.a(_arm_addsubdf3.o)
 .ARM.attributes
                0x0000086c       0x1e c:/program files (x86)/atmel/studio/7.0/toolchain/arm/arm-gnu-toolchain/bin/../lib/gcc/arm-none-eabi/6.3.1/thumb/v7e-m\libgcc.a(_arm_muldivdf3.o)
 .ARM.attributes
                0x0000088a       0x1e c:/program files (x86)/atmel/studio/7.0/toolchain/arm/arm-gnu-toolchain/bin/../lib/gcc/arm-none-eabi/6.3.1/thumb/v7e-m\libgcc.a(_arm_cmpdf2.o)
 .ARM.attributes
                0x000008a8       0x1e c:/program files (x86)/atmel/studio/7.0/toolchain/arm/arm-gnu-toolchain/bin/../lib/gcc/arm-none-eabi/6.3.1/thumb/v7e-m\libgcc.a(_arm_unorddf2.o)
 .ARM.attributes
                0x000008c6       0x1e c:/program files (x86)/atmel/studio/7.0/toolchain/arm/arm-gnu-toolchain/bin/../lib/gcc/arm-none-eabi/6.3.1/thumb/v7e-m\libgcc.a(_arm_fixdfsi.o)
 .ARM.attributes
                0x000008e4       0x1e c:/program files (x86)/atmel/studio/7.0/toolchain/arm/arm-gnu-toolchain/bin/../lib/gcc/arm-none-eabi/6.3.1/thumb/v7e-m\libgcc.a(_aeabi_uldivmod.o)
 .ARM.attributes
                0x00000902       0x2e c:/program files (x86)/atmel/studio/7.0/toolchain/arm/arm-gnu-toolchain/bin/../lib/gcc/arm-none-eabi/6.3.1/thumb/v7e-m\libgcc.a(_udivmoddi4.o)
 .ARM.attributes
                0x00000930       0x1e c:/program files (x86)/atmel/studio/7.0/toolchain/arm/arm-gnu-toolchain/bin/../lib/gcc/arm-none-eabi/6.3.1/thumb/v7e-m\libgcc.a(_dvmd_tls.o)
 .ARM.attributes
                0x0000094e       0x1e c:/program files (x86)/atmel/studio/7.0/toolchain/arm/arm-gnu-toolchain/bin/../lib/gcc/arm-none-eabi/6.3.1/thumb/v7e-m/crtn.o

.comment        0x00000000       0x59
 .comment       0x00000000       0x59 src/main.o
                                 0x5a (size before relaxing)
 .comment       0x00000059       0x5a src/ASF/common/services/spi/sam_spi/spi_master.o
 .comment       0x00000059       0x5a src/ASF/sam/components/display/ili9488/ili9488.o
 .comment       0x00000059       0x5a src/ASF/sam/drivers/spi/spi.o
 .comment       0x00000059       0x5a src/ASF/common/services/clock/same70/sysclk.o
 .comment       0x00000059       0x5a src/ASF/common/utils/interrupt/interrupt_sam_nvic.o
 .comment       0x00000059       0x5a src/ASF/sam/boards/same70_xplained/init.o
 .comment       0x00000059       0x5a src/ASF/sam/drivers/pio/pio.o
 .comment       0x00000059       0x5a src/ASF/sam/drivers/pio/pio_handler.o
 .comment       0x00000059       0x5a src/ASF/sam/drivers/pmc/pmc.o
 .comment       0x00000059       0x5a src/ASF/sam/drivers/pmc/sleep.o
 .comment       0x00000059       0x5a src/ASF/sam/utils/cmsis/same70/source/templates/gcc/startup_same70.o
 .comment       0x00000059       0x5a src/ASF/sam/utils/cmsis/same70/source/templates/system_same70.o
 .comment       0x00000059       0x5a src/ASF/sam/utils/syscalls/gcc/syscalls.o

.debug_info     0x00000000    0x13c86
 .debug_info    0x00000000     0x2430 src/main.o
 .debug_info    0x00002430     0x143e src/ASF/common/services/spi/sam_spi/spi_master.o
 .debug_info    0x0000386e     0x208c src/ASF/sam/components/display/ili9488/ili9488.o
 .debug_info    0x000058fa     0x1123 src/ASF/sam/drivers/spi/spi.o
 .debug_info    0x00006a1d     0x1311 src/ASF/common/services/clock/same70/sysclk.o
 .debug_info    0x00007d2e      0xb06 src/ASF/common/utils/interrupt/interrupt_sam_nvic.o
 .debug_info    0x00008834     0x1dad src/ASF/sam/boards/same70_xplained/init.o
 .debug_info    0x0000a5e1     0x1ce3 src/ASF/sam/drivers/pio/pio.o
 .debug_info    0x0000c2c4     0x1a74 src/ASF/sam/drivers/pio/pio_handler.o
 .debug_info    0x0000dd38     0x1eed src/ASF/sam/drivers/pmc/pmc.o
 .debug_info    0x0000fc25     0x16bf src/ASF/sam/drivers/pmc/sleep.o
 .debug_info    0x000112e4     0x1612 src/ASF/sam/utils/cmsis/same70/source/templates/gcc/startup_same70.o
 .debug_info    0x000128f6      0x5d4 src/ASF/sam/utils/cmsis/same70/source/templates/system_same70.o
 .debug_info    0x00012eca      0xdbc src/ASF/sam/utils/syscalls/gcc/syscalls.o

.debug_abbrev   0x00000000     0x251b
 .debug_abbrev  0x00000000      0x295 src/main.o
 .debug_abbrev  0x00000295      0x305 src/ASF/common/services/spi/sam_spi/spi_master.o
 .debug_abbrev  0x0000059a      0x2f4 src/ASF/sam/components/display/ili9488/ili9488.o
 .debug_abbrev  0x0000088e      0x2cf src/ASF/sam/drivers/spi/spi.o
 .debug_abbrev  0x00000b5d      0x296 src/ASF/common/services/clock/same70/sysclk.o
 .debug_abbrev  0x00000df3      0x214 src/ASF/common/utils/interrupt/interrupt_sam_nvic.o
 .debug_abbrev  0x00001007      0x3f4 src/ASF/sam/boards/same70_xplained/init.o
 .debug_abbrev  0x000013fb      0x296 src/ASF/sam/drivers/pio/pio.o
 .debug_abbrev  0x00001691      0x2c9 src/ASF/sam/drivers/pio/pio_handler.o
 .debug_abbrev  0x0000195a      0x2ce src/ASF/sam/drivers/pmc/pmc.o
 .debug_abbrev  0x00001c28      0x2df src/ASF/sam/drivers/pmc/sleep.o
 .debug_abbrev  0x00001f07      0x2e8 src/ASF/sam/utils/cmsis/same70/source/templates/gcc/startup_same70.o
 .debug_abbrev  0x000021ef      0x102 src/ASF/sam/utils/cmsis/same70/source/templates/system_same70.o
 .debug_abbrev  0x000022f1      0x22a src/ASF/sam/utils/syscalls/gcc/syscalls.o

.debug_loc      0x00000000     0x572f
 .debug_loc     0x00000000       0xf9 src/main.o
 .debug_loc     0x000000f9      0x830 src/ASF/common/services/spi/sam_spi/spi_master.o
 .debug_loc     0x00000929      0xd20 src/ASF/sam/components/display/ili9488/ili9488.o
 .debug_loc     0x00001649      0x630 src/ASF/sam/drivers/spi/spi.o
 .debug_loc     0x00001c79      0x4a0 src/ASF/common/services/clock/same70/sysclk.o
 .debug_loc     0x00002119       0xa0 src/ASF/common/utils/interrupt/interrupt_sam_nvic.o
 .debug_loc     0x000021b9      0x2fc src/ASF/sam/boards/same70_xplained/init.o
 .debug_loc     0x000024b5     0x1174 src/ASF/sam/drivers/pio/pio.o
 .debug_loc     0x00003629      0x38c src/ASF/sam/drivers/pio/pio_handler.o
 .debug_loc     0x000039b5     0x1744 src/ASF/sam/drivers/pmc/pmc.o
 .debug_loc     0x000050f9       0xe6 src/ASF/sam/drivers/pmc/sleep.o
 .debug_loc     0x000051df      0x16c src/ASF/sam/utils/cmsis/same70/source/templates/gcc/startup_same70.o
 .debug_loc     0x0000534b       0xe4 src/ASF/sam/utils/cmsis/same70/source/templates/system_same70.o
 .debug_loc     0x0000542f      0x300 src/ASF/sam/utils/syscalls/gcc/syscalls.o

.debug_aranges  0x00000000      0x9c8
 .debug_aranges
                0x00000000       0x38 src/main.o
 .debug_aranges
                0x00000038       0xe0 src/ASF/common/services/spi/sam_spi/spi_master.o
 .debug_aranges
                0x00000118      0x168 src/ASF/sam/components/display/ili9488/ili9488.o
 .debug_aranges
                0x00000280       0xa8 src/ASF/sam/drivers/spi/spi.o
 .debug_aranges
                0x00000328       0x98 src/ASF/common/services/clock/same70/sysclk.o
 .debug_aranges
                0x000003c0       0x28 src/ASF/common/utils/interrupt/interrupt_sam_nvic.o
 .debug_aranges
                0x000003e8       0x68 src/ASF/sam/boards/same70_xplained/init.o
 .debug_aranges
                0x00000450      0x1a8 src/ASF/sam/drivers/pio/pio.o
 .debug_aranges
                0x000005f8       0x80 src/ASF/sam/drivers/pio/pio_handler.o
 .debug_aranges
                0x00000678      0x250 src/ASF/sam/drivers/pmc/pmc.o
 .debug_aranges
                0x000008c8       0x30 src/ASF/sam/drivers/pmc/sleep.o
 .debug_aranges
                0x000008f8       0x40 src/ASF/sam/utils/cmsis/same70/source/templates/gcc/startup_same70.o
 .debug_aranges
                0x00000938       0x30 src/ASF/sam/utils/cmsis/same70/source/templates/system_same70.o
 .debug_aranges
                0x00000968       0x60 src/ASF/sam/utils/syscalls/gcc/syscalls.o

.debug_ranges   0x00000000      0x960
 .debug_ranges  0x00000000       0x28 src/main.o
 .debug_ranges  0x00000028       0xd0 src/ASF/common/services/spi/sam_spi/spi_master.o
 .debug_ranges  0x000000f8      0x158 src/ASF/sam/components/display/ili9488/ili9488.o
 .debug_ranges  0x00000250       0x98 src/ASF/sam/drivers/spi/spi.o
 .debug_ranges  0x000002e8       0x88 src/ASF/common/services/clock/same70/sysclk.o
 .debug_ranges  0x00000370       0x18 src/ASF/common/utils/interrupt/interrupt_sam_nvic.o
 .debug_ranges  0x00000388       0xd0 src/ASF/sam/boards/same70_xplained/init.o
 .debug_ranges  0x00000458      0x198 src/ASF/sam/drivers/pio/pio.o
 .debug_ranges  0x000005f0       0x70 src/ASF/sam/drivers/pio/pio_handler.o
 .debug_ranges  0x00000660      0x240 src/ASF/sam/drivers/pmc/pmc.o
 .debug_ranges  0x000008a0       0x20 src/ASF/sam/drivers/pmc/sleep.o
 .debug_ranges  0x000008c0       0x30 src/ASF/sam/utils/cmsis/same70/source/templates/gcc/startup_same70.o
 .debug_ranges  0x000008f0       0x20 src/ASF/sam/utils/cmsis/same70/source/templates/system_same70.o
 .debug_ranges  0x00000910       0x50 src/ASF/sam/utils/syscalls/gcc/syscalls.o

.debug_macro    0x00000000     0x7c69
 .debug_macro   0x00000000      0x819 src/main.o
 .debug_macro   0x00000819       0x3a src/main.o
 .debug_macro   0x00000853      0x2c3 src/main.o
 .debug_macro   0x00000b16      0xa91 src/main.o
 .debug_macro   0x000015a7       0x70 src/main.o
 .debug_macro   0x00001617       0x64 src/main.o
 .debug_macro   0x0000167b       0x5f src/main.o
 .debug_macro   0x000016da       0xac src/main.o
 .debug_macro   0x00001786       0x28 src/main.o
 .debug_macro   0x000017ae       0x22 src/main.o
 .debug_macro   0x000017d0       0x16 src/main.o
 .debug_macro   0x000017e6      0x41e src/main.o
 .debug_macro   0x00001c04       0x94 src/main.o
 .debug_macro   0x00001c98       0x40 src/main.o
 .debug_macro   0x00001cd8       0x88 src/main.o
 .debug_macro   0x00001d60      0x1c8 src/main.o
 .debug_macro   0x00001f28       0x34 src/main.o
 .debug_macro   0x00001f5c       0x16 src/main.o
 .debug_macro   0x00001f72       0x1c src/main.o
 .debug_macro   0x00001f8e       0x16 src/main.o
 .debug_macro   0x00001fa4       0x28 src/main.o
 .debug_macro   0x00001fcc       0x2e src/main.o
 .debug_macro   0x00001ffa      0x1e1 src/main.o
 .debug_macro   0x000021db      0x733 src/ASF/common/services/spi/sam_spi/spi_master.o
 .debug_macro   0x0000290e      0x772 src/ASF/sam/components/display/ili9488/ili9488.o
 .debug_macro   0x00003080       0x16 src/ASF/sam/components/display/ili9488/ili9488.o
 .debug_macro   0x00003096       0x16 src/ASF/sam/components/display/ili9488/ili9488.o
 .debug_macro   0x000030ac      0x6fb src/ASF/sam/drivers/spi/spi.o
 .debug_macro   0x000037a7       0x10 src/ASF/sam/drivers/spi/spi.o
 .debug_macro   0x000037b7      0x6f2 src/ASF/common/services/clock/same70/sysclk.o
 .debug_macro   0x00003ea9      0x2bd src/ASF/common/services/clock/same70/sysclk.o
 .debug_macro   0x00004166      0x676 src/ASF/common/utils/interrupt/interrupt_sam_nvic.o
 .debug_macro   0x000047dc      0x72e src/ASF/sam/boards/same70_xplained/init.o
 .debug_macro   0x00004f0a       0x16 src/ASF/sam/boards/same70_xplained/init.o
 .debug_macro   0x00004f20       0x82 src/ASF/sam/boards/same70_xplained/init.o
 .debug_macro   0x00004fa2      0x68c src/ASF/sam/drivers/pio/pio.o
 .debug_macro   0x0000562e       0x8e src/ASF/sam/drivers/pio/pio.o
 .debug_macro   0x000056bc      0x697 src/ASF/sam/drivers/pio/pio_handler.o
 .debug_macro   0x00005d53      0x68c src/ASF/sam/drivers/pmc/pmc.o
 .debug_macro   0x000063df       0x6a src/ASF/sam/drivers/pmc/pmc.o
 .debug_macro   0x00006449      0x6a6 src/ASF/sam/drivers/pmc/sleep.o
 .debug_macro   0x00006aef      0x685 src/ASF/sam/utils/cmsis/same70/source/templates/gcc/startup_same70.o
 .debug_macro   0x00007174       0x10 src/ASF/sam/utils/cmsis/same70/source/templates/gcc/startup_same70.o
 .debug_macro   0x00007184      0x473 src/ASF/sam/utils/cmsis/same70/source/templates/system_same70.o
 .debug_macro   0x000075f7      0x1d6 src/ASF/sam/utils/syscalls/gcc/syscalls.o
 .debug_macro   0x000077cd       0x52 src/ASF/sam/utils/syscalls/gcc/syscalls.o