Archive member included to satisfy reference by file (symbol)

c:/program files (x86)/atmel/studio/7.0/toolchain/arm/arm-gnu-toolchain/bin/../lib/gcc/arm-none-eabi/6.3.1/../../../../arm-none-eabi/lib/thumb/v7e-m\libc.a(lib_a-exit.o)
                              c:/program files (x86)/atmel/studio/7.0/toolchain/arm/arm-gnu-toolchain/bin/../lib/gcc/arm-none-eabi/6.3.1/../../../../arm-none-eabi/lib/thumb/v7e-m/crt0.o (exit)
c:/program files (x86)/atmel/studio/7.0/toolchain/arm/arm-gnu-toolchain/bin/../lib/gcc/arm-none-eabi/6.3.1/../../../../arm-none-eabi/lib/thumb/v7e-m\libc.a(lib_a-impure.o)
                              c:/program files (x86)/atmel/studio/7.0/toolchain/arm/arm-gnu-toolchain/bin/../lib/gcc/arm-none-eabi/6.3.1/../../../../arm-none-eabi/lib/thumb/v7e-m\libc.a(lib_a-exit.o) (_global_impure_ptr)
c:/program files (x86)/atmel/studio/7.0/toolchain/arm/arm-gnu-toolchain/bin/../lib/gcc/arm-none-eabi/6.3.1/../../../../arm-none-eabi/lib/thumb/v7e-m\libc.a(lib_a-init.o)
                              c:/program files (x86)/atmel/studio/7.0/toolchain/arm/arm-gnu-toolchain/bin/../lib/gcc/arm-none-eabi/6.3.1/../../../../arm-none-eabi/lib/thumb/v7e-m/crt0.o (__libc_init_array)
c:/program files (x86)/atmel/studio/7.0/toolchain/arm/arm-gnu-toolchain/bin/../lib/gcc/arm-none-eabi/6.3.1/../../../../arm-none-eabi/lib/thumb/v7e-m\libc.a(lib_a-malloc.o)
                              src/ASF/common/components/touch/mxt/mxt_device_1.o (malloc)
c:/program files (x86)/atmel/studio/7.0/toolchain/arm/arm-gnu-toolchain/bin/../lib/gcc/arm-none-eabi/6.3.1/../../../../arm-none-eabi/lib/thumb/v7e-m\libc.a(lib_a-mallocr.o)
                              c:/program files (x86)/atmel/studio/7.0/toolchain/arm/arm-gnu-toolchain/bin/../lib/gcc/arm-none-eabi/6.3.1/../../../../arm-none-eabi/lib/thumb/v7e-m\libc.a(lib_a-malloc.o) (_malloc_r)
c:/program files (x86)/atmel/studio/7.0/toolchain/arm/arm-gnu-toolchain/bin/../lib/gcc/arm-none-eabi/6.3.1/../../../../arm-none-eabi/lib/thumb/v7e-m\libc.a(lib_a-memset.o)
                              c:/program files (x86)/atmel/studio/7.0/toolchain/arm/arm-gnu-toolchain/bin/../lib/gcc/arm-none-eabi/6.3.1/../../../../arm-none-eabi/lib/thumb/v7e-m/crt0.o (memset)
c:/program files (x86)/atmel/studio/7.0/toolchain/arm/arm-gnu-toolchain/bin/../lib/gcc/arm-none-eabi/6.3.1/../../../../arm-none-eabi/lib/thumb/v7e-m\libc.a(lib_a-mlock.o)
                              c:/program files (x86)/atmel/studio/7.0/toolchain/arm/arm-gnu-toolchain/bin/../lib/gcc/arm-none-eabi/6.3.1/../../../../arm-none-eabi/lib/thumb/v7e-m\libc.a(lib_a-mallocr.o) (__malloc_lock)
c:/program files (x86)/atmel/studio/7.0/toolchain/arm/arm-gnu-toolchain/bin/../lib/gcc/arm-none-eabi/6.3.1/../../../../arm-none-eabi/lib/thumb/v7e-m\libc.a(lib_a-sbrkr.o)
                              c:/program files (x86)/atmel/studio/7.0/toolchain/arm/arm-gnu-toolchain/bin/../lib/gcc/arm-none-eabi/6.3.1/../../../../arm-none-eabi/lib/thumb/v7e-m\libc.a(lib_a-mallocr.o) (_sbrk_r)
c:/program files (x86)/atmel/studio/7.0/toolchain/arm/arm-gnu-toolchain/bin/../lib/gcc/arm-none-eabi/6.3.1/../../../../arm-none-eabi/lib/thumb/v7e-m\libc.a(lib_a-setbuf.o)
                              src/main.o (setbuf)
c:/program files (x86)/atmel/studio/7.0/toolchain/arm/arm-gnu-toolchain/bin/../lib/gcc/arm-none-eabi/6.3.1/../../../../arm-none-eabi/lib/thumb/v7e-m\libc.a(lib_a-setvbuf.o)
                              c:/program files (x86)/atmel/studio/7.0/toolchain/arm/arm-gnu-toolchain/bin/../lib/gcc/arm-none-eabi/6.3.1/../../../../arm-none-eabi/lib/thumb/v7e-m\libc.a(lib_a-setbuf.o) (setvbuf)
c:/program files (x86)/atmel/studio/7.0/toolchain/arm/arm-gnu-toolchain/bin/../lib/gcc/arm-none-eabi/6.3.1/../../../../arm-none-eabi/lib/thumb/v7e-m\libc.a(lib_a-sprintf.o)
                              src/main.o (sprintf)
c:/program files (x86)/atmel/studio/7.0/toolchain/arm/arm-gnu-toolchain/bin/../lib/gcc/arm-none-eabi/6.3.1/../../../../arm-none-eabi/lib/thumb/v7e-m\libc.a(lib_a-strcpy.o)
                              src/main.o (strcpy)
c:/program files (x86)/atmel/studio/7.0/toolchain/arm/arm-gnu-toolchain/bin/../lib/gcc/arm-none-eabi/6.3.1/../../../../arm-none-eabi/lib/thumb/v7e-m\libc.a(lib_a-strlen.o)
                              src/main.o (strlen)
c:/program files (x86)/atmel/studio/7.0/toolchain/arm/arm-gnu-toolchain/bin/../lib/gcc/arm-none-eabi/6.3.1/../../../../arm-none-eabi/lib/thumb/v7e-m\libc.a(lib_a-svfprintf.o)
                              c:/program files (x86)/atmel/studio/7.0/toolchain/arm/arm-gnu-toolchain/bin/../lib/gcc/arm-none-eabi/6.3.1/../../../../arm-none-eabi/lib/thumb/v7e-m\libc.a(lib_a-sprintf.o) (_svfprintf_r)
c:/program files (x86)/atmel/studio/7.0/toolchain/arm/arm-gnu-toolchain/bin/../lib/gcc/arm-none-eabi/6.3.1/../../../../arm-none-eabi/lib/thumb/v7e-m\libc.a(lib_a-__call_atexit.o)
[...]
Memory Configuration

Name             Origin             Length             Attributes
rom              0x00400000         0x00200000         xr
ram              0x20400000         0x00060000         xrw
*default*        0x00000000         0xffffffff

Linker script and memory map

LOAD c:/program files (x86)/atmel/studio/7.0/toolchain/arm/arm-gnu-toolchain/bin/../lib/gcc/arm-none-eabi/6.3.1/thumb/v7e-m/crti.o
LOAD c:/program files (x86)/atmel/studio/7.0/toolchain/arm/arm-gnu-toolchain/bin/../lib/gcc/arm-none-eabi/6.3.1/thumb/v7e-m/crtbegin.o
LOAD c:/program files (x86)/atmel/studio/7.0/toolchain/arm/arm-gnu-toolchain/bin/../lib/gcc/arm-none-eabi/6.3.1/../../../../arm-none-eabi/lib/thumb/v7e-m/crt0.o
LOAD src/ASF/sam/drivers/rtc/rtc.o
LOAD src/ASF/sam/drivers/tc/tc.o
LOAD src/ASF/common/components/touch/mxt/mxt_device_1.o
LOAD src/ASF/common/services/clock/same70/sysclk.o
LOAD src/ASF/common/services/delay/sam/cycle_counter.o
LOAD src/ASF/common/services/serial/usart_serial.o
LOAD src/ASF/common/services/spi/sam_spi/spi_master.o
LOAD src/ASF/common/utils/interrupt/interrupt_sam_nvic.o
LOAD src/ASF/common/utils/stdio/read.o
LOAD src/ASF/common/utils/stdio/write.o
LOAD src/ASF/sam/boards/same70_xplained/init.o
LOAD src/ASF/sam/components/display/ili9488/ili9488.o
LOAD src/ASF/sam/drivers/mpu/mpu.o
LOAD src/ASF/sam/drivers/pio/pio.o
LOAD src/ASF/sam/drivers/pio/pio_handler.o
LOAD src/ASF/sam/drivers/pmc/pmc.o
LOAD src/ASF/sam/drivers/pmc/sleep.o
LOAD src/ASF/sam/drivers/spi/spi.o
LOAD src/ASF/sam/drivers/twihs/twihs.o
LOAD src/ASF/sam/drivers/uart/uart.o
LOAD src/ASF/sam/drivers/usart/usart.o
LOAD src/ASF/sam/utils/cmsis/same70/source/templates/gcc/startup_same70.o
LOAD src/ASF/sam/utils/cmsis/same70/source/templates/system_same70.o
LOAD src/ASF/sam/utils/syscalls/gcc/syscalls.o
LOAD src/main.o
START GROUP
LOAD ../src/ASF/thirdparty/CMSIS/Lib/GCC\libarm_cortexM7lfsp_math_softfp.a
LOAD c:/program files (x86)/atmel/studio/7.0/toolchain/arm/arm-gnu-toolchain/bin/../lib/gcc/arm-none-eabi/6.3.1/../../../../arm-none-eabi/lib/thumb/v7e-m\libm.a
END GROUP
START GROUP
LOAD c:/program files (x86)/atmel/studio/7.0/toolchain/arm/arm-gnu-toolchain/bin/../lib/gcc/arm-none-eabi/6.3.1/thumb/v7e-m\libgcc.a
LOAD c:/program files (x86)/atmel/studio/7.0/toolchain/arm/arm-gnu-toolchain/bin/../lib/gcc/arm-none-eabi/6.3.1/../../../../arm-none-eabi/lib/thumb/v7e-m\libc.a
END GROUP
LOAD c:/program files (x86)/atmel/studio/7.0/toolchain/arm/arm-gnu-toolchain/bin/../lib/gcc/arm-none-eabi/6.3.1/thumb/v7e-m/crtend.o
LOAD c:/program files (x86)/atmel/studio/7.0/toolchain/arm/arm-gnu-toolchain/bin/../lib/gcc/arm-none-eabi/6.3.1/thumb/v7e-m/crtn.o
                0x00002000                STACK_SIZE = DEFINED (STACK_SIZE)?STACK_SIZE:0x2000
                0x2045fffc                __ram_end__ = ((ORIGIN (ram) + LENGTH (ram)) - 0x4)
                0x00000200                HEAP_SIZE = DEFINED (HEAP_SIZE)?HEAP_SIZE:0x200

.text           0x00400000    0x375ac
                0x00400000                . = ALIGN (0x4)
                0x00400000                _sfixed = .
 *(.vectors .vectors.*)
 .vectors       0x00400000      0x168 src/ASF/sam/utils/cmsis/same70/source/templates/gcc/startup_same70.o
                0x00400000                exception_table
 *(.text .text.* .gnu.linkonce.t.*)
 .text          0x00400168       0x6c c:/program files (x86)/atmel/studio/7.0/toolchain/arm/arm-gnu-toolchain/bin/../lib/gcc/arm-none-eabi/6.3.1/thumb/v7e-m/crtbegin.o
 .text.rtc_set_hour_mode
                0x004001d4       0x16 src/ASF/sam/drivers/rtc/rtc.o
                0x004001d4                rtc_set_hour_mode
 .text.rtc_enable_interrupt
                0x004001ea        0x4 src/ASF/sam/drivers/rtc/rtc.o
                0x004001ea                rtc_enable_interrupt
 .text.rtc_get_time
                0x004001ee       0x5a src/ASF/sam/drivers/rtc/rtc.o
                0x004001ee                rtc_get_time
 .text.rtc_set_time
                0x00400248       0x90 src/ASF/sam/drivers/rtc/rtc.o
                0x00400248                rtc_set_time
 .text.rtc_set_time_alarm
                0x004002d8       0x94 src/ASF/sam/drivers/rtc/rtc.o
                0x004002d8                rtc_set_time_alarm
 .text.rtc_set_date
                0x0040036c       0xb8 src/ASF/sam/drivers/rtc/rtc.o
                0x0040036c                rtc_set_date
 .text.rtc_set_date_alarm
                0x00400424       0x60 src/ASF/sam/drivers/rtc/rtc.o
                0x00400424                rtc_set_date_alarm
 .text.rtc_get_status
                0x00400484        0x4 src/ASF/sam/drivers/rtc/rtc.o
                0x00400484                rtc_get_status
 .text.rtc_clear_status
                0x00400488        0x4 src/ASF/sam/drivers/rtc/rtc.o
                0x00400488                rtc_clear_status
 .text.tc_init  0x0040048c       0x1a src/ASF/sam/drivers/tc/tc.o
                0x0040048c                tc_init
 .text.tc_start
                0x004004a6        0x8 src/ASF/sam/drivers/tc/tc.o
                0x004004a6                tc_start
 .text.tc_stop  0x004004ae        0x8 src/ASF/sam/drivers/tc/tc.o
                0x004004ae                tc_stop
 .text.tc_write_rc
                0x004004b6        0x8 src/ASF/sam/drivers/tc/tc.o
                0x004004b6                tc_write_rc
 .text.tc_enable_interrupt
                0x004004be        0x8 src/ASF/sam/drivers/tc/tc.o
                0x004004be                tc_enable_interrupt
 .text.tc_get_status
                0x004004c6        0x8 src/ASF/sam/drivers/tc/tc.o
                0x004004c6                tc_get_status
 .text.tc_find_mck_divisor
                0x004004ce       0x70 src/ASF/sam/drivers/tc/tc.o
                0x004004ce                tc_find_mck_divisor
 *fill*         0x0040053e        0x2 
 .text.mxt_init_device
                0x00400540      0x298 src/ASF/common/components/touch/mxt/mxt_device_1.o
                0x00400540                mxt_init_device
 .text.mxt_get_object_address
                0x004007d8       0x40 src/ASF/common/components/touch/mxt/mxt_device_1.o
                0x004007d8                mxt_get_object_address
 .text.mxt_write_config_object
                0x00400818       0x78 src/ASF/common/components/touch/mxt/mxt_device_1.o
                0x00400818                mxt_write_config_object
 .text.mxt_write_config_reg
                0x00400890       0x48 src/ASF/common/components/touch/mxt/mxt_device_1.o
                0x00400890                mxt_write_config_reg
 .text.mxt_is_message_pending
                0x004008d8       0x24 src/ASF/common/components/touch/mxt/mxt_device_1.o
                0x004008d8                mxt_is_message_pending
 .text.mxt_read_message
                0x004008fc       0x4c src/ASF/common/components/touch/mxt/mxt_device_1.o
                0x004008fc                mxt_read_message
 .text.mxt_read_touch_event
                0x00400948       0x70 src/ASF/common/components/touch/mxt/mxt_device_1.o
                0x00400948                mxt_read_touch_event
 .text.sysclk_init
                0x004009b8       0x74 src/ASF/common/services/clock/same70/sysclk.o
                0x004009b8                sysclk_init
 .text.usart_serial_write_packet
                0x00400a2c       0xd8 src/ASF/common/services/serial/usart_serial.o
                0x00400a2c                usart_serial_write_packet
 .text.spi_master_init
                0x00400b04       0x54 src/ASF/common/services/spi/sam_spi/spi_master.o
                0x00400b04                spi_master_init
 .text.spi_master_setup_device
                0x00400b58       0x80 src/ASF/common/services/spi/sam_spi/spi_master.o
                0x00400b58                spi_master_setup_device
 .text.spi_select_device
                0x00400bd8       0x30 src/ASF/common/services/spi/sam_spi/spi_master.o
                0x00400bd8                spi_select_device
 .text.spi_write_packet
                0x00400c08       0x36 src/ASF/common/services/spi/sam_spi/spi_master.o
                0x00400c08                spi_write_packet
 .text.spi_read_packet
                0x00400c3e       0x54 src/ASF/common/services/spi/sam_spi/spi_master.o
                0x00400c3e                spi_read_packet
 *fill*         0x00400c92        0x2 
 .text._read    0x00400c94       0x3c src/ASF/common/utils/stdio/read.o
                0x00400c94                _read
 .text._write   0x00400cd0       0x50 src/ASF/common/utils/stdio/write.o
                0x00400cd0                _write
 .text.board_init
                0x00400d20      0x2bc src/ASF/sam/boards/same70_xplained/init.o
                0x00400d20                board_init
 .text.ili9488_check_box_coordinates
                0x00400fdc       0x56 src/ASF/sam/components/display/ili9488/ili9488.o
 *fill*         0x00401032        0x2 
 .text.ili9488_write_ram_prepare
                0x00401034       0x3c src/ASF/sam/components/display/ili9488/ili9488.o
 .text.ili9488_write_register
                0x00401070       0x74 src/ASF/sam/components/display/ili9488/ili9488.o
 .text.ili9488_write_ram_buffer
                0x004010e4       0x40 src/ASF/sam/components/display/ili9488/ili9488.o
 .text.ili9488_delay
                0x00401124       0x1c src/ASF/sam/components/display/ili9488/ili9488.o
                0x00401124                ili9488_delay
 .text.ili9488_set_display_direction
                0x00401140       0x2c src/ASF/sam/components/display/ili9488/ili9488.o
                0x00401140                ili9488_set_display_direction
 .text.ili9488_set_window
                0x0040116c       0x80 src/ASF/sam/components/display/ili9488/ili9488.o
                0x0040116c                ili9488_set_window
 .text.ili9488_display_on
                0x004011ec       0x14 src/ASF/sam/components/display/ili9488/ili9488.o
                0x004011ec                ili9488_display_on
 .text.ili9488_set_foreground_color
                0x00401200       0x28 src/ASF/sam/components/display/ili9488/ili9488.o
                0x00401200                ili9488_set_foreground_color
 .text.ili9488_set_cursor_position
                0x00401228       0x64 src/ASF/sam/components/display/ili9488/ili9488.o
                0x00401228                ili9488_set_cursor_position
 .text.ili9488_init
                0x0040128c      0x1c4 src/ASF/sam/components/display/ili9488/ili9488.o
                0x0040128c                ili9488_init
 .text.ili9488_draw_filled_rectangle
                0x00401450       0xbc src/ASF/sam/components/display/ili9488/ili9488.o
                0x00401450                ili9488_draw_filled_rectangle
 .text.ili9488_draw_pixmap
                0x0040150c       0x78 src/ASF/sam/components/display/ili9488/ili9488.o
                0x0040150c                ili9488_draw_pixmap
 .text.pio_set  0x00401584        0x4 src/ASF/sam/drivers/pio/pio.o
                0x00401584                pio_set
 .text.pio_set_peripheral
                0x00401588       0x92 src/ASF/sam/drivers/pio/pio.o
                0x00401588                pio_set_peripheral
 .text.pio_set_input
                0x0040161a       0x36 src/ASF/sam/drivers/pio/pio.o
                0x0040161a                pio_set_input
 .text.pio_set_output
                0x00401650       0x28 src/ASF/sam/drivers/pio/pio.o
                0x00401650                pio_set_output
 .text.pio_configure
                0x00401678       0x90 src/ASF/sam/drivers/pio/pio.o
                0x00401678                pio_configure
 .text.pio_get_interrupt_status
                0x00401708        0x4 src/ASF/sam/drivers/pio/pio.o
                0x00401708                pio_get_interrupt_status
 .text.pio_get_interrupt_mask
                0x0040170c        0x4 src/ASF/sam/drivers/pio/pio.o
                0x0040170c                pio_get_interrupt_mask
 .text.pio_set_pin_high
                0x00401710       0x1c src/ASF/sam/drivers/pio/pio.o
                0x00401710                pio_set_pin_high
 .text.pio_set_pin_low
                0x0040172c       0x1c src/ASF/sam/drivers/pio/pio.o
                0x0040172c                pio_set_pin_low
 .text.pio_configure_pin
                0x00401748      0x130 src/ASF/sam/drivers/pio/pio.o
                0x00401748                pio_configure_pin
 .text.pio_handler_process
                0x00401878       0x50 src/ASF/sam/drivers/pio/pio_handler.o
                0x00401878                pio_handler_process
 .text.PIOA_Handler
                0x004018c8       0x14 src/ASF/sam/drivers/pio/pio_handler.o
                0x004018c8                PIOA_Handler
 .text.PIOB_Handler
                0x004018dc       0x14 src/ASF/sam/drivers/pio/pio_handler.o
                0x004018dc                PIOB_Handler
 .text.PIOC_Handler
                0x004018f0       0x14 src/ASF/sam/drivers/pio/pio_handler.o
                0x004018f0                PIOC_Handler
 .text.PIOD_Handler
                0x00401904       0x14 src/ASF/sam/drivers/pio/pio_handler.o
                0x00401904                PIOD_Handler
 .text.PIOE_Handler
                0x00401918       0x14 src/ASF/sam/drivers/pio/pio_handler.o
                0x00401918                PIOE_Handler
 .text.pmc_mck_set_division
                0x0040192c       0x38 src/ASF/sam/drivers/pmc/pmc.o
                0x0040192c                pmc_mck_set_division
 .text.pmc_switch_mck_to_pllack
                0x00401964       0x64 src/ASF/sam/drivers/pmc/pmc.o
                0x00401964                pmc_switch_mck_to_pllack
 .text.pmc_switch_mainck_to_xtal
                0x004019c8       0x54 src/ASF/sam/drivers/pmc/pmc.o
                0x004019c8                pmc_switch_mainck_to_xtal
 .text.pmc_osc_is_ready_mainck
                0x00401a1c       0x10 src/ASF/sam/drivers/pmc/pmc.o
                0x00401a1c                pmc_osc_is_ready_mainck
 .text.pmc_disable_pllack
                0x00401a2c       0x10 src/ASF/sam/drivers/pmc/pmc.o
                0x00401a2c                pmc_disable_pllack
 .text.pmc_is_locked_pllack
                0x00401a3c       0x10 src/ASF/sam/drivers/pmc/pmc.o
                0x00401a3c                pmc_is_locked_pllack
 .text.pmc_enable_periph_clk
                0x00401a4c       0x20 src/ASF/sam/drivers/pmc/pmc.o
                0x00401a4c                pmc_enable_periph_clk
 .text.spi_enable_clock
                0x00401a6c       0x2c src/ASF/sam/drivers/spi/spi.o
                0x00401a6c                spi_enable_clock
 .text.spi_set_peripheral_chip_select_value
                0x00401a98       0x16 src/ASF/sam/drivers/spi/spi.o
                0x00401a98                spi_set_peripheral_chip_select_value
 .text.spi_set_delay_between_chip_select
                0x00401aae       0x12 src/ASF/sam/drivers/spi/spi.o
                0x00401aae                spi_set_delay_between_chip_select
 .text.spi_write
                0x00401ac0       0x34 src/ASF/sam/drivers/spi/spi.o
                0x00401ac0                spi_write
 .text.spi_set_clock_polarity
                0x00401af4       0x1e src/ASF/sam/drivers/spi/spi.o
                0x00401af4                spi_set_clock_polarity
 .text.spi_set_clock_phase
                0x00401b12       0x1e src/ASF/sam/drivers/spi/spi.o
                0x00401b12                spi_set_clock_phase
 .text.spi_configure_cs_behavior
                0x00401b30       0x46 src/ASF/sam/drivers/spi/spi.o
                0x00401b30                spi_configure_cs_behavior
 .text.spi_set_bits_per_transfer
                0x00401b76       0x14 src/ASF/sam/drivers/spi/spi.o
                0x00401b76                spi_set_bits_per_transfer
 .text.spi_calc_baudrate_div
                0x00401b8a       0x16 src/ASF/sam/drivers/spi/spi.o
                0x00401b8a                spi_calc_baudrate_div
 .text.spi_set_baudrate_div
                0x00401ba0       0x28 src/ASF/sam/drivers/spi/spi.o
                0x00401ba0                spi_set_baudrate_div
 .text.spi_set_transfer_delay
                0x00401bc8       0x1e src/ASF/sam/drivers/spi/spi.o
                0x00401bc8                spi_set_transfer_delay
 *fill*         0x00401be6        0x2 
 .text.twihs_set_speed
                0x00401be8       0xb0 src/ASF/sam/drivers/twihs/twihs.o
                0x00401be8                twihs_set_speed
 .text.twihs_master_init
                0x00401c98       0x34 src/ASF/sam/drivers/twihs/twihs.o
                0x00401c98                twihs_master_init
 .text.twihs_master_read
                0x00401ccc       0xac src/ASF/sam/drivers/twihs/twihs.o
                0x00401ccc                twihs_master_read
 .text.twihs_master_write
                0x00401d78       0xa0 src/ASF/sam/drivers/twihs/twihs.o
                0x00401d78                twihs_master_write
 .text.uart_write
                0x00401e18       0x12 src/ASF/sam/drivers/uart/uart.o
                0x00401e18                uart_write
 .text.uart_read
                0x00401e2a       0x14 src/ASF/sam/drivers/uart/uart.o
                0x00401e2a                uart_read
 .text.usart_set_async_baudrate
                0x00401e3e       0x5a src/ASF/sam/drivers/usart/usart.o
                0x00401e3e                usart_set_async_baudrate
 .text.usart_reset
                0x00401e98       0x28 src/ASF/sam/drivers/usart/usart.o
                0x00401e98                usart_reset
 .text.usart_init_rs232
                0x00401ec0       0x54 src/ASF/sam/drivers/usart/usart.o
                0x00401ec0                usart_init_rs232
 .text.usart_enable_tx
                0x00401f14        0x6 src/ASF/sam/drivers/usart/usart.o
                0x00401f14                usart_enable_tx
 .text.usart_enable_rx
                0x00401f1a        0x6 src/ASF/sam/drivers/usart/usart.o
                0x00401f1a                usart_enable_rx
 .text.usart_write
                0x00401f20       0x16 src/ASF/sam/drivers/usart/usart.o
                0x00401f20                usart_write
 .text.usart_read
                0x00401f36       0x18 src/ASF/sam/drivers/usart/usart.o
                0x00401f36                usart_read
 .text.Dummy_Handler
                0x00401f4e        0x2 src/ASF/sam/utils/cmsis/same70/source/templates/gcc/startup_same70.o
                0x00401f4e                DACC_Handler
                0x00401f4e                DebugMon_Handler
                0x00401f4e                UART3_Handler
                0x00401f4e                UART2_Handler
                0x00401f4e                TRNG_Handler
                0x00401f4e                HardFault_Handler
                0x00401f4e                TC2_Handler
                0x00401f4e                SysTick_Handler
                0x00401f4e                AFEC1_Handler
                0x00401f4e                PendSV_Handler
                0x00401f4e                NMI_Handler
                0x00401f4e                TC7_Handler
                0x00401f4e                QSPI_Handler
                0x00401f4e                ISI_Handler
                0x00401f4e                MCAN0_INT0_Handler
                0x00401f4e                TC9_Handler
                0x00401f4e                RSWDT_Handler
                0x00401f4e                USART0_Handler
                0x00401f4e                RTT_Handler
                0x00401f4e                USBHS_Handler
                0x00401f4e                IXC_Handler
                0x00401f4e                CCF_Handler
                0x00401f4e                UsageFault_Handler
                0x00401f4e                TC6_Handler
                0x00401f4e                WDT_Handler
                0x00401f4e                MCAN1_INT1_Handler
                0x00401f4e                TC4_Handler
                0x00401f4e                HSMCI_Handler
                0x00401f4e                UART1_Handler
                0x00401f4e                TC3_Handler
                0x00401f4e                Dummy_Handler
                0x00401f4e                TWIHS1_Handler
                0x00401f4e                XDMAC_Handler
                0x00401f4e                UART4_Handler
                0x00401f4e                PWM1_Handler
                0x00401f4e                USART1_Handler
                0x00401f4e                PWM0_Handler
                0x00401f4e                AFEC0_Handler
                0x00401f4e                CCW_Handler
                0x00401f4e                SSC_Handler
                0x00401f4e                TC11_Handler
                0x00401f4e                ACC_Handler
                0x00401f4e                PMC_Handler
                0x00401f4e                GMAC_Handler
                0x00401f4e                MCAN0_INT1_Handler
                0x00401f4e                GMAC_Q5_Handler
                0x00401f4e                MemManage_Handler
                0x00401f4e                SUPC_Handler
                0x00401f4e                SVC_Handler
                0x00401f4e                TC8_Handler
                0x00401f4e                MCAN1_INT0_Handler
                0x00401f4e                EFC_Handler
                0x00401f4e                GMAC_Q1_Handler
                0x00401f4e                USART2_Handler
                0x00401f4e                SDRAMC_Handler
                0x00401f4e                GMAC_Q2_Handler
                0x00401f4e                SPI1_Handler
                0x00401f4e                TC10_Handler
                0x00401f4e                GMAC_Q3_Handler
                0x00401f4e                TWIHS2_Handler
                0x00401f4e                I2SC0_Handler
                0x00401f4e                UART0_Handler
                0x00401f4e                I2SC1_Handler
                0x00401f4e                GMAC_Q4_Handler
                0x00401f4e                FPU_Handler
                0x00401f4e                BusFault_Handler
                0x00401f4e                RSTC_Handler
                0x00401f4e                TC0_Handler
                0x00401f4e                TC5_Handler
                0x00401f4e                ICM_Handler
                0x00401f4e                AES_Handler
                0x00401f4e                TWIHS0_Handler
                0x00401f4e                SPI0_Handler
 .text.Reset_Handler
                0x00401f50       0xc8 src/ASF/sam/utils/cmsis/same70/source/templates/gcc/startup_same70.o
                0x00401f50                Reset_Handler
 .text.SystemCoreClockUpdate
                0x00402018      0x10c src/ASF/sam/utils/cmsis/same70/source/templates/system_same70.o
                0x00402018                SystemCoreClockUpdate
 .text.system_init_flash
                0x00402124       0x8c src/ASF/sam/utils/cmsis/same70/source/templates/system_same70.o
                0x00402124                system_init_flash
 .text._sbrk    0x004021b0       0x38 src/ASF/sam/utils/syscalls/gcc/syscalls.o
                0x004021b0                _sbrk
 .text._close   0x004021e8        0x6 src/ASF/sam/utils/syscalls/gcc/syscalls.o
                0x004021e8                _close
 .text._fstat   0x004021ee        0xa src/ASF/sam/utils/syscalls/gcc/syscalls.o
                0x004021ee                _fstat
 .text._lseek   0x004021f8        0x4 src/ASF/sam/utils/syscalls/gcc/syscalls.o
                0x004021f8                _lseek
 .text.usart_serial_getchar
                0x004021fc       0xdc src/main.o
 .text.usart_serial_putchar
                0x004022d8       0xd4 src/main.o
 .text.initMenuOrder
                0x004023ac       0x44 src/main.o
                0x004023ac                initMenuOrder
 .text.font_draw_text
                0x004023f0       0x60 src/main.o
                0x004023f0                font_draw_text
 .text.draw_screen
                0x00402450       0x28 src/main.o
                0x00402450                draw_screen
 .text.fill_config_struct
                0x00402478       0x70 src/main.o
                0x00402478                fill_config_struct
 .text.TC1_Handler
                0x004024e8       0x50 src/main.o
                0x004024e8                TC1_Handler
 .text.TC_init  0x00402538       0x94 src/main.o
                0x00402538                TC_init
 .text.update_screen
                0x004025cc      0x2e4 src/main.o
                0x004025cc                update_screen
 .text.mxt_handler
                0x004028b0       0xd0 src/main.o
                0x004028b0                mxt_handler
 .text.RTC_init
                0x00402980       0x6c src/main.o
                0x00402980                RTC_init
 .text.RTC_Handler
                0x004029ec      0x1c8 src/main.o
                0x004029ec                RTC_Handler
 .text.main     0x00402bb4      0x868 src/main.o
                0x00402bb4                main
 .text.__libc_init_array
                0x0040341c       0x50 c:/program files (x86)/atmel/studio/7.0/toolchain/arm/arm-gnu-toolchain/bin/../lib/gcc/arm-none-eabi/6.3.1/../../../../arm-none-eabi/lib/thumb/v7e-m\libc.a(lib_a-init.o)
                0x0040341c                __libc_init_array
 .text.malloc   0x0040346c       0x10 c:/program files (x86)/atmel/studio/7.0/toolchain/arm/arm-gnu-toolchain/bin/../lib/gcc/arm-none-eabi/6.3.1/../../../../arm-none-eabi/lib/thumb/v7e-m\libc.a(lib_a-malloc.o)
                0x0040346c                malloc
 .text._malloc_r
                0x0040347c      0x560 c:/program files (x86)/atmel/studio/7.0/toolchain/arm/arm-gnu-toolchain/bin/../lib/gcc/arm-none-eabi/6.3.1/../../../../arm-none-eabi/lib/thumb/v7e-m\libc.a(lib_a-mallocr.o)
                0x0040347c                _malloc_r
 .text.memset   0x004039dc       0x9c c:/program files (x86)/atmel/studio/7.0/toolchain/arm/arm-gnu-toolchain/bin/../lib/gcc/arm-none-eabi/6.3.1/../../../../arm-none-eabi/lib/thumb/v7e-m\libc.a(lib_a-memset.o)
                0x004039dc                memset
 .text.__malloc_lock
                0x00403a78        0xc c:/program files (x86)/atmel/studio/7.0/toolchain/arm/arm-gnu-toolchain/bin/../lib/gcc/arm-none-eabi/6.3.1/../../../../arm-none-eabi/lib/thumb/v7e-m\libc.a(lib_a-mlock.o)
                0x00403a78                __malloc_lock
 .text.__malloc_unlock
                0x00403a84        0xc c:/program files (x86)/atmel/studio/7.0/toolchain/arm/arm-gnu-toolchain/bin/../lib/gcc/arm-none-eabi/6.3.1/../../../../arm-none-eabi/lib/thumb/v7e-m\libc.a(lib_a-mlock.o)
                0x00403a84                __malloc_unlock
 .text._sbrk_r  0x00403a90       0x24 c:/program files (x86)/atmel/studio/7.0/toolchain/arm/arm-gnu-toolchain/bin/../lib/gcc/arm-none-eabi/6.3.1/../../../../arm-none-eabi/lib/thumb/v7e-m\libc.a(lib_a-sbrkr.o)
                0x00403a90                _sbrk_r
 .text.setbuf   0x00403ab4       0x10 c:/program files (x86)/atmel/studio/7.0/toolchain/arm/arm-gnu-toolchain/bin/../lib/gcc/arm-none-eabi/6.3.1/../../../../arm-none-eabi/lib/thumb/v7e-m\libc.a(lib_a-setbuf.o)
                0x00403ab4                setbuf
 .text.setvbuf  0x00403ac4      0x190 c:/program files (x86)/atmel/studio/7.0/toolchain/arm/arm-gnu-toolchain/bin/../lib/gcc/arm-none-eabi/6.3.1/../../../../arm-none-eabi/lib/thumb/v7e-m\libc.a(lib_a-setvbuf.o)
                0x00403ac4                setvbuf
 .text.sprintf  0x00403c54       0x4c c:/program files (x86)/atmel/studio/7.0/toolchain/arm/arm-gnu-toolchain/bin/../lib/gcc/arm-none-eabi/6.3.1/../../../../arm-none-eabi/lib/thumb/v7e-m\libc.a(lib_a-sprintf.o)
                0x00403c54                sprintf
 .text.strcpy   0x00403ca0       0xbc c:/program files (x86)/atmel/studio/7.0/toolchain/arm/arm-gnu-toolchain/bin/../lib/gcc/arm-none-eabi/6.3.1/../../../../arm-none-eabi/lib/thumb/v7e-m\libc.a(lib_a-strcpy.o)
                0x00403ca0                strcpy
 *fill*         0x00403d5c       0x24 
 .text          0x00403d80       0xdc c:/program files (x86)/atmel/studio/7.0/toolchain/arm/arm-gnu-toolchain/bin/../lib/gcc/arm-none-eabi/6.3.1/../../../../arm-none-eabi/lib/thumb/v7e-m\libc.a(lib_a-strlen.o)
                0x00403d80                strlen
 .text._svfprintf_r
                0x00403e5c     0x145c c:/program files (x86)/atmel/studio/7.0/toolchain/arm/arm-gnu-toolchain/bin/../lib/gcc/arm-none-eabi/6.3.1/../../../../arm-none-eabi/lib/thumb/v7e-m\libc.a(lib_a-svfprintf.o)
                0x00403e5c                _svfprintf_r
 .text.startup.register_fini
                0x004052b8       0x14 c:/program files (x86)/atmel/studio/7.0/toolchain/arm/arm-gnu-toolchain/bin/../lib/gcc/arm-none-eabi/6.3.1/../../../../arm-none-eabi/lib/thumb/v7e-m\libc.a(lib_a-__call_atexit.o)
 .text.atexit   0x004052cc        0xc c:/program files (x86)/atmel/studio/7.0/toolchain/arm/arm-gnu-toolchain/bin/../lib/gcc/arm-none-eabi/6.3.1/../../../../arm-none-eabi/lib/thumb/v7e-m\libc.a(lib_a-atexit.o)
                0x004052cc                atexit
 .text.quorem   0x004052d8      0x128 c:/program files (x86)/atmel/studio/7.0/toolchain/arm/arm-gnu-toolchain/bin/../lib/gcc/arm-none-eabi/6.3.1/../../../../arm-none-eabi/lib/thumb/v7e-m\libc.a(lib_a-dtoa.o)
 .text._dtoa_r  0x00405400      0xe54 c:/program files (x86)/atmel/studio/7.0/toolchain/arm/arm-gnu-toolchain/bin/../lib/gcc/arm-none-eabi/6.3.1/../../../../arm-none-eabi/lib/thumb/v7e-m\libc.a(lib_a-dtoa.o)
                0x00405400                _dtoa_r
 .text.__sflush_r
                0x00406254      0x140 c:/program files (x86)/atmel/studio/7.0/toolchain/arm/arm-gnu-toolchain/bin/../lib/gcc/arm-none-eabi/6.3.1/../../../../arm-none-eabi/lib/thumb/v7e-m\libc.a(lib_a-fflush.o)
                0x00406254                __sflush_r
 .text._fflush_r
                0x00406394       0x54 c:/program files (x86)/atmel/studio/7.0/toolchain/arm/arm-gnu-toolchain/bin/../lib/gcc/arm-none-eabi/6.3.1/../../../../arm-none-eabi/lib/thumb/v7e-m\libc.a(lib_a-fflush.o)
                0x00406394                _fflush_r
 .text._cleanup_r
                0x004063e8        0xc c:/program files (x86)/atmel/studio/7.0/toolchain/arm/arm-gnu-toolchain/bin/../lib/gcc/arm-none-eabi/6.3.1/../../../../arm-none-eabi/lib/thumb/v7e-m\libc.a(lib_a-findfp.o)
                0x004063e8                _cleanup_r
 .text.std.isra.0
                0x004063f4       0x50 c:/program files (x86)/atmel/studio/7.0/toolchain/arm/arm-gnu-toolchain/bin/../lib/gcc/arm-none-eabi/6.3.1/../../../../arm-none-eabi/lib/thumb/v7e-m\libc.a(lib_a-findfp.o)
 .text.__sinit  0x00406444       0x58 c:/program files (x86)/atmel/studio/7.0/toolchain/arm/arm-gnu-toolchain/bin/../lib/gcc/arm-none-eabi/6.3.1/../../../../arm-none-eabi/lib/thumb/v7e-m\libc.a(lib_a-findfp.o)
                0x00406444                __sinit
 .text.__sfp_lock_acquire
                0x0040649c        0xc c:/program files (x86)/atmel/studio/7.0/toolchain/arm/arm-gnu-toolchain/bin/../lib/gcc/arm-none-eabi/6.3.1/../../../../arm-none-eabi/lib/thumb/v7e-m\libc.a(lib_a-findfp.o)
                0x0040649c                __sfp_lock_acquire
 .text.__sfp_lock_release
                0x004064a8        0xc c:/program files (x86)/atmel/studio/7.0/toolchain/arm/arm-gnu-toolchain/bin/../lib/gcc/arm-none-eabi/6.3.1/../../../../arm-none-eabi/lib/thumb/v7e-m\libc.a(lib_a-findfp.o)
                0x004064a8                __sfp_lock_release
 .text.__libc_fini_array
                0x004064b4       0x34 c:/program files (x86)/atmel/studio/7.0/toolchain/arm/arm-gnu-toolchain/bin/../lib/gcc/arm-none-eabi/6.3.1/../../../../arm-none-eabi/lib/thumb/v7e-m\libc.a(lib_a-fini.o)
                0x004064b4                __libc_fini_array
 .text._malloc_trim_r
                0x004064e8       0xa0 c:/program files (x86)/atmel/studio/7.0/toolchain/arm/arm-gnu-toolchain/bin/../lib/gcc/arm-none-eabi/6.3.1/../../../../arm-none-eabi/lib/thumb/v7e-m\libc.a(lib_a-freer.o)
                0x004064e8                _malloc_trim_r
 .text._free_r  0x00406588      0x1cc c:/program files (x86)/atmel/studio/7.0/toolchain/arm/arm-gnu-toolchain/bin/../lib/gcc/arm-none-eabi/6.3.1/../../../../arm-none-eabi/lib/thumb/v7e-m\libc.a(lib_a-freer.o)
                0x00406588                _free_r
 .text._fwalk_reent
                0x00406754       0x54 c:/program files (x86)/atmel/studio/7.0/toolchain/arm/arm-gnu-toolchain/bin/../lib/gcc/arm-none-eabi/6.3.1/../../../../arm-none-eabi/lib/thumb/v7e-m\libc.a(lib_a-fwalk.o)
                0x00406754                _fwalk_reent
 .text._localeconv_r
                0x004067a8       0x1c c:/program files (x86)/atmel/studio/7.0/toolchain/arm/arm-gnu-toolchain/bin/../lib/gcc/arm-none-eabi/6.3.1/../../../../arm-none-eabi/lib/thumb/v7e-m\libc.a(lib_a-localeconv.o)
                0x004067a8                _localeconv_r
 .text.__retarget_lock_init_recursive
                0x004067c4        0x4 c:/program files (x86)/atmel/studio/7.0/toolchain/arm/arm-gnu-toolchain/bin/../lib/gcc/arm-none-eabi/6.3.1/../../../../arm-none-eabi/lib/thumb/v7e-m\libc.a(lib_a-lock.o)
                0x004067c4                __retarget_lock_init_recursive
 .text.__retarget_lock_close_recursive
                0x004067c8        0x4 c:/program files (x86)/atmel/studio/7.0/toolchain/arm/arm-gnu-toolchain/bin/../lib/gcc/arm-none-eabi/6.3.1/../../../../arm-none-eabi/lib/thumb/v7e-m\libc.a(lib_a-lock.o)
                0x004067c8                __retarget_lock_close_recursive
 .text.__retarget_lock_acquire_recursive
                0x004067cc        0x4 c:/program files (x86)/atmel/studio/7.0/toolchain/arm/arm-gnu-toolchain/bin/../lib/gcc/arm-none-eabi/6.3.1/../../../../arm-none-eabi/lib/thumb/v7e-m\libc.a(lib_a-lock.o)
                0x004067cc                __retarget_lock_acquire_recursive
 .text.__retarget_lock_release_recursive
                0x004067d0        0x4 c:/program files (x86)/atmel/studio/7.0/toolchain/arm/arm-gnu-toolchain/bin/../lib/gcc/arm-none-eabi/6.3.1/../../../../arm-none-eabi/lib/thumb/v7e-m\libc.a(lib_a-lock.o)
                0x004067d0                __retarget_lock_release_recursive
 .text.__swhatbuf_r
                0x004067d4       0x5c c:/program files (x86)/atmel/studio/7.0/toolchain/arm/arm-gnu-toolchain/bin/../lib/gcc/arm-none-eabi/6.3.1/../../../../arm-none-eabi/lib/thumb/v7e-m\libc.a(lib_a-makebuf.o)
                0x004067d4                __swhatbuf_r
 .text          0x00406830       0xa0 c:/program files (x86)/atmel/studio/7.0/toolchain/arm/arm-gnu-toolchain/bin/../lib/gcc/arm-none-eabi/6.3.1/../../../../arm-none-eabi/lib/thumb/v7e-m\libc.a(lib_a-memchr.o)
                0x00406830                memchr
 .text          0x004068d0      0x134 c:/program files (x86)/atmel/studio/7.0/toolchain/arm/arm-gnu-toolchain/bin/../lib/gcc/arm-none-eabi/6.3.1/../../../../arm-none-eabi/lib/thumb/v7e-m\libc.a(lib_a-memcpy.o)
                0x004068d0                memcpy
 .text._Balloc  0x00406a04       0x4c c:/program files (x86)/atmel/studio/7.0/toolchain/arm/arm-gnu-toolchain/bin/../lib/gcc/arm-none-eabi/6.3.1/../../../../arm-none-eabi/lib/thumb/v7e-m\libc.a(lib_a-mprec.o)
                0x00406a04                _Balloc
 .text._Bfree   0x00406a50       0x14 c:/program files (x86)/atmel/studio/7.0/toolchain/arm/arm-gnu-toolchain/bin/../lib/gcc/arm-none-eabi/6.3.1/../../../../arm-none-eabi/lib/thumb/v7e-m\libc.a(lib_a-mprec.o)
                0x00406a50                _Bfree
 .text.__multadd
                0x00406a64       0x80 c:/program files (x86)/atmel/studio/7.0/toolchain/arm/arm-gnu-toolchain/bin/../lib/gcc/arm-none-eabi/6.3.1/../../../../arm-none-eabi/lib/thumb/v7e-m\libc.a(lib_a-mprec.o)
                0x00406a64                __multadd
 .text.__hi0bits
                0x00406ae4       0x40 c:/program files (x86)/atmel/studio/7.0/toolchain/arm/arm-gnu-toolchain/bin/../lib/gcc/arm-none-eabi/6.3.1/../../../../arm-none-eabi/lib/thumb/v7e-m\libc.a(lib_a-mprec.o)
                0x00406ae4                __hi0bits
 .text.__lo0bits
                0x00406b24       0x60 c:/program files (x86)/atmel/studio/7.0/toolchain/arm/arm-gnu-toolchain/bin/../lib/gcc/arm-none-eabi/6.3.1/../../../../arm-none-eabi/lib/thumb/v7e-m\libc.a(lib_a-mprec.o)
                0x00406b24                __lo0bits
 .text.__i2b    0x00406b84       0x14 c:/program files (x86)/atmel/studio/7.0/toolchain/arm/arm-gnu-toolchain/bin/../lib/gcc/arm-none-eabi/6.3.1/../../../../arm-none-eabi/lib/thumb/v7e-m\libc.a(lib_a-mprec.o)
                0x00406b84                __i2b
 .text.__multiply
                0x00406b98      0x124 c:/program files (x86)/atmel/studio/7.0/toolchain/arm/arm-gnu-toolchain/bin/../lib/gcc/arm-none-eabi/6.3.1/../../../../arm-none-eabi/lib/thumb/v7e-m\libc.a(lib_a-mprec.o)
                0x00406b98                __multiply
 .text.__pow5mult
                0x00406cbc       0xa0 c:/program files (x86)/atmel/studio/7.0/toolchain/arm/arm-gnu-toolchain/bin/../lib/gcc/arm-none-eabi/6.3.1/../../../../arm-none-eabi/lib/thumb/v7e-m\libc.a(lib_a-mprec.o)
                0x00406cbc                __pow5mult
 .text.__lshift
                0x00406d5c       0xa4 c:/program files (x86)/atmel/studio/7.0/toolchain/arm/arm-gnu-toolchain/bin/../lib/gcc/arm-none-eabi/6.3.1/../../../../arm-none-eabi/lib/thumb/v7e-m\libc.a(lib_a-mprec.o)
                0x00406d5c                __lshift
 .text.__mcmp   0x00406e00       0x38 c:/program files (x86)/atmel/studio/7.0/toolchain/arm/arm-gnu-toolchain/bin/../lib/gcc/arm-none-eabi/6.3.1/../../../../arm-none-eabi/lib/thumb/v7e-m\libc.a(lib_a-mprec.o)
                0x00406e00                __mcmp
 .text.__mdiff  0x00406e38      0x108 c:/program files (x86)/atmel/studio/7.0/toolchain/arm/arm-gnu-toolchain/bin/../lib/gcc/arm-none-eabi/6.3.1/../../../../arm-none-eabi/lib/thumb/v7e-m\libc.a(lib_a-mprec.o)
                0x00406e38                __mdiff
 .text.__d2b    0x00406f40       0xb8 c:/program files (x86)/atmel/studio/7.0/toolchain/arm/arm-gnu-toolchain/bin/../lib/gcc/arm-none-eabi/6.3.1/../../../../arm-none-eabi/lib/thumb/v7e-m\libc.a(lib_a-mprec.o)
                0x00406f40                __d2b
 .text.__sread  0x00406ff8       0x24 c:/program files (x86)/atmel/studio/7.0/toolchain/arm/arm-gnu-toolchain/bin/../lib/gcc/arm-none-eabi/6.3.1/../../../../arm-none-eabi/lib/thumb/v7e-m\libc.a(lib_a-stdio.o)
                0x00406ff8                __sread
 .text.__swrite
                0x0040701c       0x3c c:/program files (x86)/atmel/studio/7.0/toolchain/arm/arm-gnu-toolchain/bin/../lib/gcc/arm-none-eabi/6.3.1/../../../../arm-none-eabi/lib/thumb/v7e-m\libc.a(lib_a-stdio.o)
                0x0040701c                __swrite
 .text.__sseek  0x00407058       0x20 c:/program files (x86)/atmel/studio/7.0/toolchain/arm/arm-gnu-toolchain/bin/../lib/gcc/arm-none-eabi/6.3.1/../../../../arm-none-eabi/lib/thumb/v7e-m\libc.a(lib_a-stdio.o)
                0x00407058                __sseek
 .text.__sclose
                0x00407078        0x8 c:/program files (x86)/atmel/studio/7.0/toolchain/arm/arm-gnu-toolchain/bin/../lib/gcc/arm-none-eabi/6.3.1/../../../../arm-none-eabi/lib/thumb/v7e-m\libc.a(lib_a-stdio.o)
                0x00407078                __sclose
 .text.__ssprint_r
                0x00407080       0xfc c:/program files (x86)/atmel/studio/7.0/toolchain/arm/arm-gnu-toolchain/bin/../lib/gcc/arm-none-eabi/6.3.1/../../../../arm-none-eabi/lib/thumb/v7e-m\libc.a(lib_a-svfiprintf.o)
                0x00407080                __ssprint_r
 .text._write_r
                0x0040717c       0x2c c:/program files (x86)/atmel/studio/7.0/toolchain/arm/arm-gnu-toolchain/bin/../lib/gcc/arm-none-eabi/6.3.1/../../../../arm-none-eabi/lib/thumb/v7e-m\libc.a(lib_a-writer.o)
                0x0040717c                _write_r
 .text.__register_exitproc
                0x004071a8       0xc4 c:/program files (x86)/atmel/studio/7.0/toolchain/arm/arm-gnu-toolchain/bin/../lib/gcc/arm-none-eabi/6.3.1/../../../../arm-none-eabi/lib/thumb/v7e-m\libc.a(lib_a-__atexit.o)
                0x004071a8                __register_exitproc
 .text._calloc_r
                0x0040726c       0x60 c:/program files (x86)/atmel/studio/7.0/toolchain/arm/arm-gnu-toolchain/bin/../lib/gcc/arm-none-eabi/6.3.1/../../../../arm-none-eabi/lib/thumb/v7e-m\libc.a(lib_a-callocr.o)
                0x0040726c                _calloc_r
 .text._close_r
                0x004072cc       0x24 c:/program files (x86)/atmel/studio/7.0/toolchain/arm/arm-gnu-toolchain/bin/../lib/gcc/arm-none-eabi/6.3.1/../../../../arm-none-eabi/lib/thumb/v7e-m\libc.a(lib_a-closer.o)
                0x004072cc                _close_r
 .text._fclose_r
                0x004072f0       0xc4 c:/program files (x86)/atmel/studio/7.0/toolchain/arm/arm-gnu-toolchain/bin/../lib/gcc/arm-none-eabi/6.3.1/../../../../arm-none-eabi/lib/thumb/v7e-m\libc.a(lib_a-fclose.o)
                0x004072f0                _fclose_r
 .text._fstat_r
                0x004073b4       0x28 c:/program files (x86)/atmel/studio/7.0/toolchain/arm/arm-gnu-toolchain/bin/../lib/gcc/arm-none-eabi/6.3.1/../../../../arm-none-eabi/lib/thumb/v7e-m\libc.a(lib_a-fstatr.o)
                0x004073b4                _fstat_r
 .text._lseek_r
                0x004073dc       0x2c c:/program files (x86)/atmel/studio/7.0/toolchain/arm/arm-gnu-toolchain/bin/../lib/gcc/arm-none-eabi/6.3.1/../../../../arm-none-eabi/lib/thumb/v7e-m\libc.a(lib_a-lseekr.o)
                0x004073dc                _lseek_r
 .text.__ascii_mbtowc
                0x00407408       0x2c c:/program files (x86)/atmel/studio/7.0/toolchain/arm/arm-gnu-toolchain/bin/../lib/gcc/arm-none-eabi/6.3.1/../../../../arm-none-eabi/lib/thumb/v7e-m\libc.a(lib_a-mbtowc_r.o)
                0x00407408                __ascii_mbtowc
 .text.memmove  0x00407434       0xc8 c:/program files (x86)/atmel/studio/7.0/toolchain/arm/arm-gnu-toolchain/bin/../lib/gcc/arm-none-eabi/6.3.1/../../../../arm-none-eabi/lib/thumb/v7e-m\libc.a(lib_a-memmove.o)
                0x00407434                memmove
 .text._read_r  0x004074fc       0x2c c:/program files (x86)/atmel/studio/7.0/toolchain/arm/arm-gnu-toolchain/bin/../lib/gcc/arm-none-eabi/6.3.1/../../../../arm-none-eabi/lib/thumb/v7e-m\libc.a(lib_a-readr.o)
                0x004074fc                _read_r
 .text._realloc_r
                0x00407528      0x34c c:/program files (x86)/atmel/studio/7.0/toolchain/arm/arm-gnu-toolchain/bin/../lib/gcc/arm-none-eabi/6.3.1/../../../../arm-none-eabi/lib/thumb/v7e-m\libc.a(lib_a-reallocr.o)
                0x00407528                _realloc_r
 .text.__ascii_wctomb
                0x00407874       0x1c c:/program files (x86)/atmel/studio/7.0/toolchain/arm/arm-gnu-toolchain/bin/../lib/gcc/arm-none-eabi/6.3.1/../../../../arm-none-eabi/lib/thumb/v7e-m\libc.a(lib_a-wctomb_r.o)
                0x00407874                __ascii_wctomb
 .text          0x00407890      0x370 c:/program files (x86)/atmel/studio/7.0/toolchain/arm/arm-gnu-toolchain/bin/../lib/gcc/arm-none-eabi/6.3.1/thumb/v7e-m\libgcc.a(_arm_addsubdf3.o)
                0x00407890                __aeabi_drsub
                0x00407898                __aeabi_dsub
                0x00407898                __subdf3
                0x0040789c                __aeabi_dadd
                0x0040789c                __adddf3
                0x00407b14                __floatunsidf
                0x00407b14                __aeabi_ui2d
                0x00407b34                __floatsidf
                0x00407b34                __aeabi_i2d
                0x00407b58                __aeabi_f2d
                0x00407b58                __extendsfdf2
                0x00407b94                __floatundidf
                0x00407b94                __aeabi_ul2d
                0x00407ba4                __floatdidf
                0x00407ba4                __aeabi_l2d
 .text          0x00407c00      0x424 c:/program files (x86)/atmel/studio/7.0/toolchain/arm/arm-gnu-toolchain/bin/../lib/gcc/arm-none-eabi/6.3.1/thumb/v7e-m\libgcc.a(_arm_muldivdf3.o)
                0x00407c00                __aeabi_dmul
                0x00407c00                __muldf3
                0x00407e54                __divdf3
                0x00407e54                __aeabi_ddiv
 .text          0x00408024      0x110 c:/program files (x86)/atmel/studio/7.0/toolchain/arm/arm-gnu-toolchain/bin/../lib/gcc/arm-none-eabi/6.3.1/thumb/v7e-m\libgcc.a(_arm_cmpdf2.o)
                0x00408024                __gtdf2
                0x00408024                __gedf2
                0x0040802c                __ltdf2
                0x0040802c                __ledf2
                0x00408034                __nedf2
                0x00408034                __eqdf2
                0x00408034                __cmpdf2
                0x004080b0                __aeabi_cdrcmple
                0x004080c0                __aeabi_cdcmpeq
                0x004080c0                __aeabi_cdcmple
                0x004080d0                __aeabi_dcmpeq
                0x004080e4                __aeabi_dcmplt
                0x004080f8                __aeabi_dcmple
                0x0040810c                __aeabi_dcmpge
                0x00408120                __aeabi_dcmpgt
 .text          0x00408134       0x2c c:/program files (x86)/atmel/studio/7.0/toolchain/arm/arm-gnu-toolchain/bin/../lib/gcc/arm-none-eabi/6.3.1/thumb/v7e-m\libgcc.a(_arm_unorddf2.o)
                0x00408134                __unorddf2
                0x00408134                __aeabi_dcmpun
 .text          0x00408160       0x50 c:/program files (x86)/atmel/studio/7.0/toolchain/arm/arm-gnu-toolchain/bin/../lib/gcc/arm-none-eabi/6.3.1/thumb/v7e-m\libgcc.a(_arm_fixdfsi.o)
                0x00408160                __aeabi_d2iz
                0x00408160                __fixdfsi
 .text          0x004081b0       0x30 c:/program files (x86)/atmel/studio/7.0/toolchain/arm/arm-gnu-toolchain/bin/../lib/gcc/arm-none-eabi/6.3.1/thumb/v7e-m\libgcc.a(_aeabi_uldivmod.o)
                0x004081b0                __aeabi_uldivmod
 .text          0x004081e0      0x2dc c:/program files (x86)/atmel/studio/7.0/toolchain/arm/arm-gnu-toolchain/bin/../lib/gcc/arm-none-eabi/6.3.1/thumb/v7e-m\libgcc.a(_udivmoddi4.o)
                0x004081e0                __udivmoddi4
 .text          0x004084bc        0x4 c:/program files (x86)/atmel/studio/7.0/toolchain/arm/arm-gnu-toolchain/bin/../lib/gcc/arm-none-eabi/6.3.1/thumb/v7e-m\libgcc.a(_dvmd_tls.o)
                0x004084bc                __aeabi_idiv0
                0x004084bc                __aeabi_ldiv0
 *(.glue_7t)
 .glue_7t       0x004084c0        0x0 linker stubs
 *(.glue_7)
 .glue_7        0x004084c0        0x0 linker stubs
 *(.rodata .rodata* .gnu.linkonce.r.*)
 .rodata        0x004084c0       0x5d src/main.o
 *fill*         0x0040851d        0x3 
 .rodata.RTC_Handler.str1.4
                0x00408520        0xf src/main.o
 *fill*         0x0040852f        0x1 
 .rodata.bool_to_string.str1.4
                0x00408530        0x8 src/main.o
 .rodata.calibri_36
                0x00408538        0xc src/main.o
                0x00408538                calibri_36
 .rodata.calibri_36_0x20
                0x00408544       0x10 src/main.o
 .rodata.calibri_36_0x21
                0x00408554       0x10 src/main.o
 .rodata.calibri_36_0x22
                0x00408564       0x10 src/main.o
 .rodata.calibri_36_0x23
                0x00408574       0x10 src/main.o
 .rodata.calibri_36_0x24
                0x00408584       0x10 src/main.o
 .rodata.calibri_36_0x25
                0x00408594       0x10 src/main.o
 .rodata.calibri_36_0x26
                0x004085a4       0x10 src/main.o
 .rodata.calibri_36_0x27
                0x004085b4       0x10 src/main.o
 .rodata.calibri_36_0x28
                0x004085c4       0x10 src/main.o
 .rodata.calibri_36_0x29
                0x004085d4       0x10 src/main.o
 .rodata.calibri_36_0x2a
                0x004085e4       0x10 src/main.o
 .rodata.calibri_36_0x2b
                0x004085f4       0x10 src/main.o
 .rodata.calibri_36_0x2c
                0x00408604       0x10 src/main.o
 .rodata.calibri_36_0x2d
                0x00408614       0x10 src/main.o
 .rodata.calibri_36_0x2e
                0x00408624       0x10 src/main.o
 .rodata.calibri_36_0x2f
                0x00408634       0x10 src/main.o
 .rodata.calibri_36_0x30
                0x00408644       0x10 src/main.o
 .rodata.calibri_36_0x31
                0x00408654       0x10 src/main.o
 .rodata.calibri_36_0x32
                0x00408664       0x10 src/main.o
 .rodata.calibri_36_0x33
                0x00408674       0x10 src/main.o
 .rodata.calibri_36_0x34
                0x00408684       0x10 src/main.o
 .rodata.calibri_36_0x35
                0x00408694       0x10 src/main.o
 .rodata.calibri_36_0x36
                0x004086a4       0x10 src/main.o
 .rodata.calibri_36_0x37
                0x004086b4       0x10 src/main.o
 .rodata.calibri_36_0x38
                0x004086c4       0x10 src/main.o
 .rodata.calibri_36_0x39
                0x004086d4       0x10 src/main.o
 .rodata.calibri_36_0x3a
                0x004086e4       0x10 src/main.o
 .rodata.calibri_36_0x3b
                0x004086f4       0x10 src/main.o
 .rodata.calibri_36_0x3c
                0x00408704       0x10 src/main.o
 .rodata.calibri_36_0x3d
                0x00408714       0x10 src/main.o
 .rodata.calibri_36_0x3e
                0x00408724       0x10 src/main.o
 .rodata.calibri_36_0x3f
                0x00408734       0x10 src/main.o
 .rodata.calibri_36_0x40
                0x00408744       0x10 src/main.o
 .rodata.calibri_36_0x41
                0x00408754       0x10 src/main.o
 .rodata.calibri_36_0x42
                0x00408764       0x10 src/main.o
 .rodata.calibri_36_0x43
                0x00408774       0x10 src/main.o
 .rodata.calibri_36_0x44
                0x00408784       0x10 src/main.o
 .rodata.calibri_36_0x45
                0x00408794       0x10 src/main.o
 .rodata.calibri_36_0x46
                0x004087a4       0x10 src/main.o
 .rodata.calibri_36_0x47
                0x004087b4       0x10 src/main.o
 .rodata.calibri_36_0x48
                0x004087c4       0x10 src/main.o
 .rodata.calibri_36_0x49
                0x004087d4       0x10 src/main.o
 .rodata.calibri_36_0x4a
                0x004087e4       0x10 src/main.o
 .rodata.calibri_36_0x4b
                0x004087f4       0x10 src/main.o
 .rodata.calibri_36_0x4c
                0x00408804       0x10 src/main.o
 .rodata.calibri_36_0x4d
                0x00408814       0x10 src/main.o
 .rodata.calibri_36_0x4e
                0x00408824       0x10 src/main.o
 .rodata.calibri_36_0x4f
                0x00408834       0x10 src/main.o
 .rodata.calibri_36_0x50
                0x00408844       0x10 src/main.o
 .rodata.calibri_36_0x51
                0x00408854       0x10 src/main.o
 .rodata.calibri_36_0x52
                0x00408864       0x10 src/main.o
 .rodata.calibri_36_0x53
                0x00408874       0x10 src/main.o
 .rodata.calibri_36_0x54
                0x00408884       0x10 src/main.o
 .rodata.calibri_36_0x55
                0x00408894       0x10 src/main.o
 .rodata.calibri_36_0x56
                0x004088a4       0x10 src/main.o
 .rodata.calibri_36_0x57
                0x004088b4       0x10 src/main.o
 .rodata.calibri_36_0x58
                0x004088c4       0x10 src/main.o
 .rodata.calibri_36_0x59
                0x004088d4       0x10 src/main.o
 .rodata.calibri_36_0x5a
                0x004088e4       0x10 src/main.o
 .rodata.calibri_36_0x5b
                0x004088f4       0x10 src/main.o
 .rodata.calibri_36_0x5c
                0x00408904       0x10 src/main.o
 .rodata.calibri_36_0x5d
                0x00408914       0x10 src/main.o
 .rodata.calibri_36_0x5e
                0x00408924       0x10 src/main.o
 .rodata.calibri_36_0x5f
                0x00408934       0x10 src/main.o
 .rodata.calibri_36_0x60
                0x00408944       0x10 src/main.o
 .rodata.calibri_36_0x61
                0x00408954       0x10 src/main.o
 .rodata.calibri_36_0x62
                0x00408964       0x10 src/main.o
 .rodata.calibri_36_0x63
                0x00408974       0x10 src/main.o
 .rodata.calibri_36_0x64
                0x00408984       0x10 src/main.o
 .rodata.calibri_36_0x65
                0x00408994       0x10 src/main.o
 .rodata.calibri_36_0x66
                0x004089a4       0x10 src/main.o
 .rodata.calibri_36_0x67
                0x004089b4       0x10 src/main.o
 .rodata.calibri_36_0x68
                0x004089c4       0x10 src/main.o
 .rodata.calibri_36_0x69
                0x004089d4       0x10 src/main.o
 .rodata.calibri_36_0x6a
                0x004089e4       0x10 src/main.o
 .rodata.calibri_36_0x6b
                0x004089f4       0x10 src/main.o
 .rodata.calibri_36_0x6c
                0x00408a04       0x10 src/main.o
 .rodata.calibri_36_0x6d
                0x00408a14       0x10 src/main.o
 .rodata.calibri_36_0x6e
                0x00408a24       0x10 src/main.o
 .rodata.calibri_36_0x6f
                0x00408a34       0x10 src/main.o
 .rodata.calibri_36_0x70
                0x00408a44       0x10 src/main.o
 .rodata.calibri_36_0x71
                0x00408a54       0x10 src/main.o
 .rodata.calibri_36_0x72
                0x00408a64       0x10 src/main.o
 .rodata.calibri_36_0x73
                0x00408a74       0x10 src/main.o
 .rodata.calibri_36_0x74
                0x00408a84       0x10 src/main.o
 .rodata.calibri_36_0x75
                0x00408a94       0x10 src/main.o
 .rodata.calibri_36_0x76
                0x00408aa4       0x10 src/main.o
 .rodata.calibri_36_0x77
                0x00408ab4       0x10 src/main.o
 .rodata.calibri_36_0x78
                0x00408ac4       0x10 src/main.o
 .rodata.calibri_36_0x79
                0x00408ad4       0x10 src/main.o
 .rodata.calibri_36_0x7a
                0x00408ae4       0x10 src/main.o
 .rodata.calibri_36_0x7b
                0x00408af4       0x10 src/main.o
 .rodata.calibri_36_0x7c
                0x00408b04       0x10 src/main.o
 .rodata.calibri_36_0x7d
                0x00408b14       0x10 src/main.o
 .rodata.calibri_36_0x7e
                0x00408b24       0x10 src/main.o
 .rodata.calibri_36_array
                0x00408b34      0x2f8 src/main.o
 .rodata.centrifuga_RPM_int
                0x00408e2c       0x10 src/main.o
                0x00408e2c                centrifuga_RPM_int
 .rodata.centrifuga_tempos_int
                0x00408e3c       0x14 src/main.o
                0x00408e3c                centrifuga_tempos_int
 .rodata.enxague_tempos_int
                0x00408e50       0x14 src/main.o
                0x00408e50                enxague_tempos_int
 .rodata.enxague_vezes_int
                0x00408e64       0x10 src/main.o
                0x00408e64                enxague_vezes_int
 .rodata.image_data_calibri_36_0x20
                0x00408e74      0x378 src/main.o
 .rodata.image_data_calibri_36_0x21
                0x004091ec      0x534 src/main.o
 .rodata.image_data_calibri_36_0x22
                0x00409720      0x612 src/main.o
 *fill*         0x00409d32        0x2 
 .rodata.image_data_calibri_36_0x23
                0x00409d34      0x7ce src/main.o
 *fill*         0x0040a502        0x2 
 .rodata.image_data_calibri_36_0x24
                0x0040a504      0x7ce src/main.o
 *fill*         0x0040acd2        0x2 
 .rodata.image_data_calibri_36_0x25
                0x0040acd4      0xb46 src/main.o
 *fill*         0x0040b81a        0x2 
 .rodata.image_data_calibri_36_0x26
                0x0040b81c      0xad7 src/main.o
 *fill*         0x0040c2f3        0x1 
 .rodata.image_data_calibri_36_0x27
                0x0040c2f4      0x378 src/main.o
 .rodata.image_data_calibri_36_0x28
                0x0040c66c      0x4c5 src/main.o
 *fill*         0x0040cb31        0x3 
 .rodata.image_data_calibri_36_0x29
                0x0040cb34      0x4c5 src/main.o
 *fill*         0x0040cff9        0x3 
 .rodata.image_data_calibri_36_0x2a
                0x0040cffc      0x7ce src/main.o
 *fill*         0x0040d7ca        0x2 
 .rodata.image_data_calibri_36_0x2b
                0x0040d7cc      0x7ce src/main.o
 *fill*         0x0040df9a        0x2 
 .rodata.image_data_calibri_36_0x2c
                0x0040df9c      0x3e7 src/main.o
 *fill*         0x0040e383        0x1 
 .rodata.image_data_calibri_36_0x2d
                0x0040e384      0x4c5 src/main.o
 *fill*         0x0040e849        0x3 
 .rodata.image_data_calibri_36_0x2e
                0x0040e84c      0x3e7 src/main.o
 *fill*         0x0040ec33        0x1 
 .rodata.image_data_calibri_36_0x2f
                0x0040ec34      0x612 src/main.o
 *fill*         0x0040f246        0x2 
 .rodata.image_data_calibri_36_0x30
                0x0040f248      0x7ce src/main.o
 *fill*         0x0040fa16        0x2 
 .rodata.image_data_calibri_36_0x31
                0x0040fa18      0x7ce src/main.o
 *fill*         0x004101e6        0x2 
 .rodata.image_data_calibri_36_0x32
                0x004101e8      0x7ce src/main.o
 *fill*         0x004109b6        0x2 
 .rodata.image_data_calibri_36_0x33
                0x004109b8      0x7ce src/main.o
 *fill*         0x00411186        0x2 
 .rodata.image_data_calibri_36_0x34
                0x00411188      0x7ce src/main.o
 *fill*         0x00411956        0x2 
 .rodata.image_data_calibri_36_0x35
                0x00411958      0x7ce src/main.o
 *fill*         0x00412126        0x2 
 .rodata.image_data_calibri_36_0x36
                0x00412128      0x7ce src/main.o
 *fill*         0x004128f6        0x2 
 .rodata.image_data_calibri_36_0x37
                0x004128f8      0x7ce src/main.o
 *fill*         0x004130c6        0x2 
 .rodata.image_data_calibri_36_0x38
                0x004130c8      0x7ce src/main.o
 *fill*         0x00413896        0x2 
 .rodata.image_data_calibri_36_0x39
                0x00413898      0x7ce src/main.o
 *fill*         0x00414066        0x2 
 .rodata.image_data_calibri_36_0x3a
                0x00414068      0x456 src/main.o
 *fill*         0x004144be        0x2 
 .rodata.image_data_calibri_36_0x3b
                0x004144c0      0x456 src/main.o
 *fill*         0x00414916        0x2 
 .rodata.image_data_calibri_36_0x3c
                0x00414918      0x7ce src/main.o
 *fill*         0x004150e6        0x2 
 .rodata.image_data_calibri_36_0x3d
                0x004150e8      0x7ce src/main.o
 *fill*         0x004158b6        0x2 
 .rodata.image_data_calibri_36_0x3e
                0x004158b8      0x7ce src/main.o
 *fill*         0x00416086        0x2 
 .rodata.image_data_calibri_36_0x3f
                0x00416088      0x75f src/main.o
 *fill*         0x004167e7        0x1 
 .rodata.image_data_calibri_36_0x40
                0x004167e8      0xde0 src/main.o
 .rodata.image_data_calibri_36_0x41
                0x004175c8      0x91b src/main.o
 *fill*         0x00417ee3        0x1 
 .rodata.image_data_calibri_36_0x42
                0x00417ee4      0x8ac src/main.o
 .rodata.image_data_calibri_36_0x43
                0x00418790      0x83d src/main.o
 *fill*         0x00418fcd        0x3 
 .rodata.image_data_calibri_36_0x44
                0x00418fd0      0x98a src/main.o
 *fill*         0x0041995a        0x2 
 .rodata.image_data_calibri_36_0x45
                0x0041995c      0x7ce src/main.o
 *fill*         0x0041a12a        0x2 
 .rodata.image_data_calibri_36_0x46
                0x0041a12c      0x75f src/main.o
 *fill*         0x0041a88b        0x1 
 .rodata.image_data_calibri_36_0x47
                0x0041a88c      0x9f9 src/main.o
 *fill*         0x0041b285        0x3 
 .rodata.image_data_calibri_36_0x48
                0x0041b288      0x98a src/main.o
 *fill*         0x0041bc12        0x2 
 .rodata.image_data_calibri_36_0x49
                0x0041bc14      0x3e7 src/main.o
 *fill*         0x0041bffb        0x1 
 .rodata.image_data_calibri_36_0x4a
                0x0041bffc      0x4c5 src/main.o
 *fill*         0x0041c4c1        0x3 
 .rodata.image_data_calibri_36_0x4b
                0x0041c4c4      0x83d src/main.o
 *fill*         0x0041cd01        0x3 
 .rodata.image_data_calibri_36_0x4c
                0x0041cd04      0x681 src/main.o
 *fill*         0x0041d385        0x3 
 .rodata.image_data_calibri_36_0x4d
                0x0041d388      0xd71 src/main.o
 *fill*         0x0041e0f9        0x3 
 .rodata.image_data_calibri_36_0x4e
                0x0041e0fc      0x9f9 src/main.o
 *fill*         0x0041eaf5        0x3 
 .rodata.image_data_calibri_36_0x4f
                0x0041eaf8      0xa68 src/main.o
 .rodata.image_data_calibri_36_0x50
                0x0041f560      0x83d src/main.o
 *fill*         0x0041fd9d        0x3 
 .rodata.image_data_calibri_36_0x51
                0x0041fda0      0xad7 src/main.o
 *fill*         0x00420877        0x1 
 .rodata.image_data_calibri_36_0x52
                0x00420878      0x8ac src/main.o
 .rodata.image_data_calibri_36_0x53
                0x00421124      0x75f src/main.o
 *fill*         0x00421883        0x1 
 .rodata.image_data_calibri_36_0x54
                0x00421884      0x7ce src/main.o
 *fill*         0x00422052        0x2 
 .rodata.image_data_calibri_36_0x55
                0x00422054      0x9f9 src/main.o
 *fill*         0x00422a4d        0x3 
 .rodata.image_data_calibri_36_0x56
                0x00422a50      0x8ac src/main.o
 .rodata.image_data_calibri_36_0x57
                0x004232fc      0xde0 src/main.o
 .rodata.image_data_calibri_36_0x58
                0x004240dc      0x83d src/main.o
 *fill*         0x00424919        0x3 
 .rodata.image_data_calibri_36_0x59
                0x0042491c      0x7ce src/main.o
 *fill*         0x004250ea        0x2 
 .rodata.image_data_calibri_36_0x5a
                0x004250ec      0x75f src/main.o
 *fill*         0x0042584b        0x1 
 .rodata.image_data_calibri_36_0x5b
                0x0042584c      0x4c5 src/main.o
 *fill*         0x00425d11        0x3 
 .rodata.image_data_calibri_36_0x5c
                0x00425d14      0x612 src/main.o
 *fill*         0x00426326        0x2 
 .rodata.image_data_calibri_36_0x5d
                0x00426328      0x4c5 src/main.o
 *fill*         0x004267ed        0x3 
 .rodata.image_data_calibri_36_0x5e
                0x004267f0      0x7ce src/main.o
 *fill*         0x00426fbe        0x2 
 .rodata.image_data_calibri_36_0x5f
                0x00426fc0      0x7ce src/main.o
 *fill*         0x0042778e        0x2 
 .rodata.image_data_calibri_36_0x60
                0x00427790      0x456 src/main.o
 *fill*         0x00427be6        0x2 
 .rodata.image_data_calibri_36_0x61
                0x00427be8      0x75f src/main.o
 *fill*         0x00428347        0x1 
 .rodata.image_data_calibri_36_0x62
                0x00428348      0x83d src/main.o
 *fill*         0x00428b85        0x3 
 .rodata.image_data_calibri_36_0x63
                0x00428b88      0x681 src/main.o
 *fill*         0x00429209        0x3 
 .rodata.image_data_calibri_36_0x64
                0x0042920c      0x83d src/main.o
 *fill*         0x00429a49        0x3 
 .rodata.image_data_calibri_36_0x65
                0x00429a4c      0x7ce src/main.o
 *fill*         0x0042a21a        0x2 
 .rodata.image_data_calibri_36_0x66
                0x0042a21c      0x4c5 src/main.o
 *fill*         0x0042a6e1        0x3 
 .rodata.image_data_calibri_36_0x67
                0x0042a6e4      0x75f src/main.o
 *fill*         0x0042ae43        0x1 
 .rodata.image_data_calibri_36_0x68
                0x0042ae44      0x83d src/main.o
 *fill*         0x0042b681        0x3 
 .rodata.image_data_calibri_36_0x69
                0x0042b684      0x378 src/main.o
 .rodata.image_data_calibri_36_0x6a
                0x0042b9fc      0x3e7 src/main.o
 *fill*         0x0042bde3        0x1 
 .rodata.image_data_calibri_36_0x6b
                0x0042bde4      0x6f0 src/main.o
 .rodata.image_data_calibri_36_0x6c
                0x0042c4d4      0x378 src/main.o
 .rodata.image_data_calibri_36_0x6d
                0x0042c84c      0xc93 src/main.o
 *fill*         0x0042d4df        0x1 
 .rodata.image_data_calibri_36_0x6e
                0x0042d4e0      0x83d src/main.o
 *fill*         0x0042dd1d        0x3 
 .rodata.image_data_calibri_36_0x6f
                0x0042dd20      0x83d src/main.o
 *fill*         0x0042e55d        0x3 
 .rodata.image_data_calibri_36_0x70
                0x0042e560      0x83d src/main.o
 *fill*         0x0042ed9d        0x3 
 .rodata.image_data_calibri_36_0x71
                0x0042eda0      0x83d src/main.o
 *fill*         0x0042f5dd        0x3 
 .rodata.image_data_calibri_36_0x72
                0x0042f5e0      0x5a3 src/main.o
 *fill*         0x0042fb83        0x1 
 .rodata.image_data_calibri_36_0x73
                0x0042fb84      0x612 src/main.o
 *fill*         0x00430196        0x2 
 .rodata.image_data_calibri_36_0x74
                0x00430198      0x534 src/main.o
 .rodata.image_data_calibri_36_0x75
                0x004306cc      0x83d src/main.o
 *fill*         0x00430f09        0x3 
 .rodata.image_data_calibri_36_0x76
                0x00430f0c      0x6f0 src/main.o
 .rodata.image_data_calibri_36_0x77
                0x004315fc      0xb46 src/main.o
 *fill*         0x00432142        0x2 
 .rodata.image_data_calibri_36_0x78
                0x00432144      0x6f0 src/main.o
 .rodata.image_data_calibri_36_0x79
                0x00432834      0x6f0 src/main.o
 .rodata.image_data_calibri_36_0x7a
                0x00432f24      0x612 src/main.o
 *fill*         0x00433536        0x2 
 .rodata.image_data_calibri_36_0x7b
                0x00433538      0x4c5 src/main.o
 *fill*         0x004339fd        0x3 
 .rodata.image_data_calibri_36_0x7c
                0x00433a00      0x75f src/main.o
 *fill*         0x0043415f        0x1 
 .rodata.image_data_calibri_36_0x7d
                0x00434160      0x4c5 src/main.o
 *fill*         0x00434625        0x3 
 .rodata.image_data_calibri_36_0x7e
                0x00434628      0x7ce src/main.o
 *fill*         0x00434df6        0x2 
 .rodata.image_data_sourcecodepro_28_0x41
                0x00434df8      0x138 src/main.o
 .rodata.image_data_sourcecodepro_28_0x42
                0x00434f30      0x138 src/main.o
 .rodata.image_data_sourcecodepro_28_0x43
                0x00435068      0x15f src/main.o
 *fill*         0x004351c7        0x1 
 .rodata.image_data_sourcecodepro_28_0x44
                0x004351c8      0x186 src/main.o
 *fill*         0x0043534e        0x2 
 .rodata.image_data_sourcecodepro_28_0x45
                0x00435350      0x138 src/main.o
 .rodata.image_data_sourcecodepro_28_0x46
                0x00435488      0x111 src/main.o
 *fill*         0x00435599        0x3 
 .rodata.image_data_sourcecodepro_28_0x47
                0x0043559c      0x15f src/main.o
 *fill*         0x004356fb        0x1 
 .rodata.image_data_sourcecodepro_28_0x48
                0x004356fc      0x15f src/main.o
 *fill*         0x0043585b        0x1 
 .rodata.image_data_sourcecodepro_28_0x49
                0x0043585c       0x9c src/main.o
 .rodata.image_data_sourcecodepro_28_0x4a
                0x004358f8       0xea src/main.o
 *fill*         0x004359e2        0x2 
 .rodata.image_data_sourcecodepro_28_0x4b
                0x004359e4      0x138 src/main.o
 .rodata.image_data_sourcecodepro_28_0x4c
                0x00435b1c      0x111 src/main.o
 *fill*         0x00435c2d        0x3 
 .rodata.image_data_sourcecodepro_28_0x4d
                0x00435c30      0x186 src/main.o
 *fill*         0x00435db6        0x2 
 .rodata.image_data_sourcecodepro_28_0x4e
                0x00435db8      0x15f src/main.o
 *fill*         0x00435f17        0x1 
 .rodata.image_data_sourcecodepro_28_0x4f
                0x00435f18      0x186 src/main.o
 *fill*         0x0043609e        0x2 
 .rodata.image_data_sourcecodepro_28_0x50
                0x004360a0      0x138 src/main.o
 .rodata.image_data_sourcecodepro_28_0x51
                0x004361d8      0x186 src/main.o
 *fill*         0x0043635e        0x2 
 .rodata.image_data_sourcecodepro_28_0x52
                0x00436360      0x15f src/main.o
 *fill*         0x004364bf        0x1 
 .rodata.image_data_sourcecodepro_28_0x53
                0x004364c0      0x138 src/main.o
 .rodata.image_data_sourcecodepro_28_0x54
                0x004365f8      0x138 src/main.o
 .rodata.image_data_sourcecodepro_28_0x55
                0x00436730      0x15f src/main.o
 *fill*         0x0043688f        0x1 
 .rodata.image_data_sourcecodepro_28_0x56
                0x00436890      0x138 src/main.o
 .rodata.image_data_sourcecodepro_28_0x57
                0x004369c8      0x222 src/main.o
 *fill*         0x00436bea        0x2 
 .rodata.image_data_sourcecodepro_28_0x58
                0x00436bec      0x138 src/main.o
 .rodata.image_data_sourcecodepro_28_0x59
                0x00436d24      0x138 src/main.o
 .rodata.image_data_sourcecodepro_28_0x5a
                0x00436e5c      0x138 src/main.o
 .rodata.main.str1.4
                0x00436f94       0x7c src/main.o
 .rodata.mxt_handler.str1.4
                0x00437010       0x37 src/main.o
 *fill*         0x00437047        0x1 
 .rodata.sourcecodepro_28
                0x00437048        0xc src/main.o
                0x00437048                sourcecodepro_28
 .rodata.sourcecodepro_28_0x41
                0x00437054       0x10 src/main.o
 .rodata.sourcecodepro_28_0x42
                0x00437064       0x10 src/main.o
 .rodata.sourcecodepro_28_0x43
                0x00437074       0x10 src/main.o
 .rodata.sourcecodepro_28_0x44
                0x00437084       0x10 src/main.o
 .rodata.sourcecodepro_28_0x45
                0x00437094       0x10 src/main.o
 .rodata.sourcecodepro_28_0x46
                0x004370a4       0x10 src/main.o
 .rodata.sourcecodepro_28_0x47
                0x004370b4       0x10 src/main.o
 .rodata.sourcecodepro_28_0x48
                0x004370c4       0x10 src/main.o
 .rodata.sourcecodepro_28_0x49
                0x004370d4       0x10 src/main.o
 .rodata.sourcecodepro_28_0x4a
                0x004370e4       0x10 src/main.o
 .rodata.sourcecodepro_28_0x4b
                0x004370f4       0x10 src/main.o
 .rodata.sourcecodepro_28_0x4c
                0x00437104       0x10 src/main.o
 .rodata.sourcecodepro_28_0x4d
                0x00437114       0x10 src/main.o
 .rodata.sourcecodepro_28_0x4e
                0x00437124       0x10 src/main.o
 .rodata.sourcecodepro_28_0x4f
                0x00437134       0x10 src/main.o
 .rodata.sourcecodepro_28_0x50
                0x00437144       0x10 src/main.o
 .rodata.sourcecodepro_28_0x51
                0x00437154       0x10 src/main.o
 .rodata.sourcecodepro_28_0x52
                0x00437164       0x10 src/main.o
 .rodata.sourcecodepro_28_0x53
                0x00437174       0x10 src/main.o
 .rodata.sourcecodepro_28_0x54
                0x00437184       0x10 src/main.o
 .rodata.sourcecodepro_28_0x55
                0x00437194       0x10 src/main.o
 .rodata.sourcecodepro_28_0x56
                0x004371a4       0x10 src/main.o
 .rodata.sourcecodepro_28_0x57
                0x004371b4       0x10 src/main.o
 .rodata.sourcecodepro_28_0x58
                0x004371c4       0x10 src/main.o
 .rodata.sourcecodepro_28_0x59
                0x004371d4       0x10 src/main.o
 .rodata.sourcecodepro_28_0x5a
                0x004371e4       0x10 src/main.o
 .rodata.sourcecodepro_28_array
                0x004371f4       0xd0 src/main.o
 .rodata.str1.4
                0x004372c4       0x3f src/main.o
 *fill*         0x00437303        0x1 
 .rodata._global_impure_ptr
                0x00437304        0x4 c:/program files (x86)/atmel/studio/7.0/toolchain/arm/arm-gnu-toolchain/bin/../lib/gcc/arm-none-eabi/6.3.1/../../../../arm-none-eabi/lib/thumb/v7e-m\libc.a(lib_a-impure.o)
                0x00437304                _global_impure_ptr
 .rodata._svfprintf_r.str1.4
                0x00437308       0x3f c:/program files (x86)/atmel/studio/7.0/toolchain/arm/arm-gnu-toolchain/bin/../lib/gcc/arm-none-eabi/6.3.1/../../../../arm-none-eabi/lib/thumb/v7e-m\libc.a(lib_a-svfprintf.o)
                                 0x42 (size before relaxing)
 *fill*         0x00437347        0x1 
 .rodata.blanks.7223
                0x00437348       0x10 c:/program files (x86)/atmel/studio/7.0/toolchain/arm/arm-gnu-toolchain/bin/../lib/gcc/arm-none-eabi/6.3.1/../../../../arm-none-eabi/lib/thumb/v7e-m\libc.a(lib_a-svfprintf.o)
 .rodata.zeroes.7224
                0x00437358       0x10 c:/program files (x86)/atmel/studio/7.0/toolchain/arm/arm-gnu-toolchain/bin/../lib/gcc/arm-none-eabi/6.3.1/../../../../arm-none-eabi/lib/thumb/v7e-m\libc.a(lib_a-svfprintf.o)
 .rodata._dtoa_r.str1.4
                0x00437368       0x10 c:/program files (x86)/atmel/studio/7.0/toolchain/arm/arm-gnu-toolchain/bin/../lib/gcc/arm-none-eabi/6.3.1/../../../../arm-none-eabi/lib/thumb/v7e-m\libc.a(lib_a-dtoa.o)
                                 0x12 (size before relaxing)
 .rodata.__mprec_bigtens
                0x00437378       0x28 c:/program files (x86)/atmel/studio/7.0/toolchain/arm/arm-gnu-toolchain/bin/../lib/gcc/arm-none-eabi/6.3.1/../../../../arm-none-eabi/lib/thumb/v7e-m\libc.a(lib_a-mprec.o)
                0x00437378                __mprec_bigtens
 .rodata.__mprec_tens
                0x004373a0       0xc8 c:/program files (x86)/atmel/studio/7.0/toolchain/arm/arm-gnu-toolchain/bin/../lib/gcc/arm-none-eabi/6.3.1/../../../../arm-none-eabi/lib/thumb/v7e-m\libc.a(lib_a-mprec.o)
                0x004373a0                __mprec_tens
 .rodata.p05.6055
                0x00437468        0xc c:/program files (x86)/atmel/studio/7.0/toolchain/arm/arm-gnu-toolchain/bin/../lib/gcc/arm-none-eabi/6.3.1/../../../../arm-none-eabi/lib/thumb/v7e-m\libc.a(lib_a-mprec.o)
 .rodata._setlocale_r.str1.4
                0x00437474        0xa c:/program files (x86)/atmel/studio/7.0/toolchain/arm/arm-gnu-toolchain/bin/../lib/gcc/arm-none-eabi/6.3.1/../../../../arm-none-eabi/lib/thumb/v7e-m\libc.a(lib_a-locale.o)
                                  0xd (size before relaxing)
 *fill*         0x0043747e        0x2 
 .rodata.str1.4
                0x00437480        0x4 c:/program files (x86)/atmel/studio/7.0/toolchain/arm/arm-gnu-toolchain/bin/../lib/gcc/arm-none-eabi/6.3.1/../../../../arm-none-eabi/lib/thumb/v7e-m\libc.a(lib_a-locale.o)
                                  0x2 (size before relaxing)
 .rodata._ctype_
                0x00437484      0x101 c:/program files (x86)/atmel/studio/7.0/toolchain/arm/arm-gnu-toolchain/bin/../lib/gcc/arm-none-eabi/6.3.1/../../../../arm-none-eabi/lib/thumb/v7e-m\libc.a(lib_a-ctype_.o)
                0x00437484                _ctype_
 *(.ARM.extab* .gnu.linkonce.armextab.*)
                0x00437588                . = ALIGN (0x4)
 *fill*         0x00437585        0x3 
 *(.init)
 .init          0x00437588        0x4 c:/program files (x86)/atmel/studio/7.0/toolchain/arm/arm-gnu-toolchain/bin/../lib/gcc/arm-none-eabi/6.3.1/thumb/v7e-m/crti.o
                0x00437588                _init
 .init          0x0043758c        0x8 c:/program files (x86)/atmel/studio/7.0/toolchain/arm/arm-gnu-toolchain/bin/../lib/gcc/arm-none-eabi/6.3.1/thumb/v7e-m/crtn.o
                0x00437594                . = ALIGN (0x4)
                0x00437594                __preinit_array_start = .
 *(.preinit_array)
                0x00437594                __preinit_array_end = .
                0x00437594                . = ALIGN (0x4)
                0x00437594                __init_array_start = .
 *(SORT(.init_array.*))
 .init_array.00000
                0x00437594        0x4 c:/program files (x86)/atmel/studio/7.0/toolchain/arm/arm-gnu-toolchain/bin/../lib/gcc/arm-none-eabi/6.3.1/../../../../arm-none-eabi/lib/thumb/v7e-m\libc.a(lib_a-__call_atexit.o)
 *(.init_array)
 .init_array    0x00437598        0x4 c:/program files (x86)/atmel/studio/7.0/toolchain/arm/arm-gnu-toolchain/bin/../lib/gcc/arm-none-eabi/6.3.1/thumb/v7e-m/crtbegin.o
                0x0043759c                __init_array_end = .
                0x0043759c                . = ALIGN (0x4)
 *crtbegin.o(.ctors)
 *(EXCLUDE_FILE(*crtend.o) .ctors)
 *(SORT(.ctors.*))
 *crtend.o(.ctors)
                0x0043759c                . = ALIGN (0x4)
 *(.fini)
 .fini          0x0043759c        0x4 c:/program files (x86)/atmel/studio/7.0/toolchain/arm/arm-gnu-toolchain/bin/../lib/gcc/arm-none-eabi/6.3.1/thumb/v7e-m/crti.o
                0x0043759c                _fini
 .fini          0x004375a0        0x8 c:/program files (x86)/atmel/studio/7.0/toolchain/arm/arm-gnu-toolchain/bin/../lib/gcc/arm-none-eabi/6.3.1/thumb/v7e-m/crtn.o
                0x004375a8                . = ALIGN (0x4)
                0x004375a8                __fini_array_start = .
 *(.fini_array)
 .fini_array    0x004375a8        0x4 c:/program files (x86)/atmel/studio/7.0/toolchain/arm/arm-gnu-toolchain/bin/../lib/gcc/arm-none-eabi/6.3.1/thumb/v7e-m/crtbegin.o
 *(SORT(.fini_array.*))
                0x004375ac                __fini_array_end = .
 *crtbegin.o(.dtors)
 *(EXCLUDE_FILE(*crtend.o) .dtors)
 *(SORT(.dtors.*))
 *crtend.o(.dtors)
                0x004375ac                . = ALIGN (0x4)
                0x004375ac                _efixed = .
                [!provide]                PROVIDE (__exidx_start, .)

.vfp11_veneer   0x004375ac        0x0
 .vfp11_veneer  0x004375ac        0x0 linker stubs

.v4_bx          0x004375ac        0x0
 .v4_bx         0x004375ac        0x0 linker stubs

.iplt           0x004375ac        0x0
 .iplt          0x004375ac        0x0 c:/program files (x86)/atmel/studio/7.0/toolchain/arm/arm-gnu-toolchain/bin/../lib/gcc/arm-none-eabi/6.3.1/thumb/v7e-m/crtbegin.o

.ARM.exidx      0x004375ac        0x8
 *(.ARM.exidx* .gnu.linkonce.armexidx.*)
 .ARM.exidx     0x004375ac        0x8 c:/program files (x86)/atmel/studio/7.0/toolchain/arm/arm-gnu-toolchain/bin/../lib/gcc/arm-none-eabi/6.3.1/thumb/v7e-m\libgcc.a(_udivmoddi4.o)
                [!provide]                PROVIDE (__exidx_end, .)

.eh_frame       0x004375b4        0x0
 .eh_frame      0x004375b4        0x0 c:/program files (x86)/atmel/studio/7.0/toolchain/arm/arm-gnu-toolchain/bin/../lib/gcc/arm-none-eabi/6.3.1/thumb/v7e-m/crtbegin.o

.rel.dyn        0x004375b4        0x0
 .rel.iplt      0x004375b4        0x0 c:/program files (x86)/atmel/studio/7.0/toolchain/arm/arm-gnu-toolchain/bin/../lib/gcc/arm-none-eabi/6.3.1/thumb/v7e-m/crtbegin.o

.jcr            0x004375b4        0x0
 .jcr           0x004375b4        0x0 c:/program files (x86)/atmel/studio/7.0/toolchain/arm/arm-gnu-toolchain/bin/../lib/gcc/arm-none-eabi/6.3.1/thumb/v7e-m/crtbegin.o

.igot.plt       0x004375b4        0x0
 .igot.plt      0x004375b4        0x0 c:/program files (x86)/atmel/studio/7.0/toolchain/arm/arm-gnu-toolchain/bin/../lib/gcc/arm-none-eabi/6.3.1/thumb/v7e-m/crtbegin.o
                0x004375b4                . = ALIGN (0x4)
                0x004375b4                _etext = .

.relocate       0x20400000      0xb70 load address 0x004375b4
                0x20400000                . = ALIGN (0x4)
                0x20400000                _srelocate = .
 *(.ramfunc .ramfunc.*)
 .ramfunc       0x20400000        0xa src/ASF/common/services/delay/sam/cycle_counter.o
                0x20400000                portable_delay_cycles
 *(.data .data.*)
 .data.g_interrupt_enabled
                0x2040000a        0x1 src/ASF/common/utils/interrupt/interrupt_sam_nvic.o
                0x2040000a                g_interrupt_enabled
 *fill*         0x2040000b        0x1 
 .data.SystemCoreClock
                0x2040000c        0x4 src/ASF/sam/utils/cmsis/same70/source/templates/system_same70.o
                0x2040000c                SystemCoreClock
 .data.c_centrifuga
                0x20400010       0x3c src/main.o
                0x20400010                c_centrifuga
 .data.c_config
                0x2040004c       0x3c src/main.o
                0x2040004c                c_config
 .data.c_diario
                0x20400088       0x3c src/main.o
                0x20400088                c_diario
 .data.c_enxague
                0x204000c4       0x3c src/main.o
                0x204000c4                c_enxague
 .data.c_pesado
                0x20400100       0x3c src/main.o
                0x20400100                c_pesado
 .data.c_rapido
                0x2040013c       0x3c src/main.o
                0x2040013c                c_rapido
 .data.centrifuga_RPM
                0x20400178       0x10 src/main.o
                0x20400178                centrifuga_RPM
 .data.centrifuga_tempos
                0x20400188       0x14 src/main.o
                0x20400188                centrifuga_tempos
 .data.enxague_tempos
                0x2040019c       0x14 src/main.o
                0x2040019c                enxague_tempos
 .data.enxague_vezes
                0x204001b0       0x10 src/main.o
                0x204001b0                enxague_vezes
 .data._impure_ptr
                0x204001c0        0x4 c:/program files (x86)/atmel/studio/7.0/toolchain/arm/arm-gnu-toolchain/bin/../lib/gcc/arm-none-eabi/6.3.1/../../../../arm-none-eabi/lib/thumb/v7e-m\libc.a(lib_a-impure.o)
                0x204001c0                _impure_ptr
 *fill*         0x204001c4        0x4 
 .data.impure_data
                0x204001c8      0x428 c:/program files (x86)/atmel/studio/7.0/toolchain/arm/arm-gnu-toolchain/bin/../lib/gcc/arm-none-eabi/6.3.1/../../../../arm-none-eabi/lib/thumb/v7e-m\libc.a(lib_a-impure.o)
 .data.__malloc_av_
                0x204005f0      0x408 c:/program files (x86)/atmel/studio/7.0/toolchain/arm/arm-gnu-toolchain/bin/../lib/gcc/arm-none-eabi/6.3.1/../../../../arm-none-eabi/lib/thumb/v7e-m\libc.a(lib_a-mallocr.o)
                0x204005f0                __malloc_av_
 .data.__malloc_sbrk_base
                0x204009f8        0x4 c:/program files (x86)/atmel/studio/7.0/toolchain/arm/arm-gnu-toolchain/bin/../lib/gcc/arm-none-eabi/6.3.1/../../../../arm-none-eabi/lib/thumb/v7e-m\libc.a(lib_a-mallocr.o)
                0x204009f8                __malloc_sbrk_base
 .data.__malloc_trim_threshold
                0x204009fc        0x4 c:/program files (x86)/atmel/studio/7.0/toolchain/arm/arm-gnu-toolchain/bin/../lib/gcc/arm-none-eabi/6.3.1/../../../../arm-none-eabi/lib/thumb/v7e-m\libc.a(lib_a-mallocr.o)
                0x204009fc                __malloc_trim_threshold
 .data.__atexit_recursive_mutex
                0x20400a00        0x4 c:/program files (x86)/atmel/studio/7.0/toolchain/arm/arm-gnu-toolchain/bin/../lib/gcc/arm-none-eabi/6.3.1/../../../../arm-none-eabi/lib/thumb/v7e-m\libc.a(lib_a-__call_atexit.o)
                0x20400a00                __atexit_recursive_mutex
 .data.__global_locale
                0x20400a04      0x16c c:/program files (x86)/atmel/studio/7.0/toolchain/arm/arm-gnu-toolchain/bin/../lib/gcc/arm-none-eabi/6.3.1/../../../../arm-none-eabi/lib/thumb/v7e-m\libc.a(lib_a-locale.o)
                0x20400a04                __global_locale
                0x20400b70                . = ALIGN (0x4)
                0x20400b70                _erelocate = .

.bss            0x20400b70      0x518 load address 0x00438124
                0x20400b70                . = ALIGN (0x4)
                0x20400b70                _sbss = .
                0x20400b70                _szero = .
 *(.bss .bss.*)
 .bss           0x20400b70       0x1c c:/program files (x86)/atmel/studio/7.0/toolchain/arm/arm-gnu-toolchain/bin/../lib/gcc/arm-none-eabi/6.3.1/thumb/v7e-m/crtbegin.o
 .bss.g_ul_pixel_cache
                0x20400b8c      0x3c0 src/ASF/sam/components/display/ili9488/ili9488.o
 .bss.gs_interrupt_sources
                0x20400f4c       0x70 src/ASF/sam/drivers/pio/pio_handler.o
 .bss.ul_reg_val.9451
                0x20400fbc        0x4 src/ASF/sam/drivers/usart/usart.o
 .bss.heap.6420
                0x20400fc0        0x4 src/ASF/sam/utils/syscalls/gcc/syscalls.o
 .bss.bolhas    0x20400fc4        0x4 src/main.o
                0x20400fc4                bolhas
 .bss.cen_r_i   0x20400fc8        0x4 src/main.o
                0x20400fc8                cen_r_i
 .bss.cen_t_i   0x20400fcc        0x4 src/main.o
                0x20400fcc                cen_t_i
 .bss.enx_t_i   0x20400fd0        0x4 src/main.o
                0x20400fd0                enx_t_i
 .bss.enx_v_i   0x20400fd4        0x4 src/main.o
                0x20400fd4                enx_v_i
 .bss.f_config  0x20400fd8        0x4 src/main.o
                0x20400fd8                f_config
 .bss.f_draw_config
                0x20400fdc        0x4 src/main.o
                0x20400fdc                f_draw_config
 .bss.f_draw_menu
                0x20400fe0        0x4 src/main.o
                0x20400fe0                f_draw_menu
 .bss.f_draw_start
                0x20400fe4        0x4 src/main.o
                0x20400fe4                f_draw_start
 .bss.f_lock    0x20400fe8        0x4 src/main.o
                0x20400fe8                f_lock
 .bss.f_modo    0x20400fec        0x4 src/main.o
                0x20400fec                f_modo
 .bss.f_pressing_lock
                0x20400ff0        0x4 src/main.o
                0x20400ff0                f_pressing_lock
 .bss.f_start   0x20400ff4        0x4 src/main.o
                0x20400ff4                f_start
 .bss.hours_passed
                0x20400ff8        0x4 src/main.o
                0x20400ff8                hours_passed
 .bss.lock_counter
                0x20400ffc        0x4 src/main.o
                0x20400ffc                lock_counter
 .bss.minutes_passed
                0x20401000        0x4 src/main.o
                0x20401000                minutes_passed
 .bss.pesado    0x20401004        0x4 src/main.o
                0x20401004                pesado
 .bss.seconds_passed
                0x20401008        0x4 src/main.o
                0x20401008                seconds_passed
 .bss.tempo_sec
                0x2040100c        0x4 src/main.o
                0x2040100c                tempo_sec
 .bss.__malloc_current_mallinfo
                0x20401010       0x28 c:/program files (x86)/atmel/studio/7.0/toolchain/arm/arm-gnu-toolchain/bin/../lib/gcc/arm-none-eabi/6.3.1/../../../../arm-none-eabi/lib/thumb/v7e-m\libc.a(lib_a-mallocr.o)
                0x20401010                __malloc_current_mallinfo
 .bss.__malloc_max_sbrked_mem
                0x20401038        0x4 c:/program files (x86)/atmel/studio/7.0/toolchain/arm/arm-gnu-toolchain/bin/../lib/gcc/arm-none-eabi/6.3.1/../../../../arm-none-eabi/lib/thumb/v7e-m\libc.a(lib_a-mallocr.o)
                0x20401038                __malloc_max_sbrked_mem
 .bss.__malloc_max_total_mem
                0x2040103c        0x4 c:/program files (x86)/atmel/studio/7.0/toolchain/arm/arm-gnu-toolchain/bin/../lib/gcc/arm-none-eabi/6.3.1/../../../../arm-none-eabi/lib/thumb/v7e-m\libc.a(lib_a-mallocr.o)
                0x2040103c                __malloc_max_total_mem
 .bss.__malloc_top_pad
                0x20401040        0x4 c:/program files (x86)/atmel/studio/7.0/toolchain/arm/arm-gnu-toolchain/bin/../lib/gcc/arm-none-eabi/6.3.1/../../../../arm-none-eabi/lib/thumb/v7e-m\libc.a(lib_a-mallocr.o)
                0x20401040                __malloc_top_pad
 *(COMMON)
 COMMON         0x20401044        0x4 src/ASF/common/utils/stdio/read.o
                0x20401044                ptr_get
 COMMON         0x20401048        0x8 src/ASF/common/utils/stdio/write.o
                0x20401048                ptr_put
                0x2040104c                stdio_base
 COMMON         0x20401050       0x10 src/main.o
                0x20401050                g_ili9488_display_opt
 COMMON         0x20401060       0x21 c:/program files (x86)/atmel/studio/7.0/toolchain/arm/arm-gnu-toolchain/bin/../lib/gcc/arm-none-eabi/6.3.1/../../../../arm-none-eabi/lib/thumb/v7e-m\libc.a(lib_a-lock.o)
                0x20401060                __lock___atexit_recursive_mutex
                0x20401064                __lock___arc4random_mutex
                0x20401068                __lock___env_recursive_mutex
                0x2040106c                __lock___sinit_recursive_mutex
                0x20401070                __lock___malloc_recursive_mutex
                0x20401074                __lock___at_quick_exit_mutex
                0x20401078                __lock___dd_hash_mutex
                0x2040107c                __lock___tz_mutex
                0x20401080                __lock___sfp_recursive_mutex
 *fill*         0x20401081        0x3 
 COMMON         0x20401084        0x4 c:/program files (x86)/atmel/studio/7.0/toolchain/arm/arm-gnu-toolchain/bin/../lib/gcc/arm-none-eabi/6.3.1/../../../../arm-none-eabi/lib/thumb/v7e-m\libc.a(lib_a-reent.o)
                0x20401084                errno
                0x20401088                . = ALIGN (0x4)
                0x20401088                _ebss = .
                0x20401088                _ezero = .

.stack          0x20401088     0x2000 load address 0x0043863c
                0x20401088                . = ALIGN (0x8)
                0x20401088                _sstack = .
                0x20403088                . = (. + STACK_SIZE)
 *fill*         0x20401088     0x2000 
                0x20403088                . = ALIGN (0x8)
                0x20403088                _estack = .

.heap           0x20403088      0x200 load address 0x0043a63c
                0x20403088                . = ALIGN (0x8)
                0x20403088                _sheap = .
                0x20403288                . = (. + HEAP_SIZE)
 *fill*         0x20403088      0x200 
                0x20403288                . = ALIGN (0x8)
                0x20403288                _eheap = .
                0x20403288                . = ALIGN (0x4)
                0x20403288                _end = .
                0x2045ffff                _ram_end_ = ((ORIGIN (ram) + LENGTH (ram)) - 0x1)
OUTPUT(MXT_EXAMPLE_USART1.elf elf32-littlearm)

.ARM.attributes
                0x00000000       0x2e
 .ARM.attributes
                0x00000000       0x1e c:/program files (x86)/atmel/studio/7.0/toolchain/arm/arm-gnu-toolchain/bin/../lib/gcc/arm-none-eabi/6.3.1/thumb/v7e-m/crti.o
 .ARM.attributes
                0x0000001e       0x2e c:/program files (x86)/atmel/studio/7.0/toolchain/arm/arm-gnu-toolchain/bin/../lib/gcc/arm-none-eabi/6.3.1/thumb/v7e-m/crtbegin.o
 .ARM.attributes
                0x0000004c       0x37 src/ASF/sam/drivers/rtc/rtc.o
 .ARM.attributes
                0x00000083       0x37 src/ASF/sam/drivers/tc/tc.o
 .ARM.attributes
                0x000000ba       0x37 src/ASF/common/components/touch/mxt/mxt_device_1.o
 .ARM.attributes
                0x000000f1       0x37 src/ASF/common/services/clock/same70/sysclk.o
 .ARM.attributes
                0x00000128       0x37 src/ASF/common/services/delay/sam/cycle_counter.o
 .ARM.attributes
                0x0000015f       0x37 src/ASF/common/services/serial/usart_serial.o
 .ARM.attributes
                0x00000196       0x37 src/ASF/common/services/spi/sam_spi/spi_master.o
 .ARM.attributes
                0x000001cd       0x37 src/ASF/common/utils/interrupt/interrupt_sam_nvic.o
 .ARM.attributes
                0x00000204       0x37 src/ASF/common/utils/stdio/read.o
 .ARM.attributes
                0x0000023b       0x37 src/ASF/common/utils/stdio/write.o
 .ARM.attributes
                0x00000272       0x37 src/ASF/sam/boards/same70_xplained/init.o
 .ARM.attributes
                0x000002a9       0x37 src/ASF/sam/components/display/ili9488/ili9488.o
 .ARM.attributes
                0x000002e0       0x37 src/ASF/sam/drivers/pio/pio.o
 .ARM.attributes
                0x00000317       0x37 src/ASF/sam/drivers/pio/pio_handler.o
 .ARM.attributes
                0x0000034e       0x37 src/ASF/sam/drivers/pmc/pmc.o
 .ARM.attributes
                0x00000385       0x37 src/ASF/sam/drivers/spi/spi.o
 .ARM.attributes
                0x000003bc       0x37 src/ASF/sam/drivers/twihs/twihs.o
 .ARM.attributes
                0x000003f3       0x37 src/ASF/sam/drivers/uart/uart.o
 .ARM.attributes
                0x0000042a       0x37 src/ASF/sam/drivers/usart/usart.o
 .ARM.attributes
                0x00000461       0x37 src/ASF/sam/utils/cmsis/same70/source/templates/gcc/startup_same70.o
 .ARM.attributes
                0x00000498       0x37 src/ASF/sam/utils/cmsis/same70/source/templates/system_same70.o
 .ARM.attributes
                0x000004cf       0x37 src/ASF/sam/utils/syscalls/gcc/syscalls.o
 .ARM.attributes
                0x00000506       0x37 src/main.o
 .ARM.attributes
                0x0000053d       0x2e c:/program files (x86)/atmel/studio/7.0/toolchain/arm/arm-gnu-toolchain/bin/../lib/gcc/arm-none-eabi/6.3.1/../../../../arm-none-eabi/lib/thumb/v7e-m\libc.a(lib_a-impure.o)
 .ARM.attributes
                0x0000056b       0x2e c:/program files (x86)/atmel/studio/7.0/toolchain/arm/arm-gnu-toolchain/bin/../lib/gcc/arm-none-eabi/6.3.1/../../../../arm-none-eabi/lib/thumb/v7e-m\libc.a(lib_a-init.o)
 .ARM.attributes
                0x00000599       0x2e c:/program files (x86)/atmel/studio/7.0/toolchain/arm/arm-gnu-toolchain/bin/../lib/gcc/arm-none-eabi/6.3.1/../../../../arm-none-eabi/lib/thumb/v7e-m\libc.a(lib_a-malloc.o)
 .ARM.attributes
                0x000005c7       0x2e c:/program files (x86)/atmel/studio/7.0/toolchain/arm/arm-gnu-toolchain/bin/../lib/gcc/arm-none-eabi/6.3.1/../../../../arm-none-eabi/lib/thumb/v7e-m\libc.a(lib_a-mallocr.o)
 .ARM.attributes
                0x000005f5       0x2e c:/program files (x86)/atmel/studio/7.0/toolchain/arm/arm-gnu-toolchain/bin/../lib/gcc/arm-none-eabi/6.3.1/../../../../arm-none-eabi/lib/thumb/v7e-m\libc.a(lib_a-memset.o)
 .ARM.attributes
                0x00000623       0x2e c:/program files (x86)/atmel/studio/7.0/toolchain/arm/arm-gnu-toolchain/bin/../lib/gcc/arm-none-eabi/6.3.1/../../../../arm-none-eabi/lib/thumb/v7e-m\libc.a(lib_a-mlock.o)
 .ARM.attributes
                0x00000651       0x2e c:/program files (x86)/atmel/studio/7.0/toolchain/arm/arm-gnu-toolchain/bin/../lib/gcc/arm-none-eabi/6.3.1/../../../../arm-none-eabi/lib/thumb/v7e-m\libc.a(lib_a-sbrkr.o)
 .ARM.attributes
                0x0000067f       0x2e c:/program files (x86)/atmel/studio/7.0/toolchain/arm/arm-gnu-toolchain/bin/../lib/gcc/arm-none-eabi/6.3.1/../../../../arm-none-eabi/lib/thumb/v7e-m\libc.a(lib_a-setbuf.o)
 .ARM.attributes
                0x000006ad       0x2e c:/program files (x86)/atmel/studio/7.0/toolchain/arm/arm-gnu-toolchain/bin/../lib/gcc/arm-none-eabi/6.3.1/../../../../arm-none-eabi/lib/thumb/v7e-m\libc.a(lib_a-setvbuf.o)
 .ARM.attributes
                0x000006db       0x2e c:/program files (x86)/atmel/studio/7.0/toolchain/arm/arm-gnu-toolchain/bin/../lib/gcc/arm-none-eabi/6.3.1/../../../../arm-none-eabi/lib/thumb/v7e-m\libc.a(lib_a-sprintf.o)
 .ARM.attributes