Archive member included to satisfy reference by file (symbol)

c:/program files (x86)/atmel/studio/7.0/toolchain/arm/arm-gnu-toolchain/bin/../lib/gcc/arm-none-eabi/6.3.1/../../../../arm-none-eabi/lib/thumb/v7e-m\libc.a(lib_a-exit.o)
                              c:/program files (x86)/atmel/studio/7.0/toolchain/arm/arm-gnu-toolchain/bin/../lib/gcc/arm-none-eabi/6.3.1/../../../../arm-none-eabi/lib/thumb/v7e-m/crt0.o (exit)
c:/program files (x86)/atmel/studio/7.0/toolchain/arm/arm-gnu-toolchain/bin/../lib/gcc/arm-none-eabi/6.3.1/../../../../arm-none-eabi/lib/thumb/v7e-m\libc.a(lib_a-impure.o)
                              c:/program files (x86)/atmel/studio/7.0/toolchain/arm/arm-gnu-toolchain/bin/../lib/gcc/arm-none-eabi/6.3.1/../../../../arm-none-eabi/lib/thumb/v7e-m\libc.a(lib_a-exit.o) (_global_impure_ptr)
c:/program files (x86)/atmel/studio/7.0/toolchain/arm/arm-gnu-toolchain/bin/../lib/gcc/arm-none-eabi/6.3.1/../../../../arm-none-eabi/lib/thumb/v7e-m\libc.a(lib_a-init.o)
                              c:/program files (x86)/atmel/studio/7.0/toolchain/arm/arm-gnu-toolchain/bin/../lib/gcc/arm-none-eabi/6.3.1/../../../../arm-none-eabi/lib/thumb/v7e-m/crt0.o (__libc_init_array)
c:/program files (x86)/atmel/studio/7.0/toolchain/arm/arm-gnu-toolchain/bin/../lib/gcc/arm-none-eabi/6.3.1/../../../../arm-none-eabi/lib/thumb/v7e-m\libc.a(lib_a-malloc.o)
                              src/ASF/common/components/touch/mxt/mxt_device_1.o (malloc)
c:/program files (x86)/atmel/studio/7.0/toolchain/arm/arm-gnu-toolchain/bin/../lib/gcc/arm-none-eabi/6.3.1/../../../../arm-none-eabi/lib/thumb/v7e-m\libc.a(lib_a-mallocr.o)
                              c:/program files (x86)/atmel/studio/7.0/toolchain/arm/arm-gnu-toolchain/bin/../lib/gcc/arm-none-eabi/6.3.1/../../../../arm-none-eabi/lib/thumb/v7e-m\libc.a(lib_a-malloc.o) (_malloc_r)
c:/program files (x86)/atmel/studio/7.0/toolchain/arm/arm-gnu-toolchain/bin/../lib/gcc/arm-none-eabi/6.3.1/../../../../arm-none-eabi/lib/thumb/v7e-m\libc.a(lib_a-memset.o)
                              c:/program files (x86)/atmel/studio/7.0/toolchain/arm/arm-gnu-toolchain/bin/../lib/gcc/arm-none-eabi/6.3.1/../../../../arm-none-eabi/lib/thumb/v7e-m/crt0.o (memset)
c:/program files (x86)/atmel/studio/7.0/toolchain/arm/arm-gnu-toolchain/bin/../lib/gcc/arm-none-eabi/6.3.1/../../../../arm-none-eabi/lib/thumb/v7e-m\libc.a(lib_a-mlock.o)
                              c:/program files (x86)/atmel/studio/7.0/toolchain/arm/arm-gnu-toolchain/bin/../lib/gcc/arm-none-eabi/6.3.1/../../../../arm-none-eabi/lib/thumb/v7e-m\libc.a(lib_a-mallocr.o) (__malloc_lock)
c:/program files (x86)/atmel/studio/7.0/toolchain/arm/arm-gnu-toolchain/bin/../lib/gcc/arm-none-eabi/6.3.1/../../../../arm-none-eabi/lib/thumb/v7e-m\libc.a(lib_a-sbrkr.o)
                              c:/program files (x86)/atmel/studio/7.0/toolchain/arm/arm-gnu-toolchain/bin/../lib/gcc/arm-none-eabi/6.3.1/../../../../arm-none-eabi/lib/thumb/v7e-m\libc.a(lib_a-mallocr.o) (_sbrk_r)
c:/program files (x86)/atmel/studio/7.0/toolchain/arm/arm-gnu-toolchain/bin/../lib/gcc/arm-none-eabi/6.3.1/../../../../arm-none-eabi/lib/thumb/v7e-m\libc.a(lib_a-setbuf.o)
                              src/main.o (setbuf)
c:/program files (x86)/atmel/studio/7.0/toolchain/arm/arm-gnu-toolchain/bin/../lib/gcc/arm-none-eabi/6.3.1/../../../../arm-none-eabi/lib/thumb/v7e-m\libc.a(lib_a-setvbuf.o)
                              c:/program files (x86)/atmel/studio/7.0/toolchain/arm/arm-gnu-toolchain/bin/../lib/gcc/arm-none-eabi/6.3.1/../../../../arm-none-eabi/lib/thumb/v7e-m\libc.a(lib_a-setbuf.o) (setvbuf)
c:/program files (x86)/atmel/studio/7.0/toolchain/arm/arm-gnu-toolchain/bin/../lib/gcc/arm-none-eabi/6.3.1/../../../../arm-none-eabi/lib/thumb/v7e-m\libc.a(lib_a-sprintf.o)
                              src/main.o (sprintf)
c:/program files (x86)/atmel/studio/7.0/toolchain/arm/arm-gnu-toolchain/bin/../lib/gcc/arm-none-eabi/6.3.1/../../../../arm-none-eabi/lib/thumb/v7e-m\libc.a(lib_a-strcat.o)
                              src/main.o (strcat)
c:/program files (x86)/atmel/studio/7.0/toolchain/arm/arm-gnu-toolchain/bin/../lib/gcc/arm-none-eabi/6.3.1/../../../../arm-none-eabi/lib/thumb/v7e-m\libc.a(lib_a-strcpy.o)
                              c:/program files (x86)/atmel/studio/7.0/toolchain/arm/arm-gnu-toolchain/bin/../lib/gcc/arm-none-eabi/6.3.1/../../../../arm-none-eabi/lib/thumb/v7e-m\libc.a(lib_a-strcat.o) (strcpy)
c:/program files (x86)/atmel/studio/7.0/toolchain/arm/arm-gnu-toolchain/bin/../lib/gcc/arm-none-eabi/6.3.1/../../../../arm-none-eabi/lib/thumb/v7e-m\libc.a(lib_a-strlen.o)
                              src/main.o (strlen)
c:/program files (x86)/atmel/studio/7.0/toolchain/arm/arm-gnu-toolchain/bin/../lib/gcc/arm-none-eabi/6.3.1/../../../../arm-none-eabi/lib/thumb/v7e-m\libc.a(lib_a-svfprintf.o)
[...]
Memory Configuration

Name             Origin             Length             Attributes
rom              0x00400000         0x00200000         xr
ram              0x20400000         0x00060000         xrw
*default*        0x00000000         0xffffffff

Linker script and memory map

LOAD c:/program files (x86)/atmel/studio/7.0/toolchain/arm/arm-gnu-toolchain/bin/../lib/gcc/arm-none-eabi/6.3.1/thumb/v7e-m/crti.o
LOAD c:/program files (x86)/atmel/studio/7.0/toolchain/arm/arm-gnu-toolchain/bin/../lib/gcc/arm-none-eabi/6.3.1/thumb/v7e-m/crtbegin.o
LOAD c:/program files (x86)/atmel/studio/7.0/toolchain/arm/arm-gnu-toolchain/bin/../lib/gcc/arm-none-eabi/6.3.1/../../../../arm-none-eabi/lib/thumb/v7e-m/crt0.o
LOAD src/ASF/common/components/touch/mxt/mxt_device_1.o
LOAD src/ASF/common/services/clock/same70/sysclk.o
LOAD src/ASF/common/services/delay/sam/cycle_counter.o
LOAD src/ASF/common/services/serial/usart_serial.o
LOAD src/ASF/common/services/spi/sam_spi/spi_master.o
LOAD src/ASF/common/utils/interrupt/interrupt_sam_nvic.o
LOAD src/ASF/common/utils/stdio/read.o
LOAD src/ASF/common/utils/stdio/write.o
LOAD src/ASF/sam/boards/same70_xplained/init.o
LOAD src/ASF/sam/components/display/ili9488/ili9488.o
LOAD src/ASF/sam/drivers/mpu/mpu.o
LOAD src/ASF/sam/drivers/pio/pio.o
LOAD src/ASF/sam/drivers/pio/pio_handler.o
LOAD src/ASF/sam/drivers/pmc/pmc.o
LOAD src/ASF/sam/drivers/pmc/sleep.o
LOAD src/ASF/sam/drivers/spi/spi.o
LOAD src/ASF/sam/drivers/twihs/twihs.o
LOAD src/ASF/sam/drivers/uart/uart.o
LOAD src/ASF/sam/drivers/usart/usart.o
LOAD src/ASF/sam/utils/cmsis/same70/source/templates/gcc/startup_same70.o
LOAD src/ASF/sam/utils/cmsis/same70/source/templates/system_same70.o
LOAD src/ASF/sam/utils/syscalls/gcc/syscalls.o
LOAD src/main.o
START GROUP
LOAD ../src/ASF/thirdparty/CMSIS/Lib/GCC\libarm_cortexM7lfsp_math_softfp.a
LOAD c:/program files (x86)/atmel/studio/7.0/toolchain/arm/arm-gnu-toolchain/bin/../lib/gcc/arm-none-eabi/6.3.1/../../../../arm-none-eabi/lib/thumb/v7e-m\libm.a
END GROUP
START GROUP
LOAD c:/program files (x86)/atmel/studio/7.0/toolchain/arm/arm-gnu-toolchain/bin/../lib/gcc/arm-none-eabi/6.3.1/thumb/v7e-m\libgcc.a
LOAD c:/program files (x86)/atmel/studio/7.0/toolchain/arm/arm-gnu-toolchain/bin/../lib/gcc/arm-none-eabi/6.3.1/../../../../arm-none-eabi/lib/thumb/v7e-m\libc.a
END GROUP
LOAD c:/program files (x86)/atmel/studio/7.0/toolchain/arm/arm-gnu-toolchain/bin/../lib/gcc/arm-none-eabi/6.3.1/thumb/v7e-m/crtend.o
LOAD c:/program files (x86)/atmel/studio/7.0/toolchain/arm/arm-gnu-toolchain/bin/../lib/gcc/arm-none-eabi/6.3.1/thumb/v7e-m/crtn.o
                0x00002000                STACK_SIZE = DEFINED (STACK_SIZE)?STACK_SIZE:0x2000
                0x2045fffc                __ram_end__ = ((ORIGIN (ram) + LENGTH (ram)) - 0x4)
                0x00000200                HEAP_SIZE = DEFINED (HEAP_SIZE)?HEAP_SIZE:0x200

.text           0x00400000    0x3415c
                0x00400000                . = ALIGN (0x4)
                0x00400000                _sfixed = .
 *(.vectors .vectors.*)
 .vectors       0x00400000      0x168 src/ASF/sam/utils/cmsis/same70/source/templates/gcc/startup_same70.o
                0x00400000                exception_table
 *(.text .text.* .gnu.linkonce.t.*)
 .text          0x00400168       0x6c c:/program files (x86)/atmel/studio/7.0/toolchain/arm/arm-gnu-toolchain/bin/../lib/gcc/arm-none-eabi/6.3.1/thumb/v7e-m/crtbegin.o
 .text.mxt_init_device
                0x004001d4      0x298 src/ASF/common/components/touch/mxt/mxt_device_1.o
                0x004001d4                mxt_init_device
 .text.mxt_get_object_address
                0x0040046c       0x40 src/ASF/common/components/touch/mxt/mxt_device_1.o
                0x0040046c                mxt_get_object_address
 .text.mxt_write_config_object
                0x004004ac       0x78 src/ASF/common/components/touch/mxt/mxt_device_1.o
                0x004004ac                mxt_write_config_object
 .text.mxt_write_config_reg
                0x00400524       0x48 src/ASF/common/components/touch/mxt/mxt_device_1.o
                0x00400524                mxt_write_config_reg
 .text.mxt_is_message_pending
                0x0040056c       0x24 src/ASF/common/components/touch/mxt/mxt_device_1.o
                0x0040056c                mxt_is_message_pending
 .text.mxt_read_message
                0x00400590       0x4c src/ASF/common/components/touch/mxt/mxt_device_1.o
                0x00400590                mxt_read_message
 .text.mxt_read_touch_event
                0x004005dc       0x70 src/ASF/common/components/touch/mxt/mxt_device_1.o
                0x004005dc                mxt_read_touch_event
 .text.sysclk_init
                0x0040064c       0x74 src/ASF/common/services/clock/same70/sysclk.o
                0x0040064c                sysclk_init
 .text.usart_serial_write_packet
                0x004006c0       0xd8 src/ASF/common/services/serial/usart_serial.o
                0x004006c0                usart_serial_write_packet
 .text.spi_master_init
                0x00400798       0x54 src/ASF/common/services/spi/sam_spi/spi_master.o
                0x00400798                spi_master_init
 .text.spi_master_setup_device
                0x004007ec       0x80 src/ASF/common/services/spi/sam_spi/spi_master.o
                0x004007ec                spi_master_setup_device
 .text.spi_select_device
                0x0040086c       0x30 src/ASF/common/services/spi/sam_spi/spi_master.o
                0x0040086c                spi_select_device
 .text.spi_write_packet
                0x0040089c       0x36 src/ASF/common/services/spi/sam_spi/spi_master.o
                0x0040089c                spi_write_packet
 .text.spi_read_packet
                0x004008d2       0x54 src/ASF/common/services/spi/sam_spi/spi_master.o
                0x004008d2                spi_read_packet
 *fill*         0x00400926        0x2 
 .text._read    0x00400928       0x3c src/ASF/common/utils/stdio/read.o
                0x00400928                _read
 .text._write   0x00400964       0x50 src/ASF/common/utils/stdio/write.o
                0x00400964                _write
 .text.board_init
                0x004009b4      0x2bc src/ASF/sam/boards/same70_xplained/init.o
                0x004009b4                board_init
 .text.ili9488_check_box_coordinates
                0x00400c70       0x56 src/ASF/sam/components/display/ili9488/ili9488.o
 *fill*         0x00400cc6        0x2 
 .text.ili9488_write_ram_prepare
                0x00400cc8       0x3c src/ASF/sam/components/display/ili9488/ili9488.o
 .text.ili9488_write_register
                0x00400d04       0x74 src/ASF/sam/components/display/ili9488/ili9488.o
 .text.ili9488_write_ram_buffer
                0x00400d78       0x40 src/ASF/sam/components/display/ili9488/ili9488.o
 .text.ili9488_delay
                0x00400db8       0x1c src/ASF/sam/components/display/ili9488/ili9488.o
                0x00400db8                ili9488_delay
 .text.ili9488_set_display_direction
                0x00400dd4       0x2c src/ASF/sam/components/display/ili9488/ili9488.o
                0x00400dd4                ili9488_set_display_direction
 .text.ili9488_set_window
                0x00400e00       0x80 src/ASF/sam/components/display/ili9488/ili9488.o
                0x00400e00                ili9488_set_window
 .text.ili9488_display_on
                0x00400e80       0x14 src/ASF/sam/components/display/ili9488/ili9488.o
                0x00400e80                ili9488_display_on
 .text.ili9488_set_foreground_color
                0x00400e94       0x28 src/ASF/sam/components/display/ili9488/ili9488.o
                0x00400e94                ili9488_set_foreground_color
 .text.ili9488_set_cursor_position
                0x00400ebc       0x64 src/ASF/sam/components/display/ili9488/ili9488.o
                0x00400ebc                ili9488_set_cursor_position
 .text.ili9488_init
                0x00400f20      0x1c4 src/ASF/sam/components/display/ili9488/ili9488.o
                0x00400f20                ili9488_init
 .text.ili9488_draw_filled_rectangle
                0x004010e4       0xbc src/ASF/sam/components/display/ili9488/ili9488.o
                0x004010e4                ili9488_draw_filled_rectangle
 .text.ili9488_draw_pixmap
                0x004011a0       0x78 src/ASF/sam/components/display/ili9488/ili9488.o
                0x004011a0                ili9488_draw_pixmap
 .text.pio_set  0x00401218        0x4 src/ASF/sam/drivers/pio/pio.o
                0x00401218                pio_set
 .text.pio_set_peripheral
                0x0040121c       0x92 src/ASF/sam/drivers/pio/pio.o
                0x0040121c                pio_set_peripheral
 .text.pio_set_input
                0x004012ae       0x36 src/ASF/sam/drivers/pio/pio.o
                0x004012ae                pio_set_input
 .text.pio_set_output
                0x004012e4       0x28 src/ASF/sam/drivers/pio/pio.o
                0x004012e4                pio_set_output
 .text.pio_configure
                0x0040130c       0x90 src/ASF/sam/drivers/pio/pio.o
                0x0040130c                pio_configure
 .text.pio_get_interrupt_status
                0x0040139c        0x4 src/ASF/sam/drivers/pio/pio.o
                0x0040139c                pio_get_interrupt_status
 .text.pio_get_interrupt_mask
                0x004013a0        0x4 src/ASF/sam/drivers/pio/pio.o
                0x004013a0                pio_get_interrupt_mask
 .text.pio_set_pin_high
                0x004013a4       0x1c src/ASF/sam/drivers/pio/pio.o
                0x004013a4                pio_set_pin_high
 .text.pio_set_pin_low
                0x004013c0       0x1c src/ASF/sam/drivers/pio/pio.o
                0x004013c0                pio_set_pin_low
 .text.pio_configure_pin
                0x004013dc      0x130 src/ASF/sam/drivers/pio/pio.o
                0x004013dc                pio_configure_pin
 .text.pio_handler_process
                0x0040150c       0x50 src/ASF/sam/drivers/pio/pio_handler.o
                0x0040150c                pio_handler_process
 .text.PIOA_Handler
                0x0040155c       0x14 src/ASF/sam/drivers/pio/pio_handler.o
                0x0040155c                PIOA_Handler
 .text.PIOB_Handler
                0x00401570       0x14 src/ASF/sam/drivers/pio/pio_handler.o
                0x00401570                PIOB_Handler
 .text.PIOC_Handler
                0x00401584       0x14 src/ASF/sam/drivers/pio/pio_handler.o
                0x00401584                PIOC_Handler
 .text.PIOD_Handler
                0x00401598       0x14 src/ASF/sam/drivers/pio/pio_handler.o
                0x00401598                PIOD_Handler
 .text.PIOE_Handler
                0x004015ac       0x14 src/ASF/sam/drivers/pio/pio_handler.o
                0x004015ac                PIOE_Handler
 .text.pmc_mck_set_division
                0x004015c0       0x38 src/ASF/sam/drivers/pmc/pmc.o
                0x004015c0                pmc_mck_set_division
 .text.pmc_switch_mck_to_pllack
                0x004015f8       0x64 src/ASF/sam/drivers/pmc/pmc.o
                0x004015f8                pmc_switch_mck_to_pllack
 .text.pmc_switch_mainck_to_xtal
                0x0040165c       0x54 src/ASF/sam/drivers/pmc/pmc.o
                0x0040165c                pmc_switch_mainck_to_xtal
 .text.pmc_osc_is_ready_mainck
                0x004016b0       0x10 src/ASF/sam/drivers/pmc/pmc.o
                0x004016b0                pmc_osc_is_ready_mainck
 .text.pmc_disable_pllack
                0x004016c0       0x10 src/ASF/sam/drivers/pmc/pmc.o
                0x004016c0                pmc_disable_pllack
 .text.pmc_is_locked_pllack
                0x004016d0       0x10 src/ASF/sam/drivers/pmc/pmc.o
                0x004016d0                pmc_is_locked_pllack
 .text.pmc_enable_periph_clk
                0x004016e0       0x20 src/ASF/sam/drivers/pmc/pmc.o
                0x004016e0                pmc_enable_periph_clk
 .text.spi_enable_clock
                0x00401700       0x2c src/ASF/sam/drivers/spi/spi.o
                0x00401700                spi_enable_clock
 .text.spi_set_peripheral_chip_select_value
                0x0040172c       0x16 src/ASF/sam/drivers/spi/spi.o
                0x0040172c                spi_set_peripheral_chip_select_value
 .text.spi_set_delay_between_chip_select
                0x00401742       0x12 src/ASF/sam/drivers/spi/spi.o
                0x00401742                spi_set_delay_between_chip_select
 .text.spi_write
                0x00401754       0x34 src/ASF/sam/drivers/spi/spi.o
                0x00401754                spi_write
 .text.spi_set_clock_polarity
                0x00401788       0x1e src/ASF/sam/drivers/spi/spi.o
                0x00401788                spi_set_clock_polarity
 .text.spi_set_clock_phase
                0x004017a6       0x1e src/ASF/sam/drivers/spi/spi.o
                0x004017a6                spi_set_clock_phase
 .text.spi_configure_cs_behavior
                0x004017c4       0x46 src/ASF/sam/drivers/spi/spi.o
                0x004017c4                spi_configure_cs_behavior
 .text.spi_set_bits_per_transfer
                0x0040180a       0x14 src/ASF/sam/drivers/spi/spi.o
                0x0040180a                spi_set_bits_per_transfer
 .text.spi_calc_baudrate_div
                0x0040181e       0x16 src/ASF/sam/drivers/spi/spi.o
                0x0040181e                spi_calc_baudrate_div
 .text.spi_set_baudrate_div
                0x00401834       0x28 src/ASF/sam/drivers/spi/spi.o
                0x00401834                spi_set_baudrate_div
 .text.spi_set_transfer_delay
                0x0040185c       0x1e src/ASF/sam/drivers/spi/spi.o
                0x0040185c                spi_set_transfer_delay
 *fill*         0x0040187a        0x2 
 .text.twihs_set_speed
                0x0040187c       0xb0 src/ASF/sam/drivers/twihs/twihs.o
                0x0040187c                twihs_set_speed
 .text.twihs_master_init
                0x0040192c       0x34 src/ASF/sam/drivers/twihs/twihs.o
                0x0040192c                twihs_master_init
 .text.twihs_master_read
                0x00401960       0xac src/ASF/sam/drivers/twihs/twihs.o
                0x00401960                twihs_master_read
 .text.twihs_master_write
                0x00401a0c       0xa0 src/ASF/sam/drivers/twihs/twihs.o
                0x00401a0c                twihs_master_write
 .text.uart_write
                0x00401aac       0x12 src/ASF/sam/drivers/uart/uart.o
                0x00401aac                uart_write
 .text.uart_read
                0x00401abe       0x14 src/ASF/sam/drivers/uart/uart.o
                0x00401abe                uart_read
 .text.usart_set_async_baudrate
                0x00401ad2       0x5a src/ASF/sam/drivers/usart/usart.o
                0x00401ad2                usart_set_async_baudrate
 .text.usart_reset
                0x00401b2c       0x28 src/ASF/sam/drivers/usart/usart.o
                0x00401b2c                usart_reset
 .text.usart_init_rs232
                0x00401b54       0x54 src/ASF/sam/drivers/usart/usart.o
                0x00401b54                usart_init_rs232
 .text.usart_enable_tx
                0x00401ba8        0x6 src/ASF/sam/drivers/usart/usart.o
                0x00401ba8                usart_enable_tx
 .text.usart_enable_rx
                0x00401bae        0x6 src/ASF/sam/drivers/usart/usart.o
                0x00401bae                usart_enable_rx
 .text.usart_write
                0x00401bb4       0x16 src/ASF/sam/drivers/usart/usart.o
                0x00401bb4                usart_write
 .text.usart_read
                0x00401bca       0x18 src/ASF/sam/drivers/usart/usart.o
                0x00401bca                usart_read
 .text.Dummy_Handler
                0x00401be2        0x2 src/ASF/sam/utils/cmsis/same70/source/templates/gcc/startup_same70.o
                0x00401be2                DACC_Handler
                0x00401be2                DebugMon_Handler
                0x00401be2                UART3_Handler
                0x00401be2                UART2_Handler
                0x00401be2                TRNG_Handler
                0x00401be2                HardFault_Handler
                0x00401be2                TC2_Handler
                0x00401be2                SysTick_Handler
                0x00401be2                AFEC1_Handler
                0x00401be2                PendSV_Handler
                0x00401be2                NMI_Handler
                0x00401be2                TC7_Handler
                0x00401be2                QSPI_Handler
                0x00401be2                ISI_Handler
                0x00401be2                MCAN0_INT0_Handler
                0x00401be2                TC9_Handler
                0x00401be2                RSWDT_Handler
                0x00401be2                USART0_Handler
                0x00401be2                RTT_Handler
                0x00401be2                USBHS_Handler
                0x00401be2                IXC_Handler
                0x00401be2                CCF_Handler
                0x00401be2                RTC_Handler
                0x00401be2                UsageFault_Handler
                0x00401be2                TC6_Handler
                0x00401be2                WDT_Handler
                0x00401be2                MCAN1_INT1_Handler
                0x00401be2                TC4_Handler
                0x00401be2                TC1_Handler
                0x00401be2                HSMCI_Handler
                0x00401be2                UART1_Handler
                0x00401be2                TC3_Handler
                0x00401be2                Dummy_Handler
                0x00401be2                TWIHS1_Handler
                0x00401be2                XDMAC_Handler
                0x00401be2                UART4_Handler
                0x00401be2                PWM1_Handler
                0x00401be2                USART1_Handler
                0x00401be2                PWM0_Handler
                0x00401be2                AFEC0_Handler
                0x00401be2                CCW_Handler
                0x00401be2                SSC_Handler
                0x00401be2                TC11_Handler
                0x00401be2                ACC_Handler
                0x00401be2                PMC_Handler
                0x00401be2                GMAC_Handler
                0x00401be2                MCAN0_INT1_Handler
                0x00401be2                GMAC_Q5_Handler
                0x00401be2                MemManage_Handler
                0x00401be2                SUPC_Handler
                0x00401be2                SVC_Handler
                0x00401be2                TC8_Handler
                0x00401be2                MCAN1_INT0_Handler
                0x00401be2                EFC_Handler
                0x00401be2                GMAC_Q1_Handler
                0x00401be2                USART2_Handler
                0x00401be2                SDRAMC_Handler
                0x00401be2                GMAC_Q2_Handler
                0x00401be2                SPI1_Handler
                0x00401be2                TC10_Handler
                0x00401be2                GMAC_Q3_Handler
                0x00401be2                TWIHS2_Handler
                0x00401be2                I2SC0_Handler
                0x00401be2                UART0_Handler
                0x00401be2                I2SC1_Handler
                0x00401be2                GMAC_Q4_Handler
                0x00401be2                FPU_Handler
                0x00401be2                BusFault_Handler
                0x00401be2                RSTC_Handler
                0x00401be2                TC0_Handler
                0x00401be2                TC5_Handler
                0x00401be2                ICM_Handler
                0x00401be2                AES_Handler
                0x00401be2                TWIHS0_Handler
                0x00401be2                SPI0_Handler
 .text.Reset_Handler
                0x00401be4       0xc8 src/ASF/sam/utils/cmsis/same70/source/templates/gcc/startup_same70.o
                0x00401be4                Reset_Handler
 .text.SystemCoreClockUpdate
                0x00401cac      0x10c src/ASF/sam/utils/cmsis/same70/source/templates/system_same70.o
                0x00401cac                SystemCoreClockUpdate
 .text.system_init_flash
                0x00401db8       0x8c src/ASF/sam/utils/cmsis/same70/source/templates/system_same70.o
                0x00401db8                system_init_flash
 .text._sbrk    0x00401e44       0x38 src/ASF/sam/utils/syscalls/gcc/syscalls.o
                0x00401e44                _sbrk
 .text._close   0x00401e7c        0x6 src/ASF/sam/utils/syscalls/gcc/syscalls.o
                0x00401e7c                _close
 .text._fstat   0x00401e82        0xa src/ASF/sam/utils/syscalls/gcc/syscalls.o
                0x00401e82                _fstat
 .text._lseek   0x00401e8c        0x4 src/ASF/sam/utils/syscalls/gcc/syscalls.o
                0x00401e8c                _lseek
 .text.usart_serial_getchar
                0x00401e90       0xdc src/main.o
 .text.usart_serial_putchar
                0x00401f6c       0xd4 src/main.o
 .text.initMenuOrder
                0x00402040       0x34 src/main.o
                0x00402040                initMenuOrder
 .text.font_draw_text
                0x00402074       0x60 src/main.o
                0x00402074                font_draw_text
 .text.draw_screen
                0x004020d4       0x28 src/main.o
                0x004020d4                draw_screen
 .text.mxt_handler
                0x004020fc       0xb4 src/main.o
                0x004020fc                mxt_handler
 .text.main     0x004021b0      0x2e4 src/main.o
                0x004021b0                main
 .text.__libc_init_array
                0x00402494       0x50 c:/program files (x86)/atmel/studio/7.0/toolchain/arm/arm-gnu-toolchain/bin/../lib/gcc/arm-none-eabi/6.3.1/../../../../arm-none-eabi/lib/thumb/v7e-m\libc.a(lib_a-init.o)
                0x00402494                __libc_init_array
 .text.malloc   0x004024e4       0x10 c:/program files (x86)/atmel/studio/7.0/toolchain/arm/arm-gnu-toolchain/bin/../lib/gcc/arm-none-eabi/6.3.1/../../../../arm-none-eabi/lib/thumb/v7e-m\libc.a(lib_a-malloc.o)
                0x004024e4                malloc
 .text._malloc_r
                0x004024f4      0x560 c:/program files (x86)/atmel/studio/7.0/toolchain/arm/arm-gnu-toolchain/bin/../lib/gcc/arm-none-eabi/6.3.1/../../../../arm-none-eabi/lib/thumb/v7e-m\libc.a(lib_a-mallocr.o)
                0x004024f4                _malloc_r
 .text.memset   0x00402a54       0x9c c:/program files (x86)/atmel/studio/7.0/toolchain/arm/arm-gnu-toolchain/bin/../lib/gcc/arm-none-eabi/6.3.1/../../../../arm-none-eabi/lib/thumb/v7e-m\libc.a(lib_a-memset.o)
                0x00402a54                memset
 .text.__malloc_lock
                0x00402af0        0xc c:/program files (x86)/atmel/studio/7.0/toolchain/arm/arm-gnu-toolchain/bin/../lib/gcc/arm-none-eabi/6.3.1/../../../../arm-none-eabi/lib/thumb/v7e-m\libc.a(lib_a-mlock.o)
                0x00402af0                __malloc_lock
 .text.__malloc_unlock
                0x00402afc        0xc c:/program files (x86)/atmel/studio/7.0/toolchain/arm/arm-gnu-toolchain/bin/../lib/gcc/arm-none-eabi/6.3.1/../../../../arm-none-eabi/lib/thumb/v7e-m\libc.a(lib_a-mlock.o)
                0x00402afc                __malloc_unlock
 .text._sbrk_r  0x00402b08       0x24 c:/program files (x86)/atmel/studio/7.0/toolchain/arm/arm-gnu-toolchain/bin/../lib/gcc/arm-none-eabi/6.3.1/../../../../arm-none-eabi/lib/thumb/v7e-m\libc.a(lib_a-sbrkr.o)
                0x00402b08                _sbrk_r
 .text.setbuf   0x00402b2c       0x10 c:/program files (x86)/atmel/studio/7.0/toolchain/arm/arm-gnu-toolchain/bin/../lib/gcc/arm-none-eabi/6.3.1/../../../../arm-none-eabi/lib/thumb/v7e-m\libc.a(lib_a-setbuf.o)
                0x00402b2c                setbuf
 .text.setvbuf  0x00402b3c      0x190 c:/program files (x86)/atmel/studio/7.0/toolchain/arm/arm-gnu-toolchain/bin/../lib/gcc/arm-none-eabi/6.3.1/../../../../arm-none-eabi/lib/thumb/v7e-m\libc.a(lib_a-setvbuf.o)
                0x00402b3c                setvbuf
 .text.sprintf  0x00402ccc       0x4c c:/program files (x86)/atmel/studio/7.0/toolchain/arm/arm-gnu-toolchain/bin/../lib/gcc/arm-none-eabi/6.3.1/../../../../arm-none-eabi/lib/thumb/v7e-m\libc.a(lib_a-sprintf.o)
                0x00402ccc                sprintf
 .text.strcat   0x00402d18       0x40 c:/program files (x86)/atmel/studio/7.0/toolchain/arm/arm-gnu-toolchain/bin/../lib/gcc/arm-none-eabi/6.3.1/../../../../arm-none-eabi/lib/thumb/v7e-m\libc.a(lib_a-strcat.o)
                0x00402d18                strcat
 .text.strcpy   0x00402d58       0xbc c:/program files (x86)/atmel/studio/7.0/toolchain/arm/arm-gnu-toolchain/bin/../lib/gcc/arm-none-eabi/6.3.1/../../../../arm-none-eabi/lib/thumb/v7e-m\libc.a(lib_a-strcpy.o)
                0x00402d58                strcpy
 *fill*         0x00402e14       0x2c 
 .text          0x00402e40       0xdc c:/program files (x86)/atmel/studio/7.0/toolchain/arm/arm-gnu-toolchain/bin/../lib/gcc/arm-none-eabi/6.3.1/../../../../arm-none-eabi/lib/thumb/v7e-m\libc.a(lib_a-strlen.o)
                0x00402e40                strlen
 .text._svfprintf_r
                0x00402f1c     0x145c c:/program files (x86)/atmel/studio/7.0/toolchain/arm/arm-gnu-toolchain/bin/../lib/gcc/arm-none-eabi/6.3.1/../../../../arm-none-eabi/lib/thumb/v7e-m\libc.a(lib_a-svfprintf.o)
                0x00402f1c                _svfprintf_r
 .text.startup.register_fini
                0x00404378       0x14 c:/program files (x86)/atmel/studio/7.0/toolchain/arm/arm-gnu-toolchain/bin/../lib/gcc/arm-none-eabi/6.3.1/../../../../arm-none-eabi/lib/thumb/v7e-m\libc.a(lib_a-__call_atexit.o)
 .text.atexit   0x0040438c        0xc c:/program files (x86)/atmel/studio/7.0/toolchain/arm/arm-gnu-toolchain/bin/../lib/gcc/arm-none-eabi/6.3.1/../../../../arm-none-eabi/lib/thumb/v7e-m\libc.a(lib_a-atexit.o)
                0x0040438c                atexit
 .text.quorem   0x00404398      0x128 c:/program files (x86)/atmel/studio/7.0/toolchain/arm/arm-gnu-toolchain/bin/../lib/gcc/arm-none-eabi/6.3.1/../../../../arm-none-eabi/lib/thumb/v7e-m\libc.a(lib_a-dtoa.o)
 .text._dtoa_r  0x004044c0      0xe54 c:/program files (x86)/atmel/studio/7.0/toolchain/arm/arm-gnu-toolchain/bin/../lib/gcc/arm-none-eabi/6.3.1/../../../../arm-none-eabi/lib/thumb/v7e-m\libc.a(lib_a-dtoa.o)
                0x004044c0                _dtoa_r
 .text.__sflush_r
                0x00405314      0x140 c:/program files (x86)/atmel/studio/7.0/toolchain/arm/arm-gnu-toolchain/bin/../lib/gcc/arm-none-eabi/6.3.1/../../../../arm-none-eabi/lib/thumb/v7e-m\libc.a(lib_a-fflush.o)
                0x00405314                __sflush_r
 .text._fflush_r
                0x00405454       0x54 c:/program files (x86)/atmel/studio/7.0/toolchain/arm/arm-gnu-toolchain/bin/../lib/gcc/arm-none-eabi/6.3.1/../../../../arm-none-eabi/lib/thumb/v7e-m\libc.a(lib_a-fflush.o)
                0x00405454                _fflush_r
 .text._cleanup_r
                0x004054a8        0xc c:/program files (x86)/atmel/studio/7.0/toolchain/arm/arm-gnu-toolchain/bin/../lib/gcc/arm-none-eabi/6.3.1/../../../../arm-none-eabi/lib/thumb/v7e-m\libc.a(lib_a-findfp.o)
                0x004054a8                _cleanup_r
 .text.std.isra.0
                0x004054b4       0x50 c:/program files (x86)/atmel/studio/7.0/toolchain/arm/arm-gnu-toolchain/bin/../lib/gcc/arm-none-eabi/6.3.1/../../../../arm-none-eabi/lib/thumb/v7e-m\libc.a(lib_a-findfp.o)
 .text.__sinit  0x00405504       0x58 c:/program files (x86)/atmel/studio/7.0/toolchain/arm/arm-gnu-toolchain/bin/../lib/gcc/arm-none-eabi/6.3.1/../../../../arm-none-eabi/lib/thumb/v7e-m\libc.a(lib_a-findfp.o)
                0x00405504                __sinit
 .text.__sfp_lock_acquire
                0x0040555c        0xc c:/program files (x86)/atmel/studio/7.0/toolchain/arm/arm-gnu-toolchain/bin/../lib/gcc/arm-none-eabi/6.3.1/../../../../arm-none-eabi/lib/thumb/v7e-m\libc.a(lib_a-findfp.o)
                0x0040555c                __sfp_lock_acquire
 .text.__sfp_lock_release
                0x00405568        0xc c:/program files (x86)/atmel/studio/7.0/toolchain/arm/arm-gnu-toolchain/bin/../lib/gcc/arm-none-eabi/6.3.1/../../../../arm-none-eabi/lib/thumb/v7e-m\libc.a(lib_a-findfp.o)
                0x00405568                __sfp_lock_release
 .text.__libc_fini_array
                0x00405574       0x34 c:/program files (x86)/atmel/studio/7.0/toolchain/arm/arm-gnu-toolchain/bin/../lib/gcc/arm-none-eabi/6.3.1/../../../../arm-none-eabi/lib/thumb/v7e-m\libc.a(lib_a-fini.o)
                0x00405574                __libc_fini_array
 .text._malloc_trim_r
                0x004055a8       0xa0 c:/program files (x86)/atmel/studio/7.0/toolchain/arm/arm-gnu-toolchain/bin/../lib/gcc/arm-none-eabi/6.3.1/../../../../arm-none-eabi/lib/thumb/v7e-m\libc.a(lib_a-freer.o)
                0x004055a8                _malloc_trim_r
 .text._free_r  0x00405648      0x1cc c:/program files (x86)/atmel/studio/7.0/toolchain/arm/arm-gnu-toolchain/bin/../lib/gcc/arm-none-eabi/6.3.1/../../../../arm-none-eabi/lib/thumb/v7e-m\libc.a(lib_a-freer.o)
                0x00405648                _free_r
 .text._fwalk_reent
                0x00405814       0x54 c:/program files (x86)/atmel/studio/7.0/toolchain/arm/arm-gnu-toolchain/bin/../lib/gcc/arm-none-eabi/6.3.1/../../../../arm-none-eabi/lib/thumb/v7e-m\libc.a(lib_a-fwalk.o)
                0x00405814                _fwalk_reent
 .text._localeconv_r
                0x00405868       0x1c c:/program files (x86)/atmel/studio/7.0/toolchain/arm/arm-gnu-toolchain/bin/../lib/gcc/arm-none-eabi/6.3.1/../../../../arm-none-eabi/lib/thumb/v7e-m\libc.a(lib_a-localeconv.o)
                0x00405868                _localeconv_r
 .text.__retarget_lock_init_recursive
                0x00405884        0x4 c:/program files (x86)/atmel/studio/7.0/toolchain/arm/arm-gnu-toolchain/bin/../lib/gcc/arm-none-eabi/6.3.1/../../../../arm-none-eabi/lib/thumb/v7e-m\libc.a(lib_a-lock.o)
                0x00405884                __retarget_lock_init_recursive
 .text.__retarget_lock_close_recursive
                0x00405888        0x4 c:/program files (x86)/atmel/studio/7.0/toolchain/arm/arm-gnu-toolchain/bin/../lib/gcc/arm-none-eabi/6.3.1/../../../../arm-none-eabi/lib/thumb/v7e-m\libc.a(lib_a-lock.o)
                0x00405888                __retarget_lock_close_recursive
 .text.__retarget_lock_acquire_recursive
                0x0040588c        0x4 c:/program files (x86)/atmel/studio/7.0/toolchain/arm/arm-gnu-toolchain/bin/../lib/gcc/arm-none-eabi/6.3.1/../../../../arm-none-eabi/lib/thumb/v7e-m\libc.a(lib_a-lock.o)
                0x0040588c                __retarget_lock_acquire_recursive
 .text.__retarget_lock_release_recursive
                0x00405890        0x4 c:/program files (x86)/atmel/studio/7.0/toolchain/arm/arm-gnu-toolchain/bin/../lib/gcc/arm-none-eabi/6.3.1/../../../../arm-none-eabi/lib/thumb/v7e-m\libc.a(lib_a-lock.o)
                0x00405890                __retarget_lock_release_recursive
 .text.__swhatbuf_r
                0x00405894       0x5c c:/program files (x86)/atmel/studio/7.0/toolchain/arm/arm-gnu-toolchain/bin/../lib/gcc/arm-none-eabi/6.3.1/../../../../arm-none-eabi/lib/thumb/v7e-m\libc.a(lib_a-makebuf.o)
                0x00405894                __swhatbuf_r
 .text          0x004058f0       0xa0 c:/program files (x86)/atmel/studio/7.0/toolchain/arm/arm-gnu-toolchain/bin/../lib/gcc/arm-none-eabi/6.3.1/../../../../arm-none-eabi/lib/thumb/v7e-m\libc.a(lib_a-memchr.o)
                0x004058f0                memchr
 .text          0x00405990      0x134 c:/program files (x86)/atmel/studio/7.0/toolchain/arm/arm-gnu-toolchain/bin/../lib/gcc/arm-none-eabi/6.3.1/../../../../arm-none-eabi/lib/thumb/v7e-m\libc.a(lib_a-memcpy.o)
                0x00405990                memcpy
 .text._Balloc  0x00405ac4       0x4c c:/program files (x86)/atmel/studio/7.0/toolchain/arm/arm-gnu-toolchain/bin/../lib/gcc/arm-none-eabi/6.3.1/../../../../arm-none-eabi/lib/thumb/v7e-m\libc.a(lib_a-mprec.o)
                0x00405ac4                _Balloc
 .text._Bfree   0x00405b10       0x14 c:/program files (x86)/atmel/studio/7.0/toolchain/arm/arm-gnu-toolchain/bin/../lib/gcc/arm-none-eabi/6.3.1/../../../../arm-none-eabi/lib/thumb/v7e-m\libc.a(lib_a-mprec.o)
                0x00405b10                _Bfree
 .text.__multadd
                0x00405b24       0x80 c:/program files (x86)/atmel/studio/7.0/toolchain/arm/arm-gnu-toolchain/bin/../lib/gcc/arm-none-eabi/6.3.1/../../../../arm-none-eabi/lib/thumb/v7e-m\libc.a(lib_a-mprec.o)
                0x00405b24                __multadd
 .text.__hi0bits
                0x00405ba4       0x40 c:/program files (x86)/atmel/studio/7.0/toolchain/arm/arm-gnu-toolchain/bin/../lib/gcc/arm-none-eabi/6.3.1/../../../../arm-none-eabi/lib/thumb/v7e-m\libc.a(lib_a-mprec.o)
                0x00405ba4                __hi0bits
 .text.__lo0bits
                0x00405be4       0x60 c:/program files (x86)/atmel/studio/7.0/toolchain/arm/arm-gnu-toolchain/bin/../lib/gcc/arm-none-eabi/6.3.1/../../../../arm-none-eabi/lib/thumb/v7e-m\libc.a(lib_a-mprec.o)
                0x00405be4                __lo0bits
 .text.__i2b    0x00405c44       0x14 c:/program files (x86)/atmel/studio/7.0/toolchain/arm/arm-gnu-toolchain/bin/../lib/gcc/arm-none-eabi/6.3.1/../../../../arm-none-eabi/lib/thumb/v7e-m\libc.a(lib_a-mprec.o)
                0x00405c44                __i2b
 .text.__multiply
                0x00405c58      0x124 c:/program files (x86)/atmel/studio/7.0/toolchain/arm/arm-gnu-toolchain/bin/../lib/gcc/arm-none-eabi/6.3.1/../../../../arm-none-eabi/lib/thumb/v7e-m\libc.a(lib_a-mprec.o)
                0x00405c58                __multiply
 .text.__pow5mult
                0x00405d7c       0xa0 c:/program files (x86)/atmel/studio/7.0/toolchain/arm/arm-gnu-toolchain/bin/../lib/gcc/arm-none-eabi/6.3.1/../../../../arm-none-eabi/lib/thumb/v7e-m\libc.a(lib_a-mprec.o)
                0x00405d7c                __pow5mult
 .text.__lshift
                0x00405e1c       0xa4 c:/program files (x86)/atmel/studio/7.0/toolchain/arm/arm-gnu-toolchain/bin/../lib/gcc/arm-none-eabi/6.3.1/../../../../arm-none-eabi/lib/thumb/v7e-m\libc.a(lib_a-mprec.o)
                0x00405e1c                __lshift
 .text.__mcmp   0x00405ec0       0x38 c:/program files (x86)/atmel/studio/7.0/toolchain/arm/arm-gnu-toolchain/bin/../lib/gcc/arm-none-eabi/6.3.1/../../../../arm-none-eabi/lib/thumb/v7e-m\libc.a(lib_a-mprec.o)
                0x00405ec0                __mcmp
 .text.__mdiff  0x00405ef8      0x108 c:/program files (x86)/atmel/studio/7.0/toolchain/arm/arm-gnu-toolchain/bin/../lib/gcc/arm-none-eabi/6.3.1/../../../../arm-none-eabi/lib/thumb/v7e-m\libc.a(lib_a-mprec.o)
                0x00405ef8                __mdiff
 .text.__d2b    0x00406000       0xb8 c:/program files (x86)/atmel/studio/7.0/toolchain/arm/arm-gnu-toolchain/bin/../lib/gcc/arm-none-eabi/6.3.1/../../../../arm-none-eabi/lib/thumb/v7e-m\libc.a(lib_a-mprec.o)
                0x00406000                __d2b
 .text.__sread  0x004060b8       0x24 c:/program files (x86)/atmel/studio/7.0/toolchain/arm/arm-gnu-toolchain/bin/../lib/gcc/arm-none-eabi/6.3.1/../../../../arm-none-eabi/lib/thumb/v7e-m\libc.a(lib_a-stdio.o)
                0x004060b8                __sread
 .text.__swrite
                0x004060dc       0x3c c:/program files (x86)/atmel/studio/7.0/toolchain/arm/arm-gnu-toolchain/bin/../lib/gcc/arm-none-eabi/6.3.1/../../../../arm-none-eabi/lib/thumb/v7e-m\libc.a(lib_a-stdio.o)
                0x004060dc                __swrite
 .text.__sseek  0x00406118       0x20 c:/program files (x86)/atmel/studio/7.0/toolchain/arm/arm-gnu-toolchain/bin/../lib/gcc/arm-none-eabi/6.3.1/../../../../arm-none-eabi/lib/thumb/v7e-m\libc.a(lib_a-stdio.o)
                0x00406118                __sseek
 .text.__sclose
                0x00406138        0x8 c:/program files (x86)/atmel/studio/7.0/toolchain/arm/arm-gnu-toolchain/bin/../lib/gcc/arm-none-eabi/6.3.1/../../../../arm-none-eabi/lib/thumb/v7e-m\libc.a(lib_a-stdio.o)
                0x00406138                __sclose
 .text.__ssprint_r
                0x00406140       0xfc c:/program files (x86)/atmel/studio/7.0/toolchain/arm/arm-gnu-toolchain/bin/../lib/gcc/arm-none-eabi/6.3.1/../../../../arm-none-eabi/lib/thumb/v7e-m\libc.a(lib_a-svfiprintf.o)
                0x00406140                __ssprint_r
 .text._write_r
                0x0040623c       0x2c c:/program files (x86)/atmel/studio/7.0/toolchain/arm/arm-gnu-toolchain/bin/../lib/gcc/arm-none-eabi/6.3.1/../../../../arm-none-eabi/lib/thumb/v7e-m\libc.a(lib_a-writer.o)
                0x0040623c                _write_r
 .text.__register_exitproc
                0x00406268       0xc4 c:/program files (x86)/atmel/studio/7.0/toolchain/arm/arm-gnu-toolchain/bin/../lib/gcc/arm-none-eabi/6.3.1/../../../../arm-none-eabi/lib/thumb/v7e-m\libc.a(lib_a-__atexit.o)
                0x00406268                __register_exitproc
 .text._calloc_r
                0x0040632c       0x60 c:/program files (x86)/atmel/studio/7.0/toolchain/arm/arm-gnu-toolchain/bin/../lib/gcc/arm-none-eabi/6.3.1/../../../../arm-none-eabi/lib/thumb/v7e-m\libc.a(lib_a-callocr.o)
                0x0040632c                _calloc_r
 .text._close_r
                0x0040638c       0x24 c:/program files (x86)/atmel/studio/7.0/toolchain/arm/arm-gnu-toolchain/bin/../lib/gcc/arm-none-eabi/6.3.1/../../../../arm-none-eabi/lib/thumb/v7e-m\libc.a(lib_a-closer.o)
                0x0040638c                _close_r
 .text._fclose_r
                0x004063b0       0xc4 c:/program files (x86)/atmel/studio/7.0/toolchain/arm/arm-gnu-toolchain/bin/../lib/gcc/arm-none-eabi/6.3.1/../../../../arm-none-eabi/lib/thumb/v7e-m\libc.a(lib_a-fclose.o)
                0x004063b0                _fclose_r
 .text._fstat_r
                0x00406474       0x28 c:/program files (x86)/atmel/studio/7.0/toolchain/arm/arm-gnu-toolchain/bin/../lib/gcc/arm-none-eabi/6.3.1/../../../../arm-none-eabi/lib/thumb/v7e-m\libc.a(lib_a-fstatr.o)
                0x00406474                _fstat_r
 .text._lseek_r
                0x0040649c       0x2c c:/program files (x86)/atmel/studio/7.0/toolchain/arm/arm-gnu-toolchain/bin/../lib/gcc/arm-none-eabi/6.3.1/../../../../arm-none-eabi/lib/thumb/v7e-m\libc.a(lib_a-lseekr.o)
                0x0040649c                _lseek_r
 .text.__ascii_mbtowc
                0x004064c8       0x2c c:/program files (x86)/atmel/studio/7.0/toolchain/arm/arm-gnu-toolchain/bin/../lib/gcc/arm-none-eabi/6.3.1/../../../../arm-none-eabi/lib/thumb/v7e-m\libc.a(lib_a-mbtowc_r.o)
                0x004064c8                __ascii_mbtowc
 .text.memmove  0x004064f4       0xc8 c:/program files (x86)/atmel/studio/7.0/toolchain/arm/arm-gnu-toolchain/bin/../lib/gcc/arm-none-eabi/6.3.1/../../../../arm-none-eabi/lib/thumb/v7e-m\libc.a(lib_a-memmove.o)
                0x004064f4                memmove
 .text._read_r  0x004065bc       0x2c c:/program files (x86)/atmel/studio/7.0/toolchain/arm/arm-gnu-toolchain/bin/../lib/gcc/arm-none-eabi/6.3.1/../../../../arm-none-eabi/lib/thumb/v7e-m\libc.a(lib_a-readr.o)
                0x004065bc                _read_r
 .text._realloc_r
                0x004065e8      0x34c c:/program files (x86)/atmel/studio/7.0/toolchain/arm/arm-gnu-toolchain/bin/../lib/gcc/arm-none-eabi/6.3.1/../../../../arm-none-eabi/lib/thumb/v7e-m\libc.a(lib_a-reallocr.o)
                0x004065e8                _realloc_r
 .text.__ascii_wctomb
                0x00406934       0x1c c:/program files (x86)/atmel/studio/7.0/toolchain/arm/arm-gnu-toolchain/bin/../lib/gcc/arm-none-eabi/6.3.1/../../../../arm-none-eabi/lib/thumb/v7e-m\libc.a(lib_a-wctomb_r.o)
                0x00406934                __ascii_wctomb
 .text          0x00406950      0x370 c:/program files (x86)/atmel/studio/7.0/toolchain/arm/arm-gnu-toolchain/bin/../lib/gcc/arm-none-eabi/6.3.1/thumb/v7e-m\libgcc.a(_arm_addsubdf3.o)
                0x00406950                __aeabi_drsub
                0x00406958                __aeabi_dsub
                0x00406958                __subdf3
                0x0040695c                __aeabi_dadd
                0x0040695c                __adddf3
                0x00406bd4                __floatunsidf
                0x00406bd4                __aeabi_ui2d
                0x00406bf4                __floatsidf
                0x00406bf4                __aeabi_i2d
                0x00406c18                __aeabi_f2d
                0x00406c18                __extendsfdf2
                0x00406c54                __floatundidf
                0x00406c54                __aeabi_ul2d
                0x00406c64                __floatdidf
                0x00406c64                __aeabi_l2d
 .text          0x00406cc0      0x424 c:/program files (x86)/atmel/studio/7.0/toolchain/arm/arm-gnu-toolchain/bin/../lib/gcc/arm-none-eabi/6.3.1/thumb/v7e-m\libgcc.a(_arm_muldivdf3.o)
                0x00406cc0                __aeabi_dmul
                0x00406cc0                __muldf3
                0x00406f14                __divdf3
                0x00406f14                __aeabi_ddiv
 .text          0x004070e4      0x110 c:/program files (x86)/atmel/studio/7.0/toolchain/arm/arm-gnu-toolchain/bin/../lib/gcc/arm-none-eabi/6.3.1/thumb/v7e-m\libgcc.a(_arm_cmpdf2.o)
                0x004070e4                __gtdf2
                0x004070e4                __gedf2
                0x004070ec                __ltdf2
                0x004070ec                __ledf2
                0x004070f4                __nedf2
                0x004070f4                __eqdf2
                0x004070f4                __cmpdf2
                0x00407170                __aeabi_cdrcmple
                0x00407180                __aeabi_cdcmpeq
                0x00407180                __aeabi_cdcmple
                0x00407190                __aeabi_dcmpeq
                0x004071a4                __aeabi_dcmplt
                0x004071b8                __aeabi_dcmple
                0x004071cc                __aeabi_dcmpge
                0x004071e0                __aeabi_dcmpgt
 .text          0x004071f4       0x2c c:/program files (x86)/atmel/studio/7.0/toolchain/arm/arm-gnu-toolchain/bin/../lib/gcc/arm-none-eabi/6.3.1/thumb/v7e-m\libgcc.a(_arm_unorddf2.o)
                0x004071f4                __unorddf2
                0x004071f4                __aeabi_dcmpun
 .text          0x00407220       0x50 c:/program files (x86)/atmel/studio/7.0/toolchain/arm/arm-gnu-toolchain/bin/../lib/gcc/arm-none-eabi/6.3.1/thumb/v7e-m\libgcc.a(_arm_fixdfsi.o)
                0x00407220                __aeabi_d2iz
                0x00407220                __fixdfsi
 .text          0x00407270       0x30 c:/program files (x86)/atmel/studio/7.0/toolchain/arm/arm-gnu-toolchain/bin/../lib/gcc/arm-none-eabi/6.3.1/thumb/v7e-m\libgcc.a(_aeabi_uldivmod.o)
                0x00407270                __aeabi_uldivmod
 .text          0x004072a0      0x2dc c:/program files (x86)/atmel/studio/7.0/toolchain/arm/arm-gnu-toolchain/bin/../lib/gcc/arm-none-eabi/6.3.1/thumb/v7e-m\libgcc.a(_udivmoddi4.o)
                0x004072a0                __udivmoddi4
 .text          0x0040757c        0x4 c:/program files (x86)/atmel/studio/7.0/toolchain/arm/arm-gnu-toolchain/bin/../lib/gcc/arm-none-eabi/6.3.1/thumb/v7e-m\libgcc.a(_dvmd_tls.o)
                0x0040757c                __aeabi_idiv0
                0x0040757c                __aeabi_ldiv0
 *(.glue_7t)
 .glue_7t       0x00407580        0x0 linker stubs
 *(.glue_7)
 .glue_7        0x00407580        0x0 linker stubs
 *(.rodata .rodata* .gnu.linkonce.r.*)
 .rodata        0x00407580       0x5d src/main.o
 *fill*         0x004075dd        0x3 
 .rodata.calibri_36
                0x004075e0        0xc src/main.o
                0x004075e0                calibri_36
 .rodata.calibri_36_0x20
                0x004075ec       0x10 src/main.o
 .rodata.calibri_36_0x21
                0x004075fc       0x10 src/main.o
 .rodata.calibri_36_0x22
                0x0040760c       0x10 src/main.o
 .rodata.calibri_36_0x23
                0x0040761c       0x10 src/main.o
 .rodata.calibri_36_0x24
                0x0040762c       0x10 src/main.o
 .rodata.calibri_36_0x25
                0x0040763c       0x10 src/main.o
 .rodata.calibri_36_0x26
                0x0040764c       0x10 src/main.o
 .rodata.calibri_36_0x27
                0x0040765c       0x10 src/main.o
 .rodata.calibri_36_0x28
                0x0040766c       0x10 src/main.o
 .rodata.calibri_36_0x29
                0x0040767c       0x10 src/main.o
 .rodata.calibri_36_0x2a
                0x0040768c       0x10 src/main.o
 .rodata.calibri_36_0x2b
                0x0040769c       0x10 src/main.o
 .rodata.calibri_36_0x2c
                0x004076ac       0x10 src/main.o
 .rodata.calibri_36_0x2d
                0x004076bc       0x10 src/main.o
 .rodata.calibri_36_0x2e
                0x004076cc       0x10 src/main.o
 .rodata.calibri_36_0x2f
                0x004076dc       0x10 src/main.o
 .rodata.calibri_36_0x30
                0x004076ec       0x10 src/main.o
 .rodata.calibri_36_0x31
                0x004076fc       0x10 src/main.o
 .rodata.calibri_36_0x32
                0x0040770c       0x10 src/main.o
 .rodata.calibri_36_0x33
                0x0040771c       0x10 src/main.o
 .rodata.calibri_36_0x34
                0x0040772c       0x10 src/main.o
 .rodata.calibri_36_0x35
                0x0040773c       0x10 src/main.o
 .rodata.calibri_36_0x36
                0x0040774c       0x10 src/main.o
 .rodata.calibri_36_0x37
                0x0040775c       0x10 src/main.o
 .rodata.calibri_36_0x38
                0x0040776c       0x10 src/main.o
 .rodata.calibri_36_0x39
                0x0040777c       0x10 src/main.o
 .rodata.calibri_36_0x3a
                0x0040778c       0x10 src/main.o
 .rodata.calibri_36_0x3b
                0x0040779c       0x10 src/main.o
 .rodata.calibri_36_0x3c
                0x004077ac       0x10 src/main.o
 .rodata.calibri_36_0x3d
                0x004077bc       0x10 src/main.o
 .rodata.calibri_36_0x3e
                0x004077cc       0x10 src/main.o
 .rodata.calibri_36_0x3f
                0x004077dc       0x10 src/main.o
 .rodata.calibri_36_0x40
                0x004077ec       0x10 src/main.o
 .rodata.calibri_36_0x41
                0x004077fc       0x10 src/main.o
 .rodata.calibri_36_0x42
                0x0040780c       0x10 src/main.o
 .rodata.calibri_36_0x43
                0x0040781c       0x10 src/main.o
 .rodata.calibri_36_0x44
                0x0040782c       0x10 src/main.o
 .rodata.calibri_36_0x45
                0x0040783c       0x10 src/main.o
 .rodata.calibri_36_0x46
                0x0040784c       0x10 src/main.o
 .rodata.calibri_36_0x47
                0x0040785c       0x10 src/main.o
 .rodata.calibri_36_0x48
                0x0040786c       0x10 src/main.o
 .rodata.calibri_36_0x49
                0x0040787c       0x10 src/main.o
 .rodata.calibri_36_0x4a
                0x0040788c       0x10 src/main.o
 .rodata.calibri_36_0x4b
                0x0040789c       0x10 src/main.o
 .rodata.calibri_36_0x4c
                0x004078ac       0x10 src/main.o
 .rodata.calibri_36_0x4d
                0x004078bc       0x10 src/main.o
 .rodata.calibri_36_0x4e
                0x004078cc       0x10 src/main.o
 .rodata.calibri_36_0x4f
                0x004078dc       0x10 src/main.o
 .rodata.calibri_36_0x50
                0x004078ec       0x10 src/main.o
 .rodata.calibri_36_0x51
                0x004078fc       0x10 src/main.o
 .rodata.calibri_36_0x52
                0x0040790c       0x10 src/main.o
 .rodata.calibri_36_0x53
                0x0040791c       0x10 src/main.o
 .rodata.calibri_36_0x54
                0x0040792c       0x10 src/main.o
 .rodata.calibri_36_0x55
                0x0040793c       0x10 src/main.o
 .rodata.calibri_36_0x56
                0x0040794c       0x10 src/main.o
 .rodata.calibri_36_0x57
                0x0040795c       0x10 src/main.o
 .rodata.calibri_36_0x58
                0x0040796c       0x10 src/main.o
 .rodata.calibri_36_0x59
                0x0040797c       0x10 src/main.o
 .rodata.calibri_36_0x5a
                0x0040798c       0x10 src/main.o
 .rodata.calibri_36_0x5b
                0x0040799c       0x10 src/main.o
 .rodata.calibri_36_0x5c
                0x004079ac       0x10 src/main.o
 .rodata.calibri_36_0x5d
                0x004079bc       0x10 src/main.o
 .rodata.calibri_36_0x5e
                0x004079cc       0x10 src/main.o
 .rodata.calibri_36_0x5f
                0x004079dc       0x10 src/main.o
 .rodata.calibri_36_0x60
                0x004079ec       0x10 src/main.o
 .rodata.calibri_36_0x61
                0x004079fc       0x10 src/main.o
 .rodata.calibri_36_0x62
                0x00407a0c       0x10 src/main.o
 .rodata.calibri_36_0x63
                0x00407a1c       0x10 src/main.o
 .rodata.calibri_36_0x64
                0x00407a2c       0x10 src/main.o
 .rodata.calibri_36_0x65
                0x00407a3c       0x10 src/main.o
 .rodata.calibri_36_0x66
                0x00407a4c       0x10 src/main.o
 .rodata.calibri_36_0x67
                0x00407a5c       0x10 src/main.o
 .rodata.calibri_36_0x68
                0x00407a6c       0x10 src/main.o
 .rodata.calibri_36_0x69
                0x00407a7c       0x10 src/main.o
 .rodata.calibri_36_0x6a
                0x00407a8c       0x10 src/main.o
 .rodata.calibri_36_0x6b
                0x00407a9c       0x10 src/main.o
 .rodata.calibri_36_0x6c
                0x00407aac       0x10 src/main.o
 .rodata.calibri_36_0x6d
                0x00407abc       0x10 src/main.o
 .rodata.calibri_36_0x6e
                0x00407acc       0x10 src/main.o
 .rodata.calibri_36_0x6f
                0x00407adc       0x10 src/main.o
 .rodata.calibri_36_0x70
                0x00407aec       0x10 src/main.o
 .rodata.calibri_36_0x71
                0x00407afc       0x10 src/main.o
 .rodata.calibri_36_0x72
                0x00407b0c       0x10 src/main.o
 .rodata.calibri_36_0x73
                0x00407b1c       0x10 src/main.o
 .rodata.calibri_36_0x74
                0x00407b2c       0x10 src/main.o
 .rodata.calibri_36_0x75
                0x00407b3c       0x10 src/main.o
 .rodata.calibri_36_0x76
                0x00407b4c       0x10 src/main.o
 .rodata.calibri_36_0x77
                0x00407b5c       0x10 src/main.o
 .rodata.calibri_36_0x78
                0x00407b6c       0x10 src/main.o
 .rodata.calibri_36_0x79
                0x00407b7c       0x10 src/main.o
 .rodata.calibri_36_0x7a
                0x00407b8c       0x10 src/main.o
 .rodata.calibri_36_0x7b
                0x00407b9c       0x10 src/main.o
 .rodata.calibri_36_0x7c
                0x00407bac       0x10 src/main.o
 .rodata.calibri_36_0x7d
                0x00407bbc       0x10 src/main.o
 .rodata.calibri_36_0x7e
                0x00407bcc       0x10 src/main.o
 .rodata.calibri_36_array
                0x00407bdc      0x2f8 src/main.o
 .rodata.image_data_calibri_36_0x20
                0x00407ed4      0x378 src/main.o
 .rodata.image_data_calibri_36_0x21
                0x0040824c      0x534 src/main.o
 .rodata.image_data_calibri_36_0x22
                0x00408780      0x612 src/main.o
 *fill*         0x00408d92        0x2 
 .rodata.image_data_calibri_36_0x23
                0x00408d94      0x7ce src/main.o
 *fill*         0x00409562        0x2 
 .rodata.image_data_calibri_36_0x24
                0x00409564      0x7ce src/main.o
 *fill*         0x00409d32        0x2 
 .rodata.image_data_calibri_36_0x25
                0x00409d34      0xb46 src/main.o
 *fill*         0x0040a87a        0x2 
 .rodata.image_data_calibri_36_0x26
                0x0040a87c      0xad7 src/main.o
 *fill*         0x0040b353        0x1 
 .rodata.image_data_calibri_36_0x27
                0x0040b354      0x378 src/main.o
 .rodata.image_data_calibri_36_0x28
                0x0040b6cc      0x4c5 src/main.o
 *fill*         0x0040bb91        0x3 
 .rodata.image_data_calibri_36_0x29
                0x0040bb94      0x4c5 src/main.o
 *fill*         0x0040c059        0x3 
 .rodata.image_data_calibri_36_0x2a
                0x0040c05c      0x7ce src/main.o
 *fill*         0x0040c82a        0x2 
 .rodata.image_data_calibri_36_0x2b
                0x0040c82c      0x7ce src/main.o
 *fill*         0x0040cffa        0x2 
 .rodata.image_data_calibri_36_0x2c
                0x0040cffc      0x3e7 src/main.o
 *fill*         0x0040d3e3        0x1 
 .rodata.image_data_calibri_36_0x2d
                0x0040d3e4      0x4c5 src/main.o
 *fill*         0x0040d8a9        0x3 
 .rodata.image_data_calibri_36_0x2e
                0x0040d8ac      0x3e7 src/main.o
 *fill*         0x0040dc93        0x1 
 .rodata.image_data_calibri_36_0x2f
                0x0040dc94      0x612 src/main.o
 *fill*         0x0040e2a6        0x2 
 .rodata.image_data_calibri_36_0x30
                0x0040e2a8      0x7ce src/main.o
 *fill*         0x0040ea76        0x2 
 .rodata.image_data_calibri_36_0x31
                0x0040ea78      0x7ce src/main.o
 *fill*         0x0040f246        0x2 
 .rodata.image_data_calibri_36_0x32
                0x0040f248      0x7ce src/main.o
 *fill*         0x0040fa16        0x2 
 .rodata.image_data_calibri_36_0x33
                0x0040fa18      0x7ce src/main.o
 *fill*         0x004101e6        0x2 
 .rodata.image_data_calibri_36_0x34
                0x004101e8      0x7ce src/main.o
 *fill*         0x004109b6        0x2 
 .rodata.image_data_calibri_36_0x35
                0x004109b8      0x7ce src/main.o
 *fill*         0x00411186        0x2 
 .rodata.image_data_calibri_36_0x36
                0x00411188      0x7ce src/main.o
 *fill*         0x00411956        0x2 
 .rodata.image_data_calibri_36_0x37
                0x00411958      0x7ce src/main.o
 *fill*         0x00412126        0x2 
 .rodata.image_data_calibri_36_0x38
                0x00412128      0x7ce src/main.o
 *fill*         0x004128f6        0x2 
 .rodata.image_data_calibri_36_0x39
                0x004128f8      0x7ce src/main.o
 *fill*         0x004130c6        0x2 
 .rodata.image_data_calibri_36_0x3a
                0x004130c8      0x456 src/main.o
 *fill*         0x0041351e        0x2 
 .rodata.image_data_calibri_36_0x3b
                0x00413520      0x456 src/main.o
 *fill*         0x00413976        0x2 
 .rodata.image_data_calibri_36_0x3c
                0x00413978      0x7ce src/main.o
 *fill*         0x00414146        0x2 
 .rodata.image_data_calibri_36_0x3d
                0x00414148      0x7ce src/main.o
 *fill*         0x00414916        0x2 
 .rodata.image_data_calibri_36_0x3e
                0x00414918      0x7ce src/main.o
 *fill*         0x004150e6        0x2 
 .rodata.image_data_calibri_36_0x3f
                0x004150e8      0x75f src/main.o
 *fill*         0x00415847        0x1 
 .rodata.image_data_calibri_36_0x40
                0x00415848      0xde0 src/main.o
 .rodata.image_data_calibri_36_0x41
                0x00416628      0x91b src/main.o
 *fill*         0x00416f43        0x1 
 .rodata.image_data_calibri_36_0x42
                0x00416f44      0x8ac src/main.o
 .rodata.image_data_calibri_36_0x43
                0x004177f0      0x83d src/main.o
 *fill*         0x0041802d        0x3 
 .rodata.image_data_calibri_36_0x44
                0x00418030      0x98a src/main.o
 *fill*         0x004189ba        0x2 
 .rodata.image_data_calibri_36_0x45
                0x004189bc      0x7ce src/main.o
 *fill*         0x0041918a        0x2 
 .rodata.image_data_calibri_36_0x46
                0x0041918c      0x75f src/main.o
 *fill*         0x004198eb        0x1 
 .rodata.image_data_calibri_36_0x47
                0x004198ec      0x9f9 src/main.o
 *fill*         0x0041a2e5        0x3 
 .rodata.image_data_calibri_36_0x48
                0x0041a2e8      0x98a src/main.o
 *fill*         0x0041ac72        0x2 
 .rodata.image_data_calibri_36_0x49
                0x0041ac74      0x3e7 src/main.o
 *fill*         0x0041b05b        0x1 
 .rodata.image_data_calibri_36_0x4a
                0x0041b05c      0x4c5 src/main.o
 *fill*         0x0041b521        0x3 
 .rodata.image_data_calibri_36_0x4b
                0x0041b524      0x83d src/main.o
 *fill*         0x0041bd61        0x3 
 .rodata.image_data_calibri_36_0x4c
                0x0041bd64      0x681 src/main.o
 *fill*         0x0041c3e5        0x3 
 .rodata.image_data_calibri_36_0x4d
                0x0041c3e8      0xd71 src/main.o
 *fill*         0x0041d159        0x3 
 .rodata.image_data_calibri_36_0x4e
                0x0041d15c      0x9f9 src/main.o
 *fill*         0x0041db55        0x3 
 .rodata.image_data_calibri_36_0x4f
                0x0041db58      0xa68 src/main.o
 .rodata.image_data_calibri_36_0x50
                0x0041e5c0      0x83d src/main.o
 *fill*         0x0041edfd        0x3 
 .rodata.image_data_calibri_36_0x51
                0x0041ee00      0xad7 src/main.o
 *fill*         0x0041f8d7        0x1 
 .rodata.image_data_calibri_36_0x52
                0x0041f8d8      0x8ac src/main.o
 .rodata.image_data_calibri_36_0x53
                0x00420184      0x75f src/main.o
 *fill*         0x004208e3        0x1 
 .rodata.image_data_calibri_36_0x54
                0x004208e4      0x7ce src/main.o
 *fill*         0x004210b2        0x2 
 .rodata.image_data_calibri_36_0x55
                0x004210b4      0x9f9 src/main.o
 *fill*         0x00421aad        0x3 
 .rodata.image_data_calibri_36_0x56
                0x00421ab0      0x8ac src/main.o
 .rodata.image_data_calibri_36_0x57
                0x0042235c      0xde0 src/main.o
 .rodata.image_data_calibri_36_0x58
                0x0042313c      0x83d src/main.o
 *fill*         0x00423979        0x3 
 .rodata.image_data_calibri_36_0x59
                0x0042397c      0x7ce src/main.o
 *fill*         0x0042414a        0x2 
 .rodata.image_data_calibri_36_0x5a
                0x0042414c      0x75f src/main.o
 *fill*         0x004248ab        0x1 
 .rodata.image_data_calibri_36_0x5b
                0x004248ac      0x4c5 src/main.o
 *fill*         0x00424d71        0x3 
 .rodata.image_data_calibri_36_0x5c
                0x00424d74      0x612 src/main.o
 *fill*         0x00425386        0x2 
 .rodata.image_data_calibri_36_0x5d
                0x00425388      0x4c5 src/main.o
 *fill*         0x0042584d        0x3 
 .rodata.image_data_calibri_36_0x5e
                0x00425850      0x7ce src/main.o
 *fill*         0x0042601e        0x2 
 .rodata.image_data_calibri_36_0x5f
                0x00426020      0x7ce src/main.o
 *fill*         0x004267ee        0x2 
 .rodata.image_data_calibri_36_0x60
                0x004267f0      0x456 src/main.o
 *fill*         0x00426c46        0x2 
 .rodata.image_data_calibri_36_0x61
                0x00426c48      0x75f src/main.o
 *fill*         0x004273a7        0x1 
 .rodata.image_data_calibri_36_0x62
                0x004273a8      0x83d src/main.o
 *fill*         0x00427be5        0x3 
 .rodata.image_data_calibri_36_0x63
                0x00427be8      0x681 src/main.o
 *fill*         0x00428269        0x3 
 .rodata.image_data_calibri_36_0x64
                0x0042826c      0x83d src/main.o
 *fill*         0x00428aa9        0x3 
 .rodata.image_data_calibri_36_0x65
                0x00428aac      0x7ce src/main.o
 *fill*         0x0042927a        0x2 
 .rodata.image_data_calibri_36_0x66
                0x0042927c      0x4c5 src/main.o
 *fill*         0x00429741        0x3 
 .rodata.image_data_calibri_36_0x67
                0x00429744      0x75f src/main.o
 *fill*         0x00429ea3        0x1 
 .rodata.image_data_calibri_36_0x68
                0x00429ea4      0x83d src/main.o
 *fill*         0x0042a6e1        0x3 
 .rodata.image_data_calibri_36_0x69
                0x0042a6e4      0x378 src/main.o
 .rodata.image_data_calibri_36_0x6a
                0x0042aa5c      0x3e7 src/main.o
 *fill*         0x0042ae43        0x1 
 .rodata.image_data_calibri_36_0x6b
                0x0042ae44      0x6f0 src/main.o
 .rodata.image_data_calibri_36_0x6c
                0x0042b534      0x378 src/main.o
 .rodata.image_data_calibri_36_0x6d
                0x0042b8ac      0xc93 src/main.o
 *fill*         0x0042c53f        0x1 
 .rodata.image_data_calibri_36_0x6e
                0x0042c540      0x83d src/main.o
 *fill*         0x0042cd7d        0x3 
 .rodata.image_data_calibri_36_0x6f
                0x0042cd80      0x83d src/main.o
 *fill*         0x0042d5bd        0x3 
 .rodata.image_data_calibri_36_0x70
                0x0042d5c0      0x83d src/main.o
 *fill*         0x0042ddfd        0x3 
 .rodata.image_data_calibri_36_0x71
                0x0042de00      0x83d src/main.o
 *fill*         0x0042e63d        0x3 
 .rodata.image_data_calibri_36_0x72
                0x0042e640      0x5a3 src/main.o
 *fill*         0x0042ebe3        0x1 
 .rodata.image_data_calibri_36_0x73
                0x0042ebe4      0x612 src/main.o
 *fill*         0x0042f1f6        0x2 
 .rodata.image_data_calibri_36_0x74
                0x0042f1f8      0x534 src/main.o
 .rodata.image_data_calibri_36_0x75
                0x0042f72c      0x83d src/main.o
 *fill*         0x0042ff69        0x3 
 .rodata.image_data_calibri_36_0x76
                0x0042ff6c      0x6f0 src/main.o
 .rodata.image_data_calibri_36_0x77
                0x0043065c      0xb46 src/main.o
 *fill*         0x004311a2        0x2 
 .rodata.image_data_calibri_36_0x78
                0x004311a4      0x6f0 src/main.o
 .rodata.image_data_calibri_36_0x79
                0x00431894      0x6f0 src/main.o
 .rodata.image_data_calibri_36_0x7a
                0x00431f84      0x612 src/main.o
 *fill*         0x00432596        0x2 
 .rodata.image_data_calibri_36_0x7b
                0x00432598      0x4c5 src/main.o
 *fill*         0x00432a5d        0x3 
 .rodata.image_data_calibri_36_0x7c
                0x00432a60      0x75f src/main.o
 *fill*         0x004331bf        0x1 
 .rodata.image_data_calibri_36_0x7d
                0x004331c0      0x4c5 src/main.o
 *fill*         0x00433685        0x3 
 .rodata.image_data_calibri_36_0x7e
                0x00433688      0x7ce src/main.o
 *fill*         0x00433e56        0x2 
 .rodata.main.str1.4
                0x00433e58       0x1e src/main.o
 *fill*         0x00433e76        0x2 
 .rodata.mxt_handler.str1.4
                0x00433e78       0x37 src/main.o
 *fill*         0x00433eaf        0x1 
 .rodata._global_impure_ptr
                0x00433eb0        0x4 c:/program files (x86)/atmel/studio/7.0/toolchain/arm/arm-gnu-toolchain/bin/../lib/gcc/arm-none-eabi/6.3.1/../../../../arm-none-eabi/lib/thumb/v7e-m\libc.a(lib_a-impure.o)
                0x00433eb0                _global_impure_ptr
 .rodata._svfprintf_r.str1.4
                0x00433eb4       0x42 c:/program files (x86)/atmel/studio/7.0/toolchain/arm/arm-gnu-toolchain/bin/../lib/gcc/arm-none-eabi/6.3.1/../../../../arm-none-eabi/lib/thumb/v7e-m\libc.a(lib_a-svfprintf.o)
 *fill*         0x00433ef6        0x2 
 .rodata.blanks.7223
                0x00433ef8       0x10 c:/program files (x86)/atmel/studio/7.0/toolchain/arm/arm-gnu-toolchain/bin/../lib/gcc/arm-none-eabi/6.3.1/../../../../arm-none-eabi/lib/thumb/v7e-m\libc.a(lib_a-svfprintf.o)
 .rodata.zeroes.7224
                0x00433f08       0x10 c:/program files (x86)/atmel/studio/7.0/toolchain/arm/arm-gnu-toolchain/bin/../lib/gcc/arm-none-eabi/6.3.1/../../../../arm-none-eabi/lib/thumb/v7e-m\libc.a(lib_a-svfprintf.o)
 .rodata._dtoa_r.str1.4
                0x00433f18       0x10 c:/program files (x86)/atmel/studio/7.0/toolchain/arm/arm-gnu-toolchain/bin/../lib/gcc/arm-none-eabi/6.3.1/../../../../arm-none-eabi/lib/thumb/v7e-m\libc.a(lib_a-dtoa.o)
                                 0x12 (size before relaxing)
 .rodata.__mprec_bigtens
                0x00433f28       0x28 c:/program files (x86)/atmel/studio/7.0/toolchain/arm/arm-gnu-toolchain/bin/../lib/gcc/arm-none-eabi/6.3.1/../../../../arm-none-eabi/lib/thumb/v7e-m\libc.a(lib_a-mprec.o)
                0x00433f28                __mprec_bigtens
 .rodata.__mprec_tens
                0x00433f50       0xc8 c:/program files (x86)/atmel/studio/7.0/toolchain/arm/arm-gnu-toolchain/bin/../lib/gcc/arm-none-eabi/6.3.1/../../../../arm-none-eabi/lib/thumb/v7e-m\libc.a(lib_a-mprec.o)
                0x00433f50                __mprec_tens
 .rodata.p05.6055
                0x00434018        0xc c:/program files (x86)/atmel/studio/7.0/toolchain/arm/arm-gnu-toolchain/bin/../lib/gcc/arm-none-eabi/6.3.1/../../../../arm-none-eabi/lib/thumb/v7e-m\libc.a(lib_a-mprec.o)
 .rodata._setlocale_r.str1.4
                0x00434024        0xa c:/program files (x86)/atmel/studio/7.0/toolchain/arm/arm-gnu-toolchain/bin/../lib/gcc/arm-none-eabi/6.3.1/../../../../arm-none-eabi/lib/thumb/v7e-m\libc.a(lib_a-locale.o)
                                  0xd (size before relaxing)
 *fill*         0x0043402e        0x2 
 .rodata.str1.4
                0x00434030        0x4 c:/program files (x86)/atmel/studio/7.0/toolchain/arm/arm-gnu-toolchain/bin/../lib/gcc/arm-none-eabi/6.3.1/../../../../arm-none-eabi/lib/thumb/v7e-m\libc.a(lib_a-locale.o)
                                  0x2 (size before relaxing)
 .rodata._ctype_
                0x00434034      0x101 c:/program files (x86)/atmel/studio/7.0/toolchain/arm/arm-gnu-toolchain/bin/../lib/gcc/arm-none-eabi/6.3.1/../../../../arm-none-eabi/lib/thumb/v7e-m\libc.a(lib_a-ctype_.o)
                0x00434034                _ctype_
 *(.ARM.extab* .gnu.linkonce.armextab.*)
                0x00434138                . = ALIGN (0x4)
 *fill*         0x00434135        0x3 
 *(.init)
 .init          0x00434138        0x4 c:/program files (x86)/atmel/studio/7.0/toolchain/arm/arm-gnu-toolchain/bin/../lib/gcc/arm-none-eabi/6.3.1/thumb/v7e-m/crti.o
                0x00434138                _init
 .init          0x0043413c        0x8 c:/program files (x86)/atmel/studio/7.0/toolchain/arm/arm-gnu-toolchain/bin/../lib/gcc/arm-none-eabi/6.3.1/thumb/v7e-m/crtn.o
                0x00434144                . = ALIGN (0x4)
                0x00434144                __preinit_array_start = .
 *(.preinit_array)
                0x00434144                __preinit_array_end = .
                0x00434144                . = ALIGN (0x4)
                0x00434144                __init_array_start = .
 *(SORT(.init_array.*))
 .init_array.00000
                0x00434144        0x4 c:/program files (x86)/atmel/studio/7.0/toolchain/arm/arm-gnu-toolchain/bin/../lib/gcc/arm-none-eabi/6.3.1/../../../../arm-none-eabi/lib/thumb/v7e-m\libc.a(lib_a-__call_atexit.o)
 *(.init_array)
 .init_array    0x00434148        0x4 c:/program files (x86)/atmel/studio/7.0/toolchain/arm/arm-gnu-toolchain/bin/../lib/gcc/arm-none-eabi/6.3.1/thumb/v7e-m/crtbegin.o
                0x0043414c                __init_array_end = .
                0x0043414c                . = ALIGN (0x4)
 *crtbegin.o(.ctors)
 *(EXCLUDE_FILE(*crtend.o) .ctors)
 *(SORT(.ctors.*))
 *crtend.o(.ctors)
                0x0043414c                . = ALIGN (0x4)
 *(.fini)
 .fini          0x0043414c        0x4 c:/program files (x86)/atmel/studio/7.0/toolchain/arm/arm-gnu-toolchain/bin/../lib/gcc/arm-none-eabi/6.3.1/thumb/v7e-m/crti.o
                0x0043414c                _fini
 .fini          0x00434150        0x8 c:/program files (x86)/atmel/studio/7.0/toolchain/arm/arm-gnu-toolchain/bin/../lib/gcc/arm-none-eabi/6.3.1/thumb/v7e-m/crtn.o
                0x00434158                . = ALIGN (0x4)
                0x00434158                __fini_array_start = .
 *(.fini_array)
 .fini_array    0x00434158        0x4 c:/program files (x86)/atmel/studio/7.0/toolchain/arm/arm-gnu-toolchain/bin/../lib/gcc/arm-none-eabi/6.3.1/thumb/v7e-m/crtbegin.o
 *(SORT(.fini_array.*))
                0x0043415c                __fini_array_end = .
 *crtbegin.o(.dtors)
 *(EXCLUDE_FILE(*crtend.o) .dtors)
 *(SORT(.dtors.*))
 *crtend.o(.dtors)
                0x0043415c                . = ALIGN (0x4)
                0x0043415c                _efixed = .
                [!provide]                PROVIDE (__exidx_start, .)

.vfp11_veneer   0x0043415c        0x0
 .vfp11_veneer  0x0043415c        0x0 linker stubs

.v4_bx          0x0043415c        0x0
 .v4_bx         0x0043415c        0x0 linker stubs

.iplt           0x0043415c        0x0
 .iplt          0x0043415c        0x0 c:/program files (x86)/atmel/studio/7.0/toolchain/arm/arm-gnu-toolchain/bin/../lib/gcc/arm-none-eabi/6.3.1/thumb/v7e-m/crtbegin.o

.ARM.exidx      0x0043415c        0x8
 *(.ARM.exidx* .gnu.linkonce.armexidx.*)
 .ARM.exidx     0x0043415c        0x8 c:/program files (x86)/atmel/studio/7.0/toolchain/arm/arm-gnu-toolchain/bin/../lib/gcc/arm-none-eabi/6.3.1/thumb/v7e-m\libgcc.a(_udivmoddi4.o)
                [!provide]                PROVIDE (__exidx_end, .)

.eh_frame       0x00434164        0x0
 .eh_frame      0x00434164        0x0 c:/program files (x86)/atmel/studio/7.0/toolchain/arm/arm-gnu-toolchain/bin/../lib/gcc/arm-none-eabi/6.3.1/thumb/v7e-m/crtbegin.o

.rel.dyn        0x00434164        0x0
 .rel.iplt      0x00434164        0x0 c:/program files (x86)/atmel/studio/7.0/toolchain/arm/arm-gnu-toolchain/bin/../lib/gcc/arm-none-eabi/6.3.1/thumb/v7e-m/crtbegin.o

.jcr            0x00434164        0x0
 .jcr           0x00434164        0x0 c:/program files (x86)/atmel/studio/7.0/toolchain/arm/arm-gnu-toolchain/bin/../lib/gcc/arm-none-eabi/6.3.1/thumb/v7e-m/crtbegin.o

.igot.plt       0x00434164        0x0
 .igot.plt      0x00434164        0x0 c:/program files (x86)/atmel/studio/7.0/toolchain/arm/arm-gnu-toolchain/bin/../lib/gcc/arm-none-eabi/6.3.1/thumb/v7e-m/crtbegin.o
                0x00434164                . = ALIGN (0x4)
                0x00434164                _etext = .

.relocate       0x20400000      0xae8 load address 0x00434164
                0x20400000                . = ALIGN (0x4)
                0x20400000                _srelocate = .
 *(.ramfunc .ramfunc.*)
 .ramfunc       0x20400000        0xa src/ASF/common/services/delay/sam/cycle_counter.o
                0x20400000                portable_delay_cycles
 *(.data .data.*)
 .data.g_interrupt_enabled
                0x2040000a        0x1 src/ASF/common/utils/interrupt/interrupt_sam_nvic.o
                0x2040000a                g_interrupt_enabled
 *fill*         0x2040000b        0x1 
 .data.SystemCoreClock
                0x2040000c        0x4 src/ASF/sam/utils/cmsis/same70/source/templates/system_same70.o
                0x2040000c                SystemCoreClock
 .data.c_centrifuga
                0x20400010       0x3c src/main.o
                0x20400010                c_centrifuga
 .data.c_diario
                0x2040004c       0x3c src/main.o
                0x2040004c                c_diario
 .data.c_enxague
                0x20400088       0x3c src/main.o
                0x20400088                c_enxague
 .data.c_pesado
                0x204000c4       0x3c src/main.o
                0x204000c4                c_pesado
 .data.c_rapido
                0x20400100       0x3c src/main.o
                0x20400100                c_rapido
 .data._impure_ptr
                0x2040013c        0x4 c:/program files (x86)/atmel/studio/7.0/toolchain/arm/arm-gnu-toolchain/bin/../lib/gcc/arm-none-eabi/6.3.1/../../../../arm-none-eabi/lib/thumb/v7e-m\libc.a(lib_a-impure.o)
                0x2040013c                _impure_ptr
 .data.impure_data
                0x20400140      0x428 c:/program files (x86)/atmel/studio/7.0/toolchain/arm/arm-gnu-toolchain/bin/../lib/gcc/arm-none-eabi/6.3.1/../../../../arm-none-eabi/lib/thumb/v7e-m\libc.a(lib_a-impure.o)
 .data.__malloc_av_
                0x20400568      0x408 c:/program files (x86)/atmel/studio/7.0/toolchain/arm/arm-gnu-toolchain/bin/../lib/gcc/arm-none-eabi/6.3.1/../../../../arm-none-eabi/lib/thumb/v7e-m\libc.a(lib_a-mallocr.o)
                0x20400568                __malloc_av_
 .data.__malloc_sbrk_base
                0x20400970        0x4 c:/program files (x86)/atmel/studio/7.0/toolchain/arm/arm-gnu-toolchain/bin/../lib/gcc/arm-none-eabi/6.3.1/../../../../arm-none-eabi/lib/thumb/v7e-m\libc.a(lib_a-mallocr.o)
                0x20400970                __malloc_sbrk_base
 .data.__malloc_trim_threshold
                0x20400974        0x4 c:/program files (x86)/atmel/studio/7.0/toolchain/arm/arm-gnu-toolchain/bin/../lib/gcc/arm-none-eabi/6.3.1/../../../../arm-none-eabi/lib/thumb/v7e-m\libc.a(lib_a-mallocr.o)
                0x20400974                __malloc_trim_threshold
 .data.__atexit_recursive_mutex
                0x20400978        0x4 c:/program files (x86)/atmel/studio/7.0/toolchain/arm/arm-gnu-toolchain/bin/../lib/gcc/arm-none-eabi/6.3.1/../../../../arm-none-eabi/lib/thumb/v7e-m\libc.a(lib_a-__call_atexit.o)
                0x20400978                __atexit_recursive_mutex
 .data.__global_locale
                0x2040097c      0x16c c:/program files (x86)/atmel/studio/7.0/toolchain/arm/arm-gnu-toolchain/bin/../lib/gcc/arm-none-eabi/6.3.1/../../../../arm-none-eabi/lib/thumb/v7e-m\libc.a(lib_a-locale.o)
                0x2040097c                __global_locale
                0x20400ae8                . = ALIGN (0x4)
                0x20400ae8                _erelocate = .

.bss            0x20400ae8      0x4cc load address 0x00434c4c
                0x20400ae8                . = ALIGN (0x4)
                0x20400ae8                _sbss = .
                0x20400ae8                _szero = .
 *(.bss .bss.*)
 .bss           0x20400ae8       0x1c c:/program files (x86)/atmel/studio/7.0/toolchain/arm/arm-gnu-toolchain/bin/../lib/gcc/arm-none-eabi/6.3.1/thumb/v7e-m/crtbegin.o
 .bss.g_ul_pixel_cache
                0x20400b04      0x3c0 src/ASF/sam/components/display/ili9488/ili9488.o
 .bss.gs_interrupt_sources
                0x20400ec4       0x70 src/ASF/sam/drivers/pio/pio_handler.o
 .bss.ul_reg_val.9451
                0x20400f34        0x4 src/ASF/sam/drivers/usart/usart.o
 .bss.heap.6420
                0x20400f38        0x4 src/ASF/sam/utils/syscalls/gcc/syscalls.o
 .bss.__malloc_current_mallinfo
                0x20400f3c       0x28 c:/program files (x86)/atmel/studio/7.0/toolchain/arm/arm-gnu-toolchain/bin/../lib/gcc/arm-none-eabi/6.3.1/../../../../arm-none-eabi/lib/thumb/v7e-m\libc.a(lib_a-mallocr.o)
                0x20400f3c                __malloc_current_mallinfo
 .bss.__malloc_max_sbrked_mem
                0x20400f64        0x4 c:/program files (x86)/atmel/studio/7.0/toolchain/arm/arm-gnu-toolchain/bin/../lib/gcc/arm-none-eabi/6.3.1/../../../../arm-none-eabi/lib/thumb/v7e-m\libc.a(lib_a-mallocr.o)
                0x20400f64                __malloc_max_sbrked_mem
 .bss.__malloc_max_total_mem
                0x20400f68        0x4 c:/program files (x86)/atmel/studio/7.0/toolchain/arm/arm-gnu-toolchain/bin/../lib/gcc/arm-none-eabi/6.3.1/../../../../arm-none-eabi/lib/thumb/v7e-m\libc.a(lib_a-mallocr.o)
                0x20400f68                __malloc_max_total_mem
 .bss.__malloc_top_pad
                0x20400f6c        0x4 c:/program files (x86)/atmel/studio/7.0/toolchain/arm/arm-gnu-toolchain/bin/../lib/gcc/arm-none-eabi/6.3.1/../../../../arm-none-eabi/lib/thumb/v7e-m\libc.a(lib_a-mallocr.o)
                0x20400f6c                __malloc_top_pad
 *(COMMON)
 COMMON         0x20400f70        0x4 src/ASF/common/utils/stdio/read.o
                0x20400f70                ptr_get
 COMMON         0x20400f74        0x8 src/ASF/common/utils/stdio/write.o
                0x20400f74                ptr_put
                0x20400f78                stdio_base
 COMMON         0x20400f7c       0x10 src/main.o
                0x20400f7c                g_ili9488_display_opt
 COMMON         0x20400f8c       0x21 c:/program files (x86)/atmel/studio/7.0/toolchain/arm/arm-gnu-toolchain/bin/../lib/gcc/arm-none-eabi/6.3.1/../../../../arm-none-eabi/lib/thumb/v7e-m\libc.a(lib_a-lock.o)
                0x20400f8c                __lock___atexit_recursive_mutex
                0x20400f90                __lock___arc4random_mutex
                0x20400f94                __lock___env_recursive_mutex
                0x20400f98                __lock___sinit_recursive_mutex
                0x20400f9c                __lock___malloc_recursive_mutex
                0x20400fa0                __lock___at_quick_exit_mutex
                0x20400fa4                __lock___dd_hash_mutex
                0x20400fa8                __lock___tz_mutex
                0x20400fac                __lock___sfp_recursive_mutex
 *fill*         0x20400fad        0x3 
 COMMON         0x20400fb0        0x4 c:/program files (x86)/atmel/studio/7.0/toolchain/arm/arm-gnu-toolchain/bin/../lib/gcc/arm-none-eabi/6.3.1/../../../../arm-none-eabi/lib/thumb/v7e-m\libc.a(lib_a-reent.o)
                0x20400fb0                errno
                0x20400fb4                . = ALIGN (0x4)
                0x20400fb4                _ebss = .
                0x20400fb4                _ezero = .

.stack          0x20400fb4     0x2004 load address 0x00435118
                0x20400fb8                . = ALIGN (0x8)
 *fill*         0x20400fb4        0x4 
                0x20400fb8                _sstack = .
                0x20402fb8                . = (. + STACK_SIZE)
 *fill*         0x20400fb8     0x2000 
                0x20402fb8                . = ALIGN (0x8)
                0x20402fb8                _estack = .

.heap           0x20402fb8      0x200 load address 0x0043711c
                0x20402fb8                . = ALIGN (0x8)
                0x20402fb8                _sheap = .
                0x204031b8                . = (. + HEAP_SIZE)
 *fill*         0x20402fb8      0x200 
                0x204031b8                . = ALIGN (0x8)
                0x204031b8                _eheap = .
                0x204031b8                . = ALIGN (0x4)
                0x204031b8                _end = .
                0x2045ffff                _ram_end_ = ((ORIGIN (ram) + LENGTH (ram)) - 0x1)
OUTPUT(MXT_EXAMPLE_USART1.elf elf32-littlearm)

.ARM.attributes
                0x00000000       0x2e
 .ARM.attributes
                0x00000000       0x1e c:/program files (x86)/atmel/studio/7.0/toolchain/arm/arm-gnu-toolchain/bin/../lib/gcc/arm-none-eabi/6.3.1/thumb/v7e-m/crti.o
 .ARM.attributes
                0x0000001e       0x2e c:/program files (x86)/atmel/studio/7.0/toolchain/arm/arm-gnu-toolchain/bin/../lib/gcc/arm-none-eabi/6.3.1/thumb/v7e-m/crtbegin.o
 .ARM.attributes
                0x0000004c       0x37 src/ASF/common/components/touch/mxt/mxt_device_1.o
 .ARM.attributes
                0x00000083       0x37 src/ASF/common/services/clock/same70/sysclk.o
 .ARM.attributes
                0x000000ba       0x37 src/ASF/common/services/delay/sam/cycle_counter.o
 .ARM.attributes
                0x000000f1       0x37 src/ASF/common/services/serial/usart_serial.o
 .ARM.attributes
                0x00000128       0x37 src/ASF/common/services/spi/sam_spi/spi_master.o
 .ARM.attributes
                0x0000015f       0x37 src/ASF/common/utils/interrupt/interrupt_sam_nvic.o
 .ARM.attributes
                0x00000196       0x37 src/ASF/common/utils/stdio/read.o
 .ARM.attributes
                0x000001cd       0x37 src/ASF/common/utils/stdio/write.o
 .ARM.attributes
                0x00000204       0x37 src/ASF/sam/boards/same70_xplained/init.o
 .ARM.attributes
                0x0000023b       0x37 src/ASF/sam/components/display/ili9488/ili9488.o
 .ARM.attributes
                0x00000272       0x37 src/ASF/sam/drivers/pio/pio.o
 .ARM.attributes
                0x000002a9       0x37 src/ASF/sam/drivers/pio/pio_handler.o
 .ARM.attributes
                0x000002e0       0x37 src/ASF/sam/drivers/pmc/pmc.o
 .ARM.attributes
                0x00000317       0x37 src/ASF/sam/drivers/spi/spi.o
 .ARM.attributes
                0x0000034e       0x37 src/ASF/sam/drivers/twihs/twihs.o
 .ARM.attributes
                0x00000385       0x37 src/ASF/sam/drivers/uart/uart.o
 .ARM.attributes
                0x000003bc       0x37 src/ASF/sam/drivers/usart/usart.o
 .ARM.attributes
                0x000003f3       0x37 src/ASF/sam/utils/cmsis/same70/source/templates/gcc/startup_same70.o
 .ARM.attributes
                0x0000042a       0x37 src/ASF/sam/utils/cmsis/same70/source/templates/system_same70.o
 .ARM.attributes
                0x00000461       0x37 src/ASF/sam/utils/syscalls/gcc/syscalls.o
 .ARM.attributes
                0x00000498       0x37 src/main.o
 .ARM.attributes
                0x000004cf       0x2e c:/program files (x86)/atmel/studio/7.0/toolchain/arm/arm-gnu-toolchain/bin/../lib/gcc/arm-none-eabi/6.3.1/../../../../arm-none-eabi/lib/thumb/v7e-m\libc.a(lib_a-impure.o)
 .ARM.attributes
                0x000004fd       0x2e c:/program files (x86)/atmel/studio/7.0/toolchain/arm/arm-gnu-toolchain/bin/../lib/gcc/arm-none-eabi/6.3.1/../../../../arm-none-eabi/lib/thumb/v7e-m\libc.a(lib_a-init.o)
 .ARM.attributes
                0x0000052b       0x2e c:/program files (x86)/atmel/studio/7.0/toolchain/arm/arm-gnu-toolchain/bin/../lib/gcc/arm-none-eabi/6.3.1/../../../../arm-none-eabi/lib/thumb/v7e-m\libc.a(lib_a-malloc.o)
 .ARM.attributes
                0x00000559       0x2e c:/program files (x86)/atmel/studio/7.0/toolchain/arm/arm-gnu-toolchain/bin/../lib/gcc/arm-none-eabi/6.3.1/../../../../arm-none-eabi/lib/thumb/v7e-m\libc.a(lib_a-mallocr.o)
 .ARM.attributes
                0x00000587       0x2e c:/program files (x86)/atmel/studio/7.0/toolchain/arm/arm-gnu-toolchain/bin/../lib/gcc/arm-none-eabi/6.3.1/../../../../arm-none-eabi/lib/thumb/v7e-m\libc.a(lib_a-memset.o)
 .ARM.attributes
                0x000005b5       0x2e c:/program files (x86)/atmel/studio/7.0/toolchain/arm/arm-gnu-toolchain/bin/../lib/gcc/arm-none-eabi/6.3.1/../../../../arm-none-eabi/lib/thumb/v7e-m\libc.a(lib_a-mlock.o)
 .ARM.attributes
                0x000005e3       0x2e c:/program files (x86)/atmel/studio/7.0/toolchain/arm/arm-gnu-toolchain/bin/../lib/gcc/arm-none-eabi/6.3.1/../../../../arm-none-eabi/lib/thumb/v7e-m\libc.a(lib_a-sbrkr.o)
 .ARM.attributes
                0x00000611       0x2e c:/program files (x86)/atmel/studio/7.0/toolchain/arm/arm-gnu-toolchain/bin/../lib/gcc/arm-none-eabi/6.3.1/../../../../arm-none-eabi/lib/thumb/v7e-m\libc.a(lib_a-setbuf.o)
 .ARM.attributes
                0x0000063f       0x2e c:/program files (x86)/atmel/studio/7.0/toolchain/arm/arm-gnu-toolchain/bin/../lib/gcc/arm-none-eabi/6.3.1/../../../../arm-none-eabi/lib/thumb/v7e-m\libc.a(lib_a-setvbuf.o)
 .ARM.attributes
                0x0000066d       0x2e c:/program files (x86)/atmel/studio/7.0/toolchain/arm/arm-gnu-toolchain/bin/../lib/gcc/arm-none-eabi/6.3.1/../../../../arm-none-eabi/lib/thumb/v7e-m\libc.a(lib_a-sprintf.o)
 .ARM.attributes
                0x0000069b       0x2e c:/program files (x86)/atmel/studio/7.0/toolchain/arm/arm-gnu-toolchain/bin/../lib/gcc/arm-none-eabi/6.3.1/../../../../arm-none-eabi/lib/thumb/v7e-m\libc.a(lib_a-strcat.o)
 .ARM.attributes
                0x000006c9       0x2e c:/program files (x86)/atmel/studio/7.0/toolchain/arm/arm-gnu-toolchain/bin/../lib/gcc/arm-none-eabi/6.3.1/../../../../arm-none-eabi/lib/thumb/v7e-m\libc.a(lib_a-strcpy.o)
 .ARM.attributes
                0x000006f7       0x1c c:/program files (x86)/atmel/studio/7.0/toolchain/arm/arm-gnu-toolchain/bin/../lib/gcc/arm-none-eabi/6.3.1/../../../../arm-none-eabi/lib/thumb/v7e-m\libc.a(lib_a-strlen.o)
 .ARM.attributes
                0x00000713       0x2e c:/program files (x86)/atmel/studio/7.0/toolchain/arm/arm-gnu-toolchain/bin/../lib/gcc/arm-none-eabi/6.3.1/../../../../arm-none-eabi/lib/thumb/v7e-m\libc.a(lib_a-svfprintf.o)
 .ARM.attributes
                0x00000741       0x2e c:/program files (x86)/atmel/studio/7.0/toolchain/arm/arm-gnu-toolchain/bin/../lib/gcc/arm-none-eabi/6.3.1/../../../../arm-none-eabi/lib/thumb/v7e-m\libc.a(lib_a-__call_atexit.o)
 .ARM.attributes
                0x0000076f       0x2e c:/program files (x86)/atmel/studio/7.0/toolchain/arm/arm-gnu-toolchain/bin/../lib/gcc/arm-none-eabi/6.3.1/../../../../arm-none-eabi/lib/thumb/v7e-m\libc.a(lib_a-atexit.o)
 .ARM.attributes
                0x0000079d       0x2e c:/program files (x86)/atmel/studio/7.0/toolchain/arm/arm-gnu-toolchain/bin/../lib/gcc/arm-none-eabi/6.3.1/../../../../arm-none-eabi/lib/thumb/v7e-m\libc.a(lib_a-dtoa.o)
 .ARM.attributes
                0x000007cb       0x2e c:/program files (x86)/atmel/studio/7.0/toolchain/arm/arm-gnu-toolchain/bin/../lib/gcc/arm-none-eabi/6.3.1/../../../../arm-none-eabi/lib/thumb/v7e-m\libc.a(lib_a-fflush.o)
 .ARM.attributes
                0x000007f9       0x2e c:/program files (x86)/atmel/studio/7.0/toolchain/arm/arm-gnu-toolchain/bin/../lib/gcc/arm-none-eabi/6.3.1/../../../../arm-none-eabi/lib/thumb/v7e-m\libc.a(lib_a-findfp.o)
 .ARM.attributes
                0x00000827       0x2e c:/program files (x86)/atmel/studio/7.0/toolchain/arm/arm-gnu-toolchain/bin/../lib/gcc/arm-none-eabi/6.3.1/../../../../arm-none-eabi/lib/thumb/v7e-m\libc.a(lib_a-fini.o)
 .ARM.attributes
                0x00000855       0x2e c:/program files (x86)/atmel/studio/7.0/toolchain/arm/arm-gnu-toolchain/bin/../lib/gcc/arm-none-eabi/6.3.1/../../../../arm-none-eabi/lib/thumb/v7e-m\libc.a(lib_a-freer.o)
 .ARM.attributes
                0x00000883       0x2e c:/program files (x86)/atmel/studio/7.0/toolchain/arm/arm-gnu-toolchain/bin/../lib/gcc/arm-none-eabi/6.3.1/../../../../arm-none-eabi/lib/thumb/v7e-m\libc.a(lib_a-fwalk.o)
 .ARM.attributes
                0x000008b1       0x2e c:/program files (x86)/atmel/studio/7.0/toolchain/arm/arm-gnu-toolchain/bin/../lib/gcc/arm-none-eabi/6.3.1/../../../../arm-none-eabi/lib/thumb/v7e-m\libc.a(lib_a-localeconv.o)
 .ARM.attributes
                0x000008df       0x2e c:/program files (x86)/atmel/studio/7.0/toolchain/arm/arm-gnu-toolchain/bin/../lib/gcc/arm-none-eabi/6.3.1/../../../../arm-none-eabi/lib/thumb/v7e-m\libc.a(lib_a-lock.o)
 .ARM.attributes
                0x0000090d       0x2e c:/program files (x86)/atmel/studio/7.0/toolchain/arm/arm-gnu-toolchain/bin/../lib/gcc/arm-none-eabi/6.3.1/../../../../arm-none-eabi/lib/thumb/v7e-m\libc.a(lib_a-makebuf.o)
 .ARM.attributes
                0x0000093b       0x1c c:/program files (x86)/atmel/studio/7.0/toolchain/arm/arm-gnu-toolchain/bin/../lib/gcc/arm-none-eabi/6.3.1/../../../../arm-none-eabi/lib/thumb/v7e-m\libc.a(lib_a-memchr.o)
 .ARM.attributes
                0x00000957       0x1c c:/program files (x86)/atmel/studio/7.0/toolchain/arm/arm-gnu-toolchain/bin/../lib/gcc/arm-none-eabi/6.3.1/../../../../arm-none-eabi/lib/thumb/v7e-m\libc.a(lib_a-memcpy.o)
 .ARM.attributes
                0x00000973       0x2e c:/program files (x86)/atmel/studio/7.0/toolchain/arm/arm-gnu-toolchain/bin/../lib/gcc/arm-none-eabi/6.3.1/../../../../arm-none-eabi/lib/thumb/v7e-m\libc.a(lib_a-mprec.o)
 .ARM.attributes
                0x000009a1       0x2e c:/program files (x86)/atmel/studio/7.0/toolchain/arm/arm-gnu-toolchain/bin/../lib/gcc/arm-none-eabi/6.3.1/../../../../arm-none-eabi/lib/thumb/v7e-m\libc.a(lib_a-reent.o)
 .ARM.attributes
                0x000009cf       0x2e c:/program files (x86)/atmel/studio/7.0/toolchain/arm/arm-gnu-toolchain/bin/../lib/gcc/arm-none-eabi/6.3.1/../../../../arm-none-eabi/lib/thumb/v7e-m\libc.a(lib_a-stdio.o)
 .ARM.attributes
                0x000009fd       0x2e c:/program files (x86)/atmel/studio/7.0/toolchain/arm/arm-gnu-toolchain/bin/../lib/gcc/arm-none-eabi/6.3.1/../../../../arm-none-eabi/lib/thumb/v7e-m\libc.a(lib_a-svfiprintf.o)
 .ARM.attributes
                0x00000a2b       0x2e c:/program files (x86)/atmel/studio/7.0/toolchain/arm/arm-gnu-toolchain/bin/../lib/gcc/arm-none-eabi/6.3.1/../../../../arm-none-eabi/lib/thumb/v7e-m\libc.a(lib_a-writer.o)
 .ARM.attributes
                0x00000a59       0x2e c:/program files (x86)/atmel/studio/7.0/toolchain/arm/arm-gnu-toolchain/bin/../lib/gcc/arm-none-eabi/6.3.1/../../../../arm-none-eabi/lib/thumb/v7e-m\libc.a(lib_a-__atexit.o)
 .ARM.attributes
                0x00000a87       0x2e c:/program files (x86)/atmel/studio/7.0/toolchain/arm/arm-gnu-toolchain/bin/../lib/gcc/arm-none-eabi/6.3.1/../../../../arm-none-eabi/lib/thumb/v7e-m\libc.a(lib_a-callocr.o)
 .ARM.attributes
                0x00000ab5       0x2e c:/program files (x86)/atmel/studio/7.0/toolchain/arm/arm-gnu-toolchain/bin/../lib/gcc/arm-none-eabi/6.3.1/../../../../arm-none-eabi/lib/thumb/v7e-m\libc.a(lib_a-closer.o)
 .ARM.attributes
                0x00000ae3       0x2e c:/program files (x86)/atmel/studio/7.0/toolchain/arm/arm-gnu-toolchain/bin/../lib/gcc/arm-none-eabi/6.3.1/../../../../arm-none-eabi/lib/thumb/v7e-m\libc.a(lib_a-fclose.o)
 .ARM.attributes
                0x00000b11       0x2e c:/program files (x86)/atmel/studio/7.0/toolchain/arm/arm-gnu-toolchain/bin/../lib/gcc/arm-none-eabi/6.3.1/../../../../arm-none-eabi/lib/thumb/v7e-m\libc.a(lib_a-fstatr.o)
 .ARM.attributes
                0x00000b3f       0x2e c:/program files (x86)/atmel/studio/7.0/toolchain/arm/arm-gnu-toolchain/bin/../lib/gcc/arm-none-eabi/6.3.1/../../../../arm-none-eabi/lib/thumb/v7e-m\libc.a(lib_a-locale.o)
 .ARM.attributes
                0x00000b6d       0x2e c:/program files (x86)/atmel/studio/7.0/toolchain/arm/arm-gnu-toolchain/bin/../lib/gcc/arm-none-eabi/6.3.1/../../../../arm-none-eabi/lib/thumb/v7e-m\libc.a(lib_a-lseekr.o)
 .ARM.attributes
                0x00000b9b       0x2e c:/program files (x86)/atmel/studio/7.0/toolchain/arm/arm-gnu-toolchain/bin/../lib/gcc/arm-none-eabi/6.3.1/../../../../arm-none-eabi/lib/thumb/v7e-m\libc.a(lib_a-mbtowc_r.o)
 .ARM.attributes
                0x00000bc9       0x2e c:/program files (x86)/atmel/studio/7.0/toolchain/arm/arm-gnu-toolchain/bin/../lib/gcc/arm-none-eabi/6.3.1/../../../../arm-none-eabi/lib/thumb/v7e-m\libc.a(lib_a-memmove.o)
 .ARM.attributes
                0x00000bf7       0x2e c:/program files (x86)/atmel/studio/7.0/toolchain/arm/arm-gnu-toolchain/bin/../lib/gcc/arm-none-eabi/6.3.1/../../../../arm-none-eabi/lib/thumb/v7e-m\libc.a(lib_a-readr.o)
 .ARM.attributes
                0x00000c25       0x2e c:/program files (x86)/atmel/studio/7.0/toolchain/arm/arm-gnu-toolchain/bin/../lib/gcc/arm-none-eabi/6.3.1/../../../../arm-none-eabi/lib/thumb/v7e-m\libc.a(lib_a-reallocr.o)
 .ARM.attributes
                0x00000c53       0x2e c:/program files (x86)/atmel/studio/7.0/toolchain/arm/arm-gnu-toolchain/bin/../lib/gcc/arm-none-eabi/6.3.1/../../../../arm-none-eabi/lib/thumb/v7e-m\libc.a(lib_a-wctomb_r.o)
 .ARM.attributes
                0x00000c81       0x2e c:/program files (x86)/atmel/studio/7.0/toolchain/arm/arm-gnu-toolchain/bin/../lib/gcc/arm-none-eabi/6.3.1/../../../../arm-none-eabi/lib/thumb/v7e-m\libc.a(lib_a-ctype_.o)
 .ARM.attributes
                0x00000caf       0x1e c:/program files (x86)/atmel/studio/7.0/toolchain/arm/arm-gnu-toolchain/bin/../lib/gcc/arm-none-eabi/6.3.1/thumb/v7e-m\libgcc.a(_arm_addsubdf3.o)
 .ARM.attributes
                0x00000ccd       0x1e c:/program files (x86)/atmel/studio/7.0/toolchain/arm/arm-gnu-toolchain/bin/../lib/gcc/arm-none-eabi/6.3.1/thumb/v7e-m\libgcc.a(_arm_muldivdf3.o)
 .ARM.attributes
                0x00000ceb       0x1e c:/program files (x86)/atmel/studio/7.0/toolchain/arm/arm-gnu-toolchain/bin/../lib/gcc/arm-none-eabi/6.3.1/thumb/v7e-m\libgcc.a(_arm_cmpdf2.o)
 .ARM.attributes
                0x00000d09       0x1e c:/program files (x86)/atmel/studio/7.0/toolchain/arm/arm-gnu-toolchain/bin/../lib/gcc/arm-none-eabi/6.3.1/thumb/v7e-m\libgcc.a(_arm_unorddf2.o)
 .ARM.attributes
                0x00000d27       0x1e c:/program files (x86)/atmel/studio/7.0/toolchain/arm/arm-gnu-toolchain/bin/../lib/gcc/arm-none-eabi/6.3.1/thumb/v7e-m\libgcc.a(_arm_fixdfsi.o)
 .ARM.attributes
                0x00000d45       0x1e c:/program files (x86)/atmel/studio/7.0/toolchain/arm/arm-gnu-toolchain/bin/../lib/gcc/arm-none-eabi/6.3.1/thumb/v7e-m\libgcc.a(_aeabi_uldivmod.o)
 .ARM.attributes
                0x00000d63       0x2e c:/program files (x86)/atmel/studio/7.0/toolchain/arm/arm-gnu-toolchain/bin/../lib/gcc/arm-none-eabi/6.3.1/thumb/v7e-m\libgcc.a(_udivmoddi4.o)
 .ARM.attributes
                0x00000d91       0x1e c:/program files (x86)/atmel/studio/7.0/toolchain/arm/arm-gnu-toolchain/bin/../lib/gcc/arm-none-eabi/6.3.1/thumb/v7e-m\libgcc.a(_dvmd_tls.o)
 .ARM.attributes
                0x00000daf       0x1e c:/program files (x86)/atmel/studio/7.0/toolchain/arm/arm-gnu-toolchain/bin/../lib/gcc/arm-none-eabi/6.3.1/thumb/v7e-m/crtn.o

.comment        0x00000000       0x59
 .comment       0x00000000       0x59 src/ASF/common/components/touch/mxt/mxt_device_1.o
                                 0x5a (size before relaxing)
 .comment       0x00000059       0x5a src/ASF/common/services/clock/same70/sysclk.o
 .comment       0x00000059       0x5a src/ASF/common/services/delay/sam/cycle_counter.o
 .comment       0x00000059       0x5a src/ASF/common/services/serial/usart_serial.o
 .comment       0x00000059       0x5a src/ASF/common/services/spi/sam_spi/spi_master.o
 .comment       0x00000059       0x5a src/ASF/common/utils/interrupt/interrupt_sam_nvic.o
 .comment       0x00000059       0x5a src/ASF/common/utils/stdio/read.o
 .comment       0x00000059       0x5a src/ASF/common/utils/stdio/write.o
 .comment       0x00000059       0x5a src/ASF/sam/boards/same70_xplained/init.o
 .comment       0x00000059       0x5a src/ASF/sam/components/display/ili9488/ili9488.o
 .comment       0x00000059       0x5a src/ASF/sam/drivers/pio/pio.o
 .comment       0x00000059       0x5a src/ASF/sam/drivers/pio/pio_handler.o
 .comment       0x00000059       0x5a src/ASF/sam/drivers/pmc/pmc.o
 .comment       0x00000059       0x5a src/ASF/sam/drivers/spi/spi.o
 .comment       0x00000059       0x5a src/ASF/sam/drivers/twihs/twihs.o
 .comment       0x00000059       0x5a src/ASF/sam/drivers/uart/uart.o
 .comment       0x00000059       0x5a src/ASF/sam/drivers/usart/usart.o
 .comment       0x00000059       0x5a src/ASF/sam/utils/cmsis/same70/source/templates/gcc/startup_same70.o
 .comment       0x00000059       0x5a src/ASF/sam/utils/cmsis/same70/source/templates/system_same70.o
 .comment       0x00000059       0x5a src/ASF/sam/utils/syscalls/gcc/syscalls.o
 .comment       0x00000059       0x5a src/main.o

.debug_info     0x00000000    0x1f4ea
 .debug_info    0x00000000     0x240d src/ASF/common/components/touch/mxt/mxt_device_1.o
 .debug_info    0x0000240d     0x12a4 src/ASF/common/services/clock/same70/sysclk.o
 .debug_info    0x000036b1      0xa45 src/ASF/common/services/delay/sam/cycle_counter.o
 .debug_info    0x000040f6     0x1174 src/ASF/common/services/serial/usart_serial.o